[1.030s] Invoking command in '/home/basmala/mir250_ws/src/MiR250/MIR_250/graph_based_navigation_system': AMENT_PREFIX_PATH=/home/basmala/mir250_ws/src/MiR250/MIR_250/install/mir_driver:/home/basmala/mir250_ws/src/MiR250/MIR_250/install/sensors_launcher_mir_250:/home/basmala/mir250_ws/src/MiR250/MIR_250/install/sdc21x0:/home/basmala/mir250_ws/src/MiR250/MIR_250/install/mir_restapi:/home/basmala/mir250_ws/src/MiR250/MIR_250/install/mir_navigation:/home/basmala/mir250_ws/src/MiR250/MIR_250/install/mir_manual_navigation:/home/basmala/mir250_ws/src/MiR250/MIR_250/install/graph_based_navigation_system:/home/basmala/mir250_ws/src/MiR250/MIR_250/install/mir_msgs:/home/basmala/mir250_ws/src/MiR250/MIR_250/install/mir_description:/home/basmala/mir250_ws/src/MiR250/MIR_250/install/mir_actions:/home/basmala/mir250_ws/install/sensors_launcher_mir_250:/home/basmala/mir250_ws/install/sdc21x0:/home/basmala/mir250_ws/install/mir_restapi:/home/basmala/mir250_ws/install/mir_navigation:/home/basmala/mir250_ws/install/mir_manual_navigation:/home/basmala/mir250_ws/install/graph_based_navigation_system:/home/basmala/mir250_ws/install/mir_driver:/home/basmala/mir250_ws/install/mir_msgs:/home/basmala/mir250_ws/install/mir_description:/home/basmala/mir250_ws/install/mir_actions:/opt/ros/humble CMAKE_PREFIX_PATH=/home/basmala/mir250_ws/src/MiR250/MIR_250/install/mir_msgs:/home/basmala/mir250_ws/src/MiR250/MIR_250/install/mir_description:/home/basmala/mir250_ws/src/MiR250/MIR_250/install/sensors_launcher_mir_250:/home/basmala/mir250_ws/src/MiR250/MIR_250/install/sdc21x0:/home/basmala/mir250_ws/src/MiR250/MIR_250/install/mir_navigation:/home/basmala/mir250_ws/src/MiR250/MIR_250/install/mir_actions:/home/basmala/mir250_ws/install/sensors_launcher_mir_250:/home/basmala/mir250_ws/install/sdc21x0:/home/basmala/mir250_ws/install/mir_navigation:/home/basmala/mir250_ws/install/mir_msgs:/home/basmala/mir250_ws/install/mir_description:/home/basmala/mir250_ws/install/mir_actions LD_LIBRARY_PATH=/home/basmala/mir250_ws/src/MiR250/MIR_250/install/mir_msgs/lib:/home/basmala/mir250_ws/src/MiR250/MIR_250/install/sensors_launcher_mir_250/lib:/home/basmala/mir250_ws/src/MiR250/MIR_250/install/sdc21x0/lib:/home/basmala/mir250_ws/src/MiR250/MIR_250/install/mir_actions/lib:/home/basmala/mir250_ws/install/sensors_launcher_mir_250/lib:/home/basmala/mir250_ws/install/sdc21x0/lib:/home/basmala/mir250_ws/install/mir_msgs/lib:/home/basmala/mir250_ws/install/mir_actions/lib:/opt/ros/humble/opt/rviz_ogre_vendor/lib:/opt/ros/humble/lib/x86_64-linux-gnu:/opt/ros/humble/lib PYTHONPATH=/home/basmala/mir250_ws/src/MiR250/MIR_250/build/graph_based_navigation_system/prefix_override:/usr/lib/python3/dist-packages/colcon_core/task/python/colcon_distutils_commands:/home/basmala/mir250_ws/src/MiR250/MIR_250/install/graph_based_navigation_system/lib/python3.10/site-packages:/home/basmala/mir250_ws/src/MiR250/MIR_250/install/mir_driver/lib/python3.10/site-packages:/home/basmala/mir250_ws/src/MiR250/MIR_250/install/sdc21x0/local/lib/python3.10/dist-packages:/home/basmala/mir250_ws/src/MiR250/MIR_250/install/mir_restapi/lib/python3.10/site-packages:/home/basmala/mir250_ws/src/MiR250/MIR_250/install/mir_manual_navigation/lib/python3.10/site-packages:/home/basmala/mir250_ws/src/MiR250/MIR_250/install/graph_based_navigation_system/lib/python3.10/site-packages:/home/basmala/mir250_ws/src/MiR250/MIR_250/install/mir_msgs/local/lib/python3.10/dist-packages:/home/basmala/mir250_ws/src/MiR250/MIR_250/install/mir_actions/local/lib/python3.10/dist-packages:/home/basmala/mir250_ws/install/sdc21x0/local/lib/python3.10/dist-packages:/home/basmala/mir250_ws/install/mir_restapi/lib/python3.10/site-packages:/home/basmala/mir250_ws/install/mir_manual_navigation/lib/python3.10/site-packages:/home/basmala/mir250_ws/install/graph_based_navigation_system/lib/python3.10/site-packages:/home/basmala/mir250_ws/install/mir_driver/lib/python3.10/site-packages:/home/basmala/mir250_ws/install/mir_msgs/local/lib/python3.10/dist-packages:/home/basmala/mir250_ws/install/mir_actions/local/lib/python3.10/dist-packages:/opt/ros/humble/lib/python3.10/site-packages:/opt/ros/humble/local/lib/python3.10/dist-packages /usr/bin/python3 -W ignore:setup.py install is deprecated -W ignore:easy_install command is deprecated setup.py egg_info --egg-base ../build/graph_based_navigation_system build --build-base /home/basmala/mir250_ws/src/MiR250/MIR_250/build/graph_based_navigation_system/build install --record /home/basmala/mir250_ws/src/MiR250/MIR_250/build/graph_based_navigation_system/install.log --install-scripts $base/lib/graph_based_navigation_system --single-version-externally-managed install_data
[1.319s] running egg_info
[1.320s] creating ../build/graph_based_navigation_system/graph_based_navigation_system.egg-info
[1.320s] writing ../build/graph_based_navigation_system/graph_based_navigation_system.egg-info/PKG-INFO
[1.320s] writing dependency_links to ../build/graph_based_navigation_system/graph_based_navigation_system.egg-info/dependency_links.txt
[1.321s] writing entry points to ../build/graph_based_navigation_system/graph_based_navigation_system.egg-info/entry_points.txt
[1.321s] writing requirements to ../build/graph_based_navigation_system/graph_based_navigation_system.egg-info/requires.txt
[1.321s] writing top-level names to ../build/graph_based_navigation_system/graph_based_navigation_system.egg-info/top_level.txt
[1.321s] writing manifest file '../build/graph_based_navigation_system/graph_based_navigation_system.egg-info/SOURCES.txt'
[1.323s] reading manifest file '../build/graph_based_navigation_system/graph_based_navigation_system.egg-info/SOURCES.txt'
[1.326s] writing manifest file '../build/graph_based_navigation_system/graph_based_navigation_system.egg-info/SOURCES.txt'
[1.326s] running build
[1.326s] running build_py
[1.326s] creating /home/basmala/mir250_ws/src/MiR250/MIR_250/build/graph_based_navigation_system/build
[1.326s] creating /home/basmala/mir250_ws/src/MiR250/MIR_250/build/graph_based_navigation_system/build/lib
[1.326s] creating /home/basmala/mir250_ws/src/MiR250/MIR_250/build/graph_based_navigation_system/build/lib/graph_based_navigation_system
[1.326s] copying graph_based_navigation_system/nav2_dynamic_reconfig.py -> /home/basmala/mir250_ws/src/MiR250/MIR_250/build/graph_based_navigation_system/build/lib/graph_based_navigation_system
[1.326s] copying graph_based_navigation_system/graph_editor.py -> /home/basmala/mir250_ws/src/MiR250/MIR_250/build/graph_based_navigation_system/build/lib/graph_based_navigation_system
[1.326s] copying graph_based_navigation_system/__init__.py -> /home/basmala/mir250_ws/src/MiR250/MIR_250/build/graph_based_navigation_system/build/lib/graph_based_navigation_system
[1.326s] copying graph_based_navigation_system/render_graph_on_map.py -> /home/basmala/mir250_ws/src/MiR250/MIR_250/build/graph_based_navigation_system/build/lib/graph_based_navigation_system
[1.327s] copying graph_based_navigation_system/navigation_helper.py -> /home/basmala/mir250_ws/src/MiR250/MIR_250/build/graph_based_navigation_system/build/lib/graph_based_navigation_system
[1.327s] copying graph_based_navigation_system/graph_nav_controller.py -> /home/basmala/mir250_ws/src/MiR250/MIR_250/build/graph_based_navigation_system/build/lib/graph_based_navigation_system
[1.327s] copying graph_based_navigation_system/navigation_defaults.py -> /home/basmala/mir250_ws/src/MiR250/MIR_250/build/graph_based_navigation_system/build/lib/graph_based_navigation_system
[1.327s] running install
[1.328s] running install_lib
[1.329s] creating /home/basmala/mir250_ws/src/MiR250/MIR_250/install/graph_based_navigation_system/lib/python3.10/site-packages/graph_based_navigation_system
[1.329s] copying /home/basmala/mir250_ws/src/MiR250/MIR_250/build/graph_based_navigation_system/build/lib/graph_based_navigation_system/nav2_dynamic_reconfig.py -> /home/basmala/mir250_ws/src/MiR250/MIR_250/install/graph_based_navigation_system/lib/python3.10/site-packages/graph_based_navigation_system
[1.330s] copying /home/basmala/mir250_ws/src/MiR250/MIR_250/build/graph_based_navigation_system/build/lib/graph_based_navigation_system/graph_editor.py -> /home/basmala/mir250_ws/src/MiR250/MIR_250/install/graph_based_navigation_system/lib/python3.10/site-packages/graph_based_navigation_system
[1.330s] copying /home/basmala/mir250_ws/src/MiR250/MIR_250/build/graph_based_navigation_system/build/lib/graph_based_navigation_system/__init__.py -> /home/basmala/mir250_ws/src/MiR250/MIR_250/install/graph_based_navigation_system/lib/python3.10/site-packages/graph_based_navigation_system
[1.330s] copying /home/basmala/mir250_ws/src/MiR250/MIR_250/build/graph_based_navigation_system/build/lib/graph_based_navigation_system/render_graph_on_map.py -> /home/basmala/mir250_ws/src/MiR250/MIR_250/install/graph_based_navigation_system/lib/python3.10/site-packages/graph_based_navigation_system
[1.330s] copying /home/basmala/mir250_ws/src/MiR250/MIR_250/build/graph_based_navigation_system/build/lib/graph_based_navigation_system/navigation_helper.py -> /home/basmala/mir250_ws/src/MiR250/MIR_250/install/graph_based_navigation_system/lib/python3.10/site-packages/graph_based_navigation_system
[1.330s] copying /home/basmala/mir250_ws/src/MiR250/MIR_250/build/graph_based_navigation_system/build/lib/graph_based_navigation_system/graph_nav_controller.py -> /home/basmala/mir250_ws/src/MiR250/MIR_250/install/graph_based_navigation_system/lib/python3.10/site-packages/graph_based_navigation_system
[1.330s] copying /home/basmala/mir250_ws/src/MiR250/MIR_250/build/graph_based_navigation_system/build/lib/graph_based_navigation_system/navigation_defaults.py -> /home/basmala/mir250_ws/src/MiR250/MIR_250/install/graph_based_navigation_system/lib/python3.10/site-packages/graph_based_navigation_system
[1.331s] byte-compiling /home/basmala/mir250_ws/src/MiR250/MIR_250/install/graph_based_navigation_system/lib/python3.10/site-packages/graph_based_navigation_system/nav2_dynamic_reconfig.py to nav2_dynamic_reconfig.cpython-310.pyc
[1.332s] byte-compiling /home/basmala/mir250_ws/src/MiR250/MIR_250/install/graph_based_navigation_system/lib/python3.10/site-packages/graph_based_navigation_system/graph_editor.py to graph_editor.cpython-310.pyc
[1.334s] byte-compiling /home/basmala/mir250_ws/src/MiR250/MIR_250/install/graph_based_navigation_system/lib/python3.10/site-packages/graph_based_navigation_system/__init__.py to __init__.cpython-310.pyc
[1.334s] byte-compiling /home/basmala/mir250_ws/src/MiR250/MIR_250/install/graph_based_navigation_system/lib/python3.10/site-packages/graph_based_navigation_system/render_graph_on_map.py to render_graph_on_map.cpython-310.pyc
[1.335s] byte-compiling /home/basmala/mir250_ws/src/MiR250/MIR_250/install/graph_based_navigation_system/lib/python3.10/site-packages/graph_based_navigation_system/navigation_helper.py to navigation_helper.cpython-310.pyc
[1.338s] byte-compiling /home/basmala/mir250_ws/src/MiR250/MIR_250/install/graph_based_navigation_system/lib/python3.10/site-packages/graph_based_navigation_system/graph_nav_controller.py to graph_nav_controller.cpython-310.pyc
[1.341s] byte-compiling /home/basmala/mir250_ws/src/MiR250/MIR_250/install/graph_based_navigation_system/lib/python3.10/site-packages/graph_based_navigation_system/navigation_defaults.py to navigation_defaults.cpython-310.pyc
[1.341s] running install_data
[1.342s] creating /home/basmala/mir250_ws/src/MiR250/MIR_250/install/graph_based_navigation_system/share/ament_index
[1.342s] creating /home/basmala/mir250_ws/src/MiR250/MIR_250/install/graph_based_navigation_system/share/ament_index/resource_index
[1.342s] creating /home/basmala/mir250_ws/src/MiR250/MIR_250/install/graph_based_navigation_system/share/ament_index/resource_index/packages
[1.343s] copying resource/graph_based_navigation_system -> /home/basmala/mir250_ws/src/MiR250/MIR_250/install/graph_based_navigation_system/share/ament_index/resource_index/packages
[1.343s] copying package.xml -> /home/basmala/mir250_ws/src/MiR250/MIR_250/install/graph_based_navigation_system/share/graph_based_navigation_system
[1.343s] creating /home/basmala/mir250_ws/src/MiR250/MIR_250/install/graph_based_navigation_system/share/graph_based_navigation_system/config
[1.343s] copying config/mir_nav_params.yaml -> /home/basmala/mir250_ws/src/MiR250/MIR_250/install/graph_based_navigation_system/share/graph_based_navigation_system/config
[1.343s] copying config/graph_based_nav.rviz -> /home/basmala/mir250_ws/src/MiR250/MIR_250/install/graph_based_navigation_system/share/graph_based_navigation_system/config
[1.344s] copying config/set_up_graph.yaml -> /home/basmala/mir250_ws/src/MiR250/MIR_250/install/graph_based_navigation_system/share/graph_based_navigation_system/config
[1.344s] copying config/test_TER_1_graph.yaml -> /home/basmala/mir250_ws/src/MiR250/MIR_250/install/graph_based_navigation_system/share/graph_based_navigation_system/config
[1.344s] creating /home/basmala/mir250_ws/src/MiR250/MIR_250/install/graph_based_navigation_system/share/graph_based_navigation_system/maps
[1.344s] copying maps/test_TER_1_with_nodes_edges.yaml -> /home/basmala/mir250_ws/src/MiR250/MIR_250/install/graph_based_navigation_system/share/graph_based_navigation_system/maps
[1.344s] copying maps/test_TER_1_with_nodes_edges.png -> /home/basmala/mir250_ws/src/MiR250/MIR_250/install/graph_based_navigation_system/share/graph_based_navigation_system/maps
[1.344s] creating /home/basmala/mir250_ws/src/MiR250/MIR_250/install/graph_based_navigation_system/share/graph_based_navigation_system/launch
[1.345s] copying launch/graph_nav_controller_launch.py -> /home/basmala/mir250_ws/src/MiR250/MIR_250/install/graph_based_navigation_system/share/graph_based_navigation_system/launch
[1.345s] copying launch/graph_navigation_launch.py -> /home/basmala/mir250_ws/src/MiR250/MIR_250/install/graph_based_navigation_system/share/graph_based_navigation_system/launch
[1.345s] running install_egg_info
[1.348s] Copying ../build/graph_based_navigation_system/graph_based_navigation_system.egg-info to /home/basmala/mir250_ws/src/MiR250/MIR_250/install/graph_based_navigation_system/lib/python3.10/site-packages/graph_based_navigation_system-0.0.0-py3.10.egg-info
[1.350s] running install_scripts
[1.383s] Installing graph_editor script to /home/basmala/mir250_ws/src/MiR250/MIR_250/install/graph_based_navigation_system/lib/graph_based_navigation_system
[1.383s] Installing graph_nav_controller script to /home/basmala/mir250_ws/src/MiR250/MIR_250/install/graph_based_navigation_system/lib/graph_based_navigation_system
[1.383s] Installing nav2_dynamic_reconfig script to /home/basmala/mir250_ws/src/MiR250/MIR_250/install/graph_based_navigation_system/lib/graph_based_navigation_system
[1.383s] Installing navigation_defaults script to /home/basmala/mir250_ws/src/MiR250/MIR_250/install/graph_based_navigation_system/lib/graph_based_navigation_system
[1.383s] Installing navigation_helper script to /home/basmala/mir250_ws/src/MiR250/MIR_250/install/graph_based_navigation_system/lib/graph_based_navigation_system
[1.384s] Installing render_graph_on_map script to /home/basmala/mir250_ws/src/MiR250/MIR_250/install/graph_based_navigation_system/lib/graph_based_navigation_system
[1.384s] writing list of installed files to '/home/basmala/mir250_ws/src/MiR250/MIR_250/build/graph_based_navigation_system/install.log'
[1.430s] Invoked command in '/home/basmala/mir250_ws/src/MiR250/MIR_250/graph_based_navigation_system' returned '0': AMENT_PREFIX_PATH=/home/basmala/mir250_ws/src/MiR250/MIR_250/install/mir_driver:/home/basmala/mir250_ws/src/MiR250/MIR_250/install/sensors_launcher_mir_250:/home/basmala/mir250_ws/src/MiR250/MIR_250/install/sdc21x0:/home/basmala/mir250_ws/src/MiR250/MIR_250/install/mir_restapi:/home/basmala/mir250_ws/src/MiR250/MIR_250/install/mir_navigation:/home/basmala/mir250_ws/src/MiR250/MIR_250/install/mir_manual_navigation:/home/basmala/mir250_ws/src/MiR250/MIR_250/install/graph_based_navigation_system:/home/basmala/mir250_ws/src/MiR250/MIR_250/install/mir_msgs:/home/basmala/mir250_ws/src/MiR250/MIR_250/install/mir_description:/home/basmala/mir250_ws/src/MiR250/MIR_250/install/mir_actions:/home/basmala/mir250_ws/install/sensors_launcher_mir_250:/home/basmala/mir250_ws/install/sdc21x0:/home/basmala/mir250_ws/install/mir_restapi:/home/basmala/mir250_ws/install/mir_navigation:/home/basmala/mir250_ws/install/mir_manual_navigation:/home/basmala/mir250_ws/install/graph_based_navigation_system:/home/basmala/mir250_ws/install/mir_driver:/home/basmala/mir250_ws/install/mir_msgs:/home/basmala/mir250_ws/install/mir_description:/home/basmala/mir250_ws/install/mir_actions:/opt/ros/humble CMAKE_PREFIX_PATH=/home/basmala/mir250_ws/src/MiR250/MIR_250/install/mir_msgs:/home/basmala/mir250_ws/src/MiR250/MIR_250/install/mir_description:/home/basmala/mir250_ws/src/MiR250/MIR_250/install/sensors_launcher_mir_250:/home/basmala/mir250_ws/src/MiR250/MIR_250/install/sdc21x0:/home/basmala/mir250_ws/src/MiR250/MIR_250/install/mir_navigation:/home/basmala/mir250_ws/src/MiR250/MIR_250/install/mir_actions:/home/basmala/mir250_ws/install/sensors_launcher_mir_250:/home/basmala/mir250_ws/install/sdc21x0:/home/basmala/mir250_ws/install/mir_navigation:/home/basmala/mir250_ws/install/mir_msgs:/home/basmala/mir250_ws/install/mir_description:/home/basmala/mir250_ws/install/mir_actions LD_LIBRARY_PATH=/home/basmala/mir250_ws/src/MiR250/MIR_250/install/mir_msgs/lib:/home/basmala/mir250_ws/src/MiR250/MIR_250/install/sensors_launcher_mir_250/lib:/home/basmala/mir250_ws/src/MiR250/MIR_250/install/sdc21x0/lib:/home/basmala/mir250_ws/src/MiR250/MIR_250/install/mir_actions/lib:/home/basmala/mir250_ws/install/sensors_launcher_mir_250/lib:/home/basmala/mir250_ws/install/sdc21x0/lib:/home/basmala/mir250_ws/install/mir_msgs/lib:/home/basmala/mir250_ws/install/mir_actions/lib:/opt/ros/humble/opt/rviz_ogre_vendor/lib:/opt/ros/humble/lib/x86_64-linux-gnu:/opt/ros/humble/lib PYTHONPATH=/home/basmala/mir250_ws/src/MiR250/MIR_250/build/graph_based_navigation_system/prefix_override:/usr/lib/python3/dist-packages/colcon_core/task/python/colcon_distutils_commands:/home/basmala/mir250_ws/src/MiR250/MIR_250/install/graph_based_navigation_system/lib/python3.10/site-packages:/home/basmala/mir250_ws/src/MiR250/MIR_250/install/mir_driver/lib/python3.10/site-packages:/home/basmala/mir250_ws/src/MiR250/MIR_250/install/sdc21x0/local/lib/python3.10/dist-packages:/home/basmala/mir250_ws/src/MiR250/MIR_250/install/mir_restapi/lib/python3.10/site-packages:/home/basmala/mir250_ws/src/MiR250/MIR_250/install/mir_manual_navigation/lib/python3.10/site-packages:/home/basmala/mir250_ws/src/MiR250/MIR_250/install/graph_based_navigation_system/lib/python3.10/site-packages:/home/basmala/mir250_ws/src/MiR250/MIR_250/install/mir_msgs/local/lib/python3.10/dist-packages:/home/basmala/mir250_ws/src/MiR250/MIR_250/install/mir_actions/local/lib/python3.10/dist-packages:/home/basmala/mir250_ws/install/sdc21x0/local/lib/python3.10/dist-packages:/home/basmala/mir250_ws/install/mir_restapi/lib/python3.10/site-packages:/home/basmala/mir250_ws/install/mir_manual_navigation/lib/python3.10/site-packages:/home/basmala/mir250_ws/install/graph_based_navigation_system/lib/python3.10/site-packages:/home/basmala/mir250_ws/install/mir_driver/lib/python3.10/site-packages:/home/basmala/mir250_ws/install/mir_msgs/local/lib/python3.10/dist-packages:/home/basmala/mir250_ws/install/mir_actions/local/lib/python3.10/dist-packages:/opt/ros/humble/lib/python3.10/site-packages:/opt/ros/humble/local/lib/python3.10/dist-packages /usr/bin/python3 -W ignore:setup.py install is deprecated -W ignore:easy_install command is deprecated setup.py egg_info --egg-base ../build/graph_based_navigation_system build --build-base /home/basmala/mir250_ws/src/MiR250/MIR_250/build/graph_based_navigation_system/build install --record /home/basmala/mir250_ws/src/MiR250/MIR_250/build/graph_based_navigation_system/install.log --install-scripts $base/lib/graph_based_navigation_system --single-version-externally-managed install_data
