[0.385s] Invoking command in '/home/basmala/mir250_ws/MIR_250/teleop_twist_keyboard': PYTHONPATH=/home/basmala/mir250_ws/MIR_250/build/teleop_twist_keyboard/prefix_override:/usr/lib/python3/dist-packages/colcon_core/task/python/colcon_distutils_commands:/home/basmala/mir250_ws/MIR_250/install/teleop_twist_keyboard/lib/python3.10/site-packages:${PYTHONPATH} /usr/bin/python3 -W ignore:setup.py install is deprecated -W ignore:easy_install command is deprecated setup.py egg_info --egg-base ../build/teleop_twist_keyboard build --build-base /home/basmala/mir250_ws/MIR_250/build/teleop_twist_keyboard/build install --record /home/basmala/mir250_ws/MIR_250/build/teleop_twist_keyboard/install.log --install-scripts $base/lib/teleop_twist_keyboard --single-version-externally-managed install_data
[0.554s] running egg_info
[0.554s] creating ../build/teleop_twist_keyboard/teleop_twist_keyboard.egg-info
[0.554s] writing ../build/teleop_twist_keyboard/teleop_twist_keyboard.egg-info/PKG-INFO
[0.554s] writing dependency_links to ../build/teleop_twist_keyboard/teleop_twist_keyboard.egg-info/dependency_links.txt
[0.554s] writing entry points to ../build/teleop_twist_keyboard/teleop_twist_keyboard.egg-info/entry_points.txt
[0.555s] writing requirements to ../build/teleop_twist_keyboard/teleop_twist_keyboard.egg-info/requires.txt
[0.555s] writing top-level names to ../build/teleop_twist_keyboard/teleop_twist_keyboard.egg-info/top_level.txt
[0.555s] writing manifest file '../build/teleop_twist_keyboard/teleop_twist_keyboard.egg-info/SOURCES.txt'
[0.556s] reading manifest file '../build/teleop_twist_keyboard/teleop_twist_keyboard.egg-info/SOURCES.txt'
[0.556s] writing manifest file '../build/teleop_twist_keyboard/teleop_twist_keyboard.egg-info/SOURCES.txt'
[0.556s] running build
[0.556s] running build_py
[0.556s] creating /home/basmala/mir250_ws/MIR_250/build/teleop_twist_keyboard/build
[0.556s] creating /home/basmala/mir250_ws/MIR_250/build/teleop_twist_keyboard/build/lib
[0.556s] creating /home/basmala/mir250_ws/MIR_250/build/teleop_twist_keyboard/build/lib/teleop_twist_keyboard
[0.556s] copying ./teleop_twist_keyboard/__init__.py -> /home/basmala/mir250_ws/MIR_250/build/teleop_twist_keyboard/build/lib/teleop_twist_keyboard
[0.557s] copying ./teleop_twist_keyboard/teleop_twist_keyboard.py -> /home/basmala/mir250_ws/MIR_250/build/teleop_twist_keyboard/build/lib/teleop_twist_keyboard
[0.557s] running install
[0.557s] running install_lib
[0.557s] creating /home/basmala/mir250_ws/MIR_250/install/teleop_twist_keyboard/lib/python3.10/site-packages/teleop_twist_keyboard
[0.557s] copying /home/basmala/mir250_ws/MIR_250/build/teleop_twist_keyboard/build/lib/teleop_twist_keyboard/__init__.py -> /home/basmala/mir250_ws/MIR_250/install/teleop_twist_keyboard/lib/python3.10/site-packages/teleop_twist_keyboard
[0.557s] copying /home/basmala/mir250_ws/MIR_250/build/teleop_twist_keyboard/build/lib/teleop_twist_keyboard/teleop_twist_keyboard.py -> /home/basmala/mir250_ws/MIR_250/install/teleop_twist_keyboard/lib/python3.10/site-packages/teleop_twist_keyboard
[0.558s] byte-compiling /home/basmala/mir250_ws/MIR_250/install/teleop_twist_keyboard/lib/python3.10/site-packages/teleop_twist_keyboard/__init__.py to __init__.cpython-310.pyc
[0.558s] byte-compiling /home/basmala/mir250_ws/MIR_250/install/teleop_twist_keyboard/lib/python3.10/site-packages/teleop_twist_keyboard/teleop_twist_keyboard.py to teleop_twist_keyboard.cpython-310.pyc
[0.558s] running install_data
[0.559s] creating /home/basmala/mir250_ws/MIR_250/install/teleop_twist_keyboard/share/ament_index
[0.559s] creating /home/basmala/mir250_ws/MIR_250/install/teleop_twist_keyboard/share/ament_index/resource_index
[0.559s] creating /home/basmala/mir250_ws/MIR_250/install/teleop_twist_keyboard/share/ament_index/resource_index/packages
[0.559s] copying resource/teleop_twist_keyboard -> /home/basmala/mir250_ws/MIR_250/install/teleop_twist_keyboard/share/ament_index/resource_index/packages
[0.559s] copying package.xml -> /home/basmala/mir250_ws/MIR_250/install/teleop_twist_keyboard/share/teleop_twist_keyboard
[0.559s] running install_egg_info
[0.560s] Copying ../build/teleop_twist_keyboard/teleop_twist_keyboard.egg-info to /home/basmala/mir250_ws/MIR_250/install/teleop_twist_keyboard/lib/python3.10/site-packages/teleop_twist_keyboard-0.0.1-py3.10.egg-info
[0.560s] running install_scripts
[0.575s] Installing teleop_twist_keyboard script to /home/basmala/mir250_ws/MIR_250/install/teleop_twist_keyboard/lib/teleop_twist_keyboard
[0.575s] writing list of installed files to '/home/basmala/mir250_ws/MIR_250/build/teleop_twist_keyboard/install.log'
[0.591s] Invoked command in '/home/basmala/mir250_ws/MIR_250/teleop_twist_keyboard' returned '0': PYTHONPATH=/home/basmala/mir250_ws/MIR_250/build/teleop_twist_keyboard/prefix_override:/usr/lib/python3/dist-packages/colcon_core/task/python/colcon_distutils_commands:/home/basmala/mir250_ws/MIR_250/install/teleop_twist_keyboard/lib/python3.10/site-packages:${PYTHONPATH} /usr/bin/python3 -W ignore:setup.py install is deprecated -W ignore:easy_install command is deprecated setup.py egg_info --egg-base ../build/teleop_twist_keyboard build --build-base /home/basmala/mir250_ws/MIR_250/build/teleop_twist_keyboard/build install --record /home/basmala/mir250_ws/MIR_250/build/teleop_twist_keyboard/install.log --install-scripts $base/lib/teleop_twist_keyboard --single-version-externally-managed install_data
