[0.126s] DEBUG:colcon:Command line arguments: ['/usr/bin/colcon', 'build', '--packages-select', 'teleop_twist_keyboard', '--allow-overriding', 'teleop_twist_keyboard']
[0.126s] DEBUG:colcon:Parsed command line arguments: Namespace(log_base=None, log_level=None, verb_name='build', build_base='build', install_base='install', merge_install=False, symlink_install=False, test_result_base=None, continue_on_error=False, executor='parallel', parallel_workers=20, event_handlers=None, ignore_user_meta=False, metas=['./colcon.meta'], base_paths=['.'], packages_ignore=None, packages_ignore_regex=None, paths=None, packages_up_to=None, packages_up_to_regex=None, packages_above=None, packages_above_and_dependencies=None, packages_above_depth=None, packages_select_by_dep=None, packages_skip_by_dep=None, packages_skip_up_to=None, packages_select_build_failed=False, packages_skip_build_finished=False, packages_select_test_failures=False, packages_skip_test_passed=False, packages_select=['teleop_twist_keyboard'], packages_skip=None, packages_select_regex=None, packages_skip_regex=None, packages_start=None, packages_end=None, allow_overriding=['teleop_twist_keyboard'], cmake_args=None, cmake_target=None, cmake_target_skip_unavailable=False, cmake_clean_cache=False, cmake_clean_first=False, cmake_force_configure=False, ament_cmake_args=None, catkin_cmake_args=None, catkin_skip_building_tests=False, mixin_files=None, mixin=None, verb_parser=<colcon_mixin.mixin.mixin_argument.MixinArgumentDecorator object at 0x7e903e44fc40>, verb_extension=<colcon_core.verb.build.BuildVerb object at 0x7e903e5f5240>, main=<bound method BuildVerb.main of <colcon_core.verb.build.BuildVerb object at 0x7e903e5f5240>>, mixin_verb=('build',))
[0.300s] Level 1:colcon.colcon_core.package_discovery:discover_packages(colcon_meta) check parameters
[0.300s] Level 1:colcon.colcon_core.package_discovery:discover_packages(recursive) check parameters
[0.300s] Level 1:colcon.colcon_core.package_discovery:discover_packages(ignore) check parameters
[0.300s] Level 1:colcon.colcon_core.package_discovery:discover_packages(path) check parameters
[0.300s] Level 1:colcon.colcon_core.package_discovery:discover_packages(colcon_meta) discover
[0.300s] Level 1:colcon.colcon_core.package_discovery:discover_packages(recursive) discover
[0.300s] INFO:colcon.colcon_core.package_discovery:Crawling recursively for packages in '/home/basmala/mir250_ws'
[0.300s] Level 1:colcon.colcon_core.package_identification:_identify(.) by extensions ['ignore', 'ignore_ament_install']
[0.300s] Level 1:colcon.colcon_core.package_identification:_identify(.) by extension 'ignore'
[0.300s] Level 1:colcon.colcon_core.package_identification:_identify(.) by extension 'ignore_ament_install'
[0.300s] Level 1:colcon.colcon_core.package_identification:_identify(.) by extensions ['colcon_pkg']
[0.300s] Level 1:colcon.colcon_core.package_identification:_identify(.) by extension 'colcon_pkg'
[0.300s] Level 1:colcon.colcon_core.package_identification:_identify(.) by extensions ['colcon_meta']
[0.300s] Level 1:colcon.colcon_core.package_identification:_identify(.) by extension 'colcon_meta'
[0.300s] Level 1:colcon.colcon_core.package_identification:_identify(.) by extensions ['ros']
[0.300s] Level 1:colcon.colcon_core.package_identification:_identify(.) by extension 'ros'
[0.312s] Level 1:colcon.colcon_core.package_identification:_identify(.) by extensions ['cmake', 'python']
[0.312s] Level 1:colcon.colcon_core.package_identification:_identify(.) by extension 'cmake'
[0.312s] Level 1:colcon.colcon_core.package_identification:_identify(.) by extension 'python'
[0.312s] Level 1:colcon.colcon_core.package_identification:_identify(.) by extensions ['python_setup_py']
[0.312s] Level 1:colcon.colcon_core.package_identification:_identify(.) by extension 'python_setup_py'
[0.312s] Level 1:colcon.colcon_core.package_identification:_identify(build) by extensions ['ignore', 'ignore_ament_install']
[0.312s] Level 1:colcon.colcon_core.package_identification:_identify(build) by extension 'ignore'
[0.312s] Level 1:colcon.colcon_core.package_identification:_identify(build) ignored
[0.313s] Level 1:colcon.colcon_core.package_identification:_identify(install) by extensions ['ignore', 'ignore_ament_install']
[0.313s] Level 1:colcon.colcon_core.package_identification:_identify(install) by extension 'ignore'
[0.313s] Level 1:colcon.colcon_core.package_identification:_identify(install) ignored
[0.313s] Level 1:colcon.colcon_core.package_identification:_identify(log) by extensions ['ignore', 'ignore_ament_install']
[0.313s] Level 1:colcon.colcon_core.package_identification:_identify(log) by extension 'ignore'
[0.313s] Level 1:colcon.colcon_core.package_identification:_identify(log) ignored
[0.313s] Level 1:colcon.colcon_core.package_identification:_identify(src) by extensions ['ignore', 'ignore_ament_install']
[0.313s] Level 1:colcon.colcon_core.package_identification:_identify(src) by extension 'ignore'
[0.314s] Level 1:colcon.colcon_core.package_identification:_identify(src) by extension 'ignore_ament_install'
[0.314s] Level 1:colcon.colcon_core.package_identification:_identify(src) by extensions ['colcon_pkg']
[0.314s] Level 1:colcon.colcon_core.package_identification:_identify(src) by extension 'colcon_pkg'
[0.314s] Level 1:colcon.colcon_core.package_identification:_identify(src) by extensions ['colcon_meta']
[0.314s] Level 1:colcon.colcon_core.package_identification:_identify(src) by extension 'colcon_meta'
[0.314s] Level 1:colcon.colcon_core.package_identification:_identify(src) by extensions ['ros']
[0.314s] Level 1:colcon.colcon_core.package_identification:_identify(src) by extension 'ros'
[0.314s] Level 1:colcon.colcon_core.package_identification:_identify(src) by extensions ['cmake', 'python']
[0.314s] Level 1:colcon.colcon_core.package_identification:_identify(src) by extension 'cmake'
[0.314s] Level 1:colcon.colcon_core.package_identification:_identify(src) by extension 'python'
[0.314s] Level 1:colcon.colcon_core.package_identification:_identify(src) by extensions ['python_setup_py']
[0.314s] Level 1:colcon.colcon_core.package_identification:_identify(src) by extension 'python_setup_py'
[0.314s] Level 1:colcon.colcon_core.package_identification:_identify(src/MIR250 Specifications) by extensions ['ignore', 'ignore_ament_install']
[0.314s] Level 1:colcon.colcon_core.package_identification:_identify(src/MIR250 Specifications) by extension 'ignore'
[0.314s] Level 1:colcon.colcon_core.package_identification:_identify(src/MIR250 Specifications) by extension 'ignore_ament_install'
[0.314s] Level 1:colcon.colcon_core.package_identification:_identify(src/MIR250 Specifications) by extensions ['colcon_pkg']
[0.315s] Level 1:colcon.colcon_core.package_identification:_identify(src/MIR250 Specifications) by extension 'colcon_pkg'
[0.315s] Level 1:colcon.colcon_core.package_identification:_identify(src/MIR250 Specifications) by extensions ['colcon_meta']
[0.315s] Level 1:colcon.colcon_core.package_identification:_identify(src/MIR250 Specifications) by extension 'colcon_meta'
[0.315s] Level 1:colcon.colcon_core.package_identification:_identify(src/MIR250 Specifications) by extensions ['ros']
[0.315s] Level 1:colcon.colcon_core.package_identification:_identify(src/MIR250 Specifications) by extension 'ros'
[0.315s] Level 1:colcon.colcon_core.package_identification:_identify(src/MIR250 Specifications) by extensions ['cmake', 'python']
[0.315s] Level 1:colcon.colcon_core.package_identification:_identify(src/MIR250 Specifications) by extension 'cmake'
[0.315s] Level 1:colcon.colcon_core.package_identification:_identify(src/MIR250 Specifications) by extension 'python'
[0.315s] Level 1:colcon.colcon_core.package_identification:_identify(src/MIR250 Specifications) by extensions ['python_setup_py']
[0.315s] Level 1:colcon.colcon_core.package_identification:_identify(src/MIR250 Specifications) by extension 'python_setup_py'
[0.315s] Level 1:colcon.colcon_core.package_identification:_identify(src/MIR_250) by extensions ['ignore', 'ignore_ament_install']
[0.315s] Level 1:colcon.colcon_core.package_identification:_identify(src/MIR_250) by extension 'ignore'
[0.315s] Level 1:colcon.colcon_core.package_identification:_identify(src/MIR_250) by extension 'ignore_ament_install'
[0.315s] Level 1:colcon.colcon_core.package_identification:_identify(src/MIR_250) by extensions ['colcon_pkg']
[0.315s] Level 1:colcon.colcon_core.package_identification:_identify(src/MIR_250) by extension 'colcon_pkg'
[0.316s] Level 1:colcon.colcon_core.package_identification:_identify(src/MIR_250) by extensions ['colcon_meta']
[0.316s] Level 1:colcon.colcon_core.package_identification:_identify(src/MIR_250) by extension 'colcon_meta'
[0.316s] Level 1:colcon.colcon_core.package_identification:_identify(src/MIR_250) by extensions ['ros']
[0.316s] Level 1:colcon.colcon_core.package_identification:_identify(src/MIR_250) by extension 'ros'
[0.316s] Level 1:colcon.colcon_core.package_identification:_identify(src/MIR_250) by extensions ['cmake', 'python']
[0.316s] Level 1:colcon.colcon_core.package_identification:_identify(src/MIR_250) by extension 'cmake'
[0.316s] Level 1:colcon.colcon_core.package_identification:_identify(src/MIR_250) by extension 'python'
[0.316s] Level 1:colcon.colcon_core.package_identification:_identify(src/MIR_250) by extensions ['python_setup_py']
[0.316s] Level 1:colcon.colcon_core.package_identification:_identify(src/MIR_250) by extension 'python_setup_py'
[0.316s] Level 1:colcon.colcon_core.package_identification:_identify(src/MIR_250/build) by extensions ['ignore', 'ignore_ament_install']
[0.316s] Level 1:colcon.colcon_core.package_identification:_identify(src/MIR_250/build) by extension 'ignore'
[0.316s] Level 1:colcon.colcon_core.package_identification:_identify(src/MIR_250/build) ignored
[0.317s] Level 1:colcon.colcon_core.package_identification:_identify(src/MIR_250/graph_based_navigation_system) by extensions ['ignore', 'ignore_ament_install']
[0.317s] Level 1:colcon.colcon_core.package_identification:_identify(src/MIR_250/graph_based_navigation_system) by extension 'ignore'
[0.317s] Level 1:colcon.colcon_core.package_identification:_identify(src/MIR_250/graph_based_navigation_system) by extension 'ignore_ament_install'
[0.317s] Level 1:colcon.colcon_core.package_identification:_identify(src/MIR_250/graph_based_navigation_system) by extensions ['colcon_pkg']
[0.317s] Level 1:colcon.colcon_core.package_identification:_identify(src/MIR_250/graph_based_navigation_system) by extension 'colcon_pkg'
[0.317s] Level 1:colcon.colcon_core.package_identification:_identify(src/MIR_250/graph_based_navigation_system) by extensions ['colcon_meta']
[0.317s] Level 1:colcon.colcon_core.package_identification:_identify(src/MIR_250/graph_based_navigation_system) by extension 'colcon_meta'
[0.317s] Level 1:colcon.colcon_core.package_identification:_identify(src/MIR_250/graph_based_navigation_system) by extensions ['ros']
[0.317s] Level 1:colcon.colcon_core.package_identification:_identify(src/MIR_250/graph_based_navigation_system) by extension 'ros'
[0.321s] DEBUG:colcon.colcon_core.package_identification:Package 'src/MIR_250/graph_based_navigation_system' with type 'ros.ament_python' and name 'graph_based_navigation_system'
[0.321s] Level 1:colcon.colcon_core.package_identification:_identify(src/MIR_250/install) by extensions ['ignore', 'ignore_ament_install']
[0.321s] Level 1:colcon.colcon_core.package_identification:_identify(src/MIR_250/install) by extension 'ignore'
[0.321s] Level 1:colcon.colcon_core.package_identification:_identify(src/MIR_250/install) ignored
[0.321s] Level 1:colcon.colcon_core.package_identification:_identify(src/MIR_250/log) by extensions ['ignore', 'ignore_ament_install']
[0.321s] Level 1:colcon.colcon_core.package_identification:_identify(src/MIR_250/log) by extension 'ignore'
[0.321s] Level 1:colcon.colcon_core.package_identification:_identify(src/MIR_250/log) ignored
[0.321s] Level 1:colcon.colcon_core.package_identification:_identify(src/MIR_250/mir_actions) by extensions ['ignore', 'ignore_ament_install']
[0.321s] Level 1:colcon.colcon_core.package_identification:_identify(src/MIR_250/mir_actions) by extension 'ignore'
[0.322s] Level 1:colcon.colcon_core.package_identification:_identify(src/MIR_250/mir_actions) by extension 'ignore_ament_install'
[0.322s] Level 1:colcon.colcon_core.package_identification:_identify(src/MIR_250/mir_actions) by extensions ['colcon_pkg']
[0.322s] Level 1:colcon.colcon_core.package_identification:_identify(src/MIR_250/mir_actions) by extension 'colcon_pkg'
[0.322s] Level 1:colcon.colcon_core.package_identification:_identify(src/MIR_250/mir_actions) by extensions ['colcon_meta']
[0.322s] Level 1:colcon.colcon_core.package_identification:_identify(src/MIR_250/mir_actions) by extension 'colcon_meta'
[0.322s] Level 1:colcon.colcon_core.package_identification:_identify(src/MIR_250/mir_actions) by extensions ['ros']
[0.322s] Level 1:colcon.colcon_core.package_identification:_identify(src/MIR_250/mir_actions) by extension 'ros'
[0.323s] DEBUG:colcon.colcon_core.package_identification:Package 'src/MIR_250/mir_actions' with type 'ros.ament_cmake' and name 'mir_actions'
[0.323s] Level 1:colcon.colcon_core.package_identification:_identify(src/MIR_250/mir_description) by extensions ['ignore', 'ignore_ament_install']
[0.323s] Level 1:colcon.colcon_core.package_identification:_identify(src/MIR_250/mir_description) by extension 'ignore'
[0.323s] Level 1:colcon.colcon_core.package_identification:_identify(src/MIR_250/mir_description) by extension 'ignore_ament_install'
[0.323s] Level 1:colcon.colcon_core.package_identification:_identify(src/MIR_250/mir_description) by extensions ['colcon_pkg']
[0.323s] Level 1:colcon.colcon_core.package_identification:_identify(src/MIR_250/mir_description) by extension 'colcon_pkg'
[0.323s] Level 1:colcon.colcon_core.package_identification:_identify(src/MIR_250/mir_description) by extensions ['colcon_meta']
[0.323s] Level 1:colcon.colcon_core.package_identification:_identify(src/MIR_250/mir_description) by extension 'colcon_meta'
[0.323s] Level 1:colcon.colcon_core.package_identification:_identify(src/MIR_250/mir_description) by extensions ['ros']
[0.323s] Level 1:colcon.colcon_core.package_identification:_identify(src/MIR_250/mir_description) by extension 'ros'
[0.324s] DEBUG:colcon.colcon_core.package_identification:Package 'src/MIR_250/mir_description' with type 'ros.ament_cmake' and name 'mir_description'
[0.324s] Level 1:colcon.colcon_core.package_identification:_identify(src/MIR_250/mir_driver) by extensions ['ignore', 'ignore_ament_install']
[0.324s] Level 1:colcon.colcon_core.package_identification:_identify(src/MIR_250/mir_driver) by extension 'ignore'
[0.325s] Level 1:colcon.colcon_core.package_identification:_identify(src/MIR_250/mir_driver) by extension 'ignore_ament_install'
[0.325s] Level 1:colcon.colcon_core.package_identification:_identify(src/MIR_250/mir_driver) by extensions ['colcon_pkg']
[0.325s] Level 1:colcon.colcon_core.package_identification:_identify(src/MIR_250/mir_driver) by extension 'colcon_pkg'
[0.325s] Level 1:colcon.colcon_core.package_identification:_identify(src/MIR_250/mir_driver) by extensions ['colcon_meta']
[0.325s] Level 1:colcon.colcon_core.package_identification:_identify(src/MIR_250/mir_driver) by extension 'colcon_meta'
[0.325s] Level 1:colcon.colcon_core.package_identification:_identify(src/MIR_250/mir_driver) by extensions ['ros']
[0.325s] Level 1:colcon.colcon_core.package_identification:_identify(src/MIR_250/mir_driver) by extension 'ros'
[0.327s] DEBUG:colcon.colcon_core.package_identification:Package 'src/MIR_250/mir_driver' with type 'ros.ament_python' and name 'mir_driver'
[0.327s] Level 1:colcon.colcon_core.package_identification:_identify(src/MIR_250/mir_manual_navigation) by extensions ['ignore', 'ignore_ament_install']
[0.327s] Level 1:colcon.colcon_core.package_identification:_identify(src/MIR_250/mir_manual_navigation) by extension 'ignore'
[0.327s] Level 1:colcon.colcon_core.package_identification:_identify(src/MIR_250/mir_manual_navigation) by extension 'ignore_ament_install'
[0.327s] Level 1:colcon.colcon_core.package_identification:_identify(src/MIR_250/mir_manual_navigation) by extensions ['colcon_pkg']
[0.327s] Level 1:colcon.colcon_core.package_identification:_identify(src/MIR_250/mir_manual_navigation) by extension 'colcon_pkg'
[0.327s] Level 1:colcon.colcon_core.package_identification:_identify(src/MIR_250/mir_manual_navigation) by extensions ['colcon_meta']
[0.327s] Level 1:colcon.colcon_core.package_identification:_identify(src/MIR_250/mir_manual_navigation) by extension 'colcon_meta'
[0.327s] Level 1:colcon.colcon_core.package_identification:_identify(src/MIR_250/mir_manual_navigation) by extensions ['ros']
[0.327s] Level 1:colcon.colcon_core.package_identification:_identify(src/MIR_250/mir_manual_navigation) by extension 'ros'
[0.328s] DEBUG:colcon.colcon_core.package_identification:Package 'src/MIR_250/mir_manual_navigation' with type 'ros.ament_python' and name 'mir_manual_navigation'
[0.328s] Level 1:colcon.colcon_core.package_identification:_identify(src/MIR_250/mir_msgs) by extensions ['ignore', 'ignore_ament_install']
[0.328s] Level 1:colcon.colcon_core.package_identification:_identify(src/MIR_250/mir_msgs) by extension 'ignore'
[0.329s] Level 1:colcon.colcon_core.package_identification:_identify(src/MIR_250/mir_msgs) by extension 'ignore_ament_install'
[0.329s] Level 1:colcon.colcon_core.package_identification:_identify(src/MIR_250/mir_msgs) by extensions ['colcon_pkg']
[0.329s] Level 1:colcon.colcon_core.package_identification:_identify(src/MIR_250/mir_msgs) by extension 'colcon_pkg'
[0.329s] Level 1:colcon.colcon_core.package_identification:_identify(src/MIR_250/mir_msgs) by extensions ['colcon_meta']
[0.329s] Level 1:colcon.colcon_core.package_identification:_identify(src/MIR_250/mir_msgs) by extension 'colcon_meta'
[0.329s] Level 1:colcon.colcon_core.package_identification:_identify(src/MIR_250/mir_msgs) by extensions ['ros']
[0.329s] Level 1:colcon.colcon_core.package_identification:_identify(src/MIR_250/mir_msgs) by extension 'ros'
[0.330s] DEBUG:colcon.colcon_core.package_identification:Package 'src/MIR_250/mir_msgs' with type 'ros.ament_cmake' and name 'mir_msgs'
[0.330s] Level 1:colcon.colcon_core.package_identification:_identify(src/MIR_250/mir_navigation) by extensions ['ignore', 'ignore_ament_install']
[0.330s] Level 1:colcon.colcon_core.package_identification:_identify(src/MIR_250/mir_navigation) by extension 'ignore'
[0.330s] Level 1:colcon.colcon_core.package_identification:_identify(src/MIR_250/mir_navigation) by extension 'ignore_ament_install'
[0.330s] Level 1:colcon.colcon_core.package_identification:_identify(src/MIR_250/mir_navigation) by extensions ['colcon_pkg']
[0.330s] Level 1:colcon.colcon_core.package_identification:_identify(src/MIR_250/mir_navigation) by extension 'colcon_pkg'
[0.330s] Level 1:colcon.colcon_core.package_identification:_identify(src/MIR_250/mir_navigation) by extensions ['colcon_meta']
[0.330s] Level 1:colcon.colcon_core.package_identification:_identify(src/MIR_250/mir_navigation) by extension 'colcon_meta'
[0.330s] Level 1:colcon.colcon_core.package_identification:_identify(src/MIR_250/mir_navigation) by extensions ['ros']
[0.330s] Level 1:colcon.colcon_core.package_identification:_identify(src/MIR_250/mir_navigation) by extension 'ros'
[0.331s] DEBUG:colcon.colcon_core.package_identification:Package 'src/MIR_250/mir_navigation' with type 'ros.ament_cmake' and name 'mir_navigation'
[0.331s] Level 1:colcon.colcon_core.package_identification:_identify(src/MIR_250/mir_restapi) by extensions ['ignore', 'ignore_ament_install']
[0.331s] Level 1:colcon.colcon_core.package_identification:_identify(src/MIR_250/mir_restapi) by extension 'ignore'
[0.331s] Level 1:colcon.colcon_core.package_identification:_identify(src/MIR_250/mir_restapi) by extension 'ignore_ament_install'
[0.331s] Level 1:colcon.colcon_core.package_identification:_identify(src/MIR_250/mir_restapi) by extensions ['colcon_pkg']
[0.331s] Level 1:colcon.colcon_core.package_identification:_identify(src/MIR_250/mir_restapi) by extension 'colcon_pkg'
[0.331s] Level 1:colcon.colcon_core.package_identification:_identify(src/MIR_250/mir_restapi) by extensions ['colcon_meta']
[0.331s] Level 1:colcon.colcon_core.package_identification:_identify(src/MIR_250/mir_restapi) by extension 'colcon_meta'
[0.331s] Level 1:colcon.colcon_core.package_identification:_identify(src/MIR_250/mir_restapi) by extensions ['ros']
[0.332s] Level 1:colcon.colcon_core.package_identification:_identify(src/MIR_250/mir_restapi) by extension 'ros'
[0.332s] DEBUG:colcon.colcon_core.package_identification:Package 'src/MIR_250/mir_restapi' with type 'ros.ament_python' and name 'mir_restapi'
[0.333s] Level 1:colcon.colcon_core.package_identification:_identify(src/MIR_250/sdc21x0) by extensions ['ignore', 'ignore_ament_install']
[0.333s] Level 1:colcon.colcon_core.package_identification:_identify(src/MIR_250/sdc21x0) by extension 'ignore'
[0.333s] Level 1:colcon.colcon_core.package_identification:_identify(src/MIR_250/sdc21x0) by extension 'ignore_ament_install'
[0.333s] Level 1:colcon.colcon_core.package_identification:_identify(src/MIR_250/sdc21x0) by extensions ['colcon_pkg']
[0.333s] Level 1:colcon.colcon_core.package_identification:_identify(src/MIR_250/sdc21x0) by extension 'colcon_pkg'
[0.333s] Level 1:colcon.colcon_core.package_identification:_identify(src/MIR_250/sdc21x0) by extensions ['colcon_meta']
[0.333s] Level 1:colcon.colcon_core.package_identification:_identify(src/MIR_250/sdc21x0) by extension 'colcon_meta'
[0.333s] Level 1:colcon.colcon_core.package_identification:_identify(src/MIR_250/sdc21x0) by extensions ['ros']
[0.333s] Level 1:colcon.colcon_core.package_identification:_identify(src/MIR_250/sdc21x0) by extension 'ros'
[0.334s] DEBUG:colcon.colcon_core.package_identification:Package 'src/MIR_250/sdc21x0' with type 'ros.ament_cmake' and name 'sdc21x0'
[0.334s] Level 1:colcon.colcon_core.package_identification:_identify(src/MIR_250/sensors_launcher_mir_250) by extensions ['ignore', 'ignore_ament_install']
[0.334s] Level 1:colcon.colcon_core.package_identification:_identify(src/MIR_250/sensors_launcher_mir_250) by extension 'ignore'
[0.334s] Level 1:colcon.colcon_core.package_identification:_identify(src/MIR_250/sensors_launcher_mir_250) by extension 'ignore_ament_install'
[0.334s] Level 1:colcon.colcon_core.package_identification:_identify(src/MIR_250/sensors_launcher_mir_250) by extensions ['colcon_pkg']
[0.334s] Level 1:colcon.colcon_core.package_identification:_identify(src/MIR_250/sensors_launcher_mir_250) by extension 'colcon_pkg'
[0.334s] Level 1:colcon.colcon_core.package_identification:_identify(src/MIR_250/sensors_launcher_mir_250) by extensions ['colcon_meta']
[0.334s] Level 1:colcon.colcon_core.package_identification:_identify(src/MIR_250/sensors_launcher_mir_250) by extension 'colcon_meta'
[0.334s] Level 1:colcon.colcon_core.package_identification:_identify(src/MIR_250/sensors_launcher_mir_250) by extensions ['ros']
[0.334s] Level 1:colcon.colcon_core.package_identification:_identify(src/MIR_250/sensors_launcher_mir_250) by extension 'ros'
[0.336s] DEBUG:colcon.colcon_core.package_identification:Package 'src/MIR_250/sensors_launcher_mir_250' with type 'ros.ament_cmake' and name 'sensors_launcher_mir_250'
[0.336s] Level 1:colcon.colcon_core.package_identification:_identify(src/assests) by extensions ['ignore', 'ignore_ament_install']
[0.336s] Level 1:colcon.colcon_core.package_identification:_identify(src/assests) by extension 'ignore'
[0.336s] Level 1:colcon.colcon_core.package_identification:_identify(src/assests) by extension 'ignore_ament_install'
[0.336s] Level 1:colcon.colcon_core.package_identification:_identify(src/assests) by extensions ['colcon_pkg']
[0.336s] Level 1:colcon.colcon_core.package_identification:_identify(src/assests) by extension 'colcon_pkg'
[0.336s] Level 1:colcon.colcon_core.package_identification:_identify(src/assests) by extensions ['colcon_meta']
[0.336s] Level 1:colcon.colcon_core.package_identification:_identify(src/assests) by extension 'colcon_meta'
[0.336s] Level 1:colcon.colcon_core.package_identification:_identify(src/assests) by extensions ['ros']
[0.336s] Level 1:colcon.colcon_core.package_identification:_identify(src/assests) by extension 'ros'
[0.336s] Level 1:colcon.colcon_core.package_identification:_identify(src/assests) by extensions ['cmake', 'python']
[0.336s] Level 1:colcon.colcon_core.package_identification:_identify(src/assests) by extension 'cmake'
[0.336s] Level 1:colcon.colcon_core.package_identification:_identify(src/assests) by extension 'python'
[0.336s] Level 1:colcon.colcon_core.package_identification:_identify(src/assests) by extensions ['python_setup_py']
[0.336s] Level 1:colcon.colcon_core.package_identification:_identify(src/assests) by extension 'python_setup_py'
[0.336s] Level 1:colcon.colcon_core.package_identification:_identify(src/assests/media) by extensions ['ignore', 'ignore_ament_install']
[0.336s] Level 1:colcon.colcon_core.package_identification:_identify(src/assests/media) by extension 'ignore'
[0.336s] Level 1:colcon.colcon_core.package_identification:_identify(src/assests/media) by extension 'ignore_ament_install'
[0.337s] Level 1:colcon.colcon_core.package_identification:_identify(src/assests/media) by extensions ['colcon_pkg']
[0.337s] Level 1:colcon.colcon_core.package_identification:_identify(src/assests/media) by extension 'colcon_pkg'
[0.337s] Level 1:colcon.colcon_core.package_identification:_identify(src/assests/media) by extensions ['colcon_meta']
[0.337s] Level 1:colcon.colcon_core.package_identification:_identify(src/assests/media) by extension 'colcon_meta'
[0.337s] Level 1:colcon.colcon_core.package_identification:_identify(src/assests/media) by extensions ['ros']
[0.337s] Level 1:colcon.colcon_core.package_identification:_identify(src/assests/media) by extension 'ros'
[0.337s] Level 1:colcon.colcon_core.package_identification:_identify(src/assests/media) by extensions ['cmake', 'python']
[0.337s] Level 1:colcon.colcon_core.package_identification:_identify(src/assests/media) by extension 'cmake'
[0.337s] Level 1:colcon.colcon_core.package_identification:_identify(src/assests/media) by extension 'python'
[0.337s] Level 1:colcon.colcon_core.package_identification:_identify(src/assests/media) by extensions ['python_setup_py']
[0.337s] Level 1:colcon.colcon_core.package_identification:_identify(src/assests/media) by extension 'python_setup_py'
[0.337s] Level 1:colcon.colcon_core.package_identification:_identify(src/references) by extensions ['ignore', 'ignore_ament_install']
[0.337s] Level 1:colcon.colcon_core.package_identification:_identify(src/references) by extension 'ignore'
[0.337s] Level 1:colcon.colcon_core.package_identification:_identify(src/references) by extension 'ignore_ament_install'
[0.337s] Level 1:colcon.colcon_core.package_identification:_identify(src/references) by extensions ['colcon_pkg']
[0.337s] Level 1:colcon.colcon_core.package_identification:_identify(src/references) by extension 'colcon_pkg'
[0.337s] Level 1:colcon.colcon_core.package_identification:_identify(src/references) by extensions ['colcon_meta']
[0.338s] Level 1:colcon.colcon_core.package_identification:_identify(src/references) by extension 'colcon_meta'
[0.338s] Level 1:colcon.colcon_core.package_identification:_identify(src/references) by extensions ['ros']
[0.338s] Level 1:colcon.colcon_core.package_identification:_identify(src/references) by extension 'ros'
[0.338s] Level 1:colcon.colcon_core.package_identification:_identify(src/references) by extensions ['cmake', 'python']
[0.338s] Level 1:colcon.colcon_core.package_identification:_identify(src/references) by extension 'cmake'
[0.338s] Level 1:colcon.colcon_core.package_identification:_identify(src/references) by extension 'python'
[0.338s] Level 1:colcon.colcon_core.package_identification:_identify(src/references) by extensions ['python_setup_py']
[0.338s] Level 1:colcon.colcon_core.package_identification:_identify(src/references) by extension 'python_setup_py'
[0.338s] Level 1:colcon.colcon_core.package_identification:_identify(src/teleop_twist_keyboard) by extensions ['ignore', 'ignore_ament_install']
[0.338s] Level 1:colcon.colcon_core.package_identification:_identify(src/teleop_twist_keyboard) by extension 'ignore'
[0.338s] Level 1:colcon.colcon_core.package_identification:_identify(src/teleop_twist_keyboard) by extension 'ignore_ament_install'
[0.338s] Level 1:colcon.colcon_core.package_identification:_identify(src/teleop_twist_keyboard) by extensions ['colcon_pkg']
[0.338s] Level 1:colcon.colcon_core.package_identification:_identify(src/teleop_twist_keyboard) by extension 'colcon_pkg'
[0.338s] Level 1:colcon.colcon_core.package_identification:_identify(src/teleop_twist_keyboard) by extensions ['colcon_meta']
[0.338s] Level 1:colcon.colcon_core.package_identification:_identify(src/teleop_twist_keyboard) by extension 'colcon_meta'
[0.338s] Level 1:colcon.colcon_core.package_identification:_identify(src/teleop_twist_keyboard) by extensions ['ros']
[0.338s] Level 1:colcon.colcon_core.package_identification:_identify(src/teleop_twist_keyboard) by extension 'ros'
[0.339s] DEBUG:colcon.colcon_core.package_identification:Package 'src/teleop_twist_keyboard' with type 'ros.ament_python' and name 'teleop_twist_keyboard'
[0.339s] Level 1:colcon.colcon_core.package_identification:_identify(src/usd) by extensions ['ignore', 'ignore_ament_install']
[0.339s] Level 1:colcon.colcon_core.package_identification:_identify(src/usd) by extension 'ignore'
[0.339s] Level 1:colcon.colcon_core.package_identification:_identify(src/usd) by extension 'ignore_ament_install'
[0.339s] Level 1:colcon.colcon_core.package_identification:_identify(src/usd) by extensions ['colcon_pkg']
[0.339s] Level 1:colcon.colcon_core.package_identification:_identify(src/usd) by extension 'colcon_pkg'
[0.340s] Level 1:colcon.colcon_core.package_identification:_identify(src/usd) by extensions ['colcon_meta']
[0.340s] Level 1:colcon.colcon_core.package_identification:_identify(src/usd) by extension 'colcon_meta'
[0.340s] Level 1:colcon.colcon_core.package_identification:_identify(src/usd) by extensions ['ros']
[0.340s] Level 1:colcon.colcon_core.package_identification:_identify(src/usd) by extension 'ros'
[0.340s] Level 1:colcon.colcon_core.package_identification:_identify(src/usd) by extensions ['cmake', 'python']
[0.340s] Level 1:colcon.colcon_core.package_identification:_identify(src/usd) by extension 'cmake'
[0.340s] Level 1:colcon.colcon_core.package_identification:_identify(src/usd) by extension 'python'
[0.340s] Level 1:colcon.colcon_core.package_identification:_identify(src/usd) by extensions ['python_setup_py']
[0.340s] Level 1:colcon.colcon_core.package_identification:_identify(src/usd) by extension 'python_setup_py'
[0.340s] Level 1:colcon.colcon_core.package_identification:_identify(src/usd/objects) by extensions ['ignore', 'ignore_ament_install']
[0.340s] Level 1:colcon.colcon_core.package_identification:_identify(src/usd/objects) by extension 'ignore'
[0.340s] Level 1:colcon.colcon_core.package_identification:_identify(src/usd/objects) by extension 'ignore_ament_install'
[0.340s] Level 1:colcon.colcon_core.package_identification:_identify(src/usd/objects) by extensions ['colcon_pkg']
[0.340s] Level 1:colcon.colcon_core.package_identification:_identify(src/usd/objects) by extension 'colcon_pkg'
[0.340s] Level 1:colcon.colcon_core.package_identification:_identify(src/usd/objects) by extensions ['colcon_meta']
[0.340s] Level 1:colcon.colcon_core.package_identification:_identify(src/usd/objects) by extension 'colcon_meta'
[0.340s] Level 1:colcon.colcon_core.package_identification:_identify(src/usd/objects) by extensions ['ros']
[0.340s] Level 1:colcon.colcon_core.package_identification:_identify(src/usd/objects) by extension 'ros'
[0.340s] Level 1:colcon.colcon_core.package_identification:_identify(src/usd/objects) by extensions ['cmake', 'python']
[0.340s] Level 1:colcon.colcon_core.package_identification:_identify(src/usd/objects) by extension 'cmake'
[0.340s] Level 1:colcon.colcon_core.package_identification:_identify(src/usd/objects) by extension 'python'
[0.341s] Level 1:colcon.colcon_core.package_identification:_identify(src/usd/objects) by extensions ['python_setup_py']
[0.341s] Level 1:colcon.colcon_core.package_identification:_identify(src/usd/objects) by extension 'python_setup_py'
[0.341s] Level 1:colcon.colcon_core.package_identification:_identify(src/usd/robots) by extensions ['ignore', 'ignore_ament_install']
[0.341s] Level 1:colcon.colcon_core.package_identification:_identify(src/usd/robots) by extension 'ignore'
[0.341s] Level 1:colcon.colcon_core.package_identification:_identify(src/usd/robots) by extension 'ignore_ament_install'
[0.341s] Level 1:colcon.colcon_core.package_identification:_identify(src/usd/robots) by extensions ['colcon_pkg']
[0.341s] Level 1:colcon.colcon_core.package_identification:_identify(src/usd/robots) by extension 'colcon_pkg'
[0.341s] Level 1:colcon.colcon_core.package_identification:_identify(src/usd/robots) by extensions ['colcon_meta']
[0.341s] Level 1:colcon.colcon_core.package_identification:_identify(src/usd/robots) by extension 'colcon_meta'
[0.341s] Level 1:colcon.colcon_core.package_identification:_identify(src/usd/robots) by extensions ['ros']
[0.341s] Level 1:colcon.colcon_core.package_identification:_identify(src/usd/robots) by extension 'ros'
[0.341s] Level 1:colcon.colcon_core.package_identification:_identify(src/usd/robots) by extensions ['cmake', 'python']
[0.341s] Level 1:colcon.colcon_core.package_identification:_identify(src/usd/robots) by extension 'cmake'
[0.341s] Level 1:colcon.colcon_core.package_identification:_identify(src/usd/robots) by extension 'python'
[0.342s] Level 1:colcon.colcon_core.package_identification:_identify(src/usd/robots) by extensions ['python_setup_py']
[0.342s] Level 1:colcon.colcon_core.package_identification:_identify(src/usd/robots) by extension 'python_setup_py'
[0.342s] Level 1:colcon.colcon_core.package_identification:_identify(src/usd/robots/meshes) by extensions ['ignore', 'ignore_ament_install']
[0.342s] Level 1:colcon.colcon_core.package_identification:_identify(src/usd/robots/meshes) by extension 'ignore'
[0.342s] Level 1:colcon.colcon_core.package_identification:_identify(src/usd/robots/meshes) by extension 'ignore_ament_install'
[0.342s] Level 1:colcon.colcon_core.package_identification:_identify(src/usd/robots/meshes) by extensions ['colcon_pkg']
[0.342s] Level 1:colcon.colcon_core.package_identification:_identify(src/usd/robots/meshes) by extension 'colcon_pkg'
[0.342s] Level 1:colcon.colcon_core.package_identification:_identify(src/usd/robots/meshes) by extensions ['colcon_meta']
[0.342s] Level 1:colcon.colcon_core.package_identification:_identify(src/usd/robots/meshes) by extension 'colcon_meta'
[0.342s] Level 1:colcon.colcon_core.package_identification:_identify(src/usd/robots/meshes) by extensions ['ros']
[0.342s] Level 1:colcon.colcon_core.package_identification:_identify(src/usd/robots/meshes) by extension 'ros'
[0.342s] Level 1:colcon.colcon_core.package_identification:_identify(src/usd/robots/meshes) by extensions ['cmake', 'python']
[0.342s] Level 1:colcon.colcon_core.package_identification:_identify(src/usd/robots/meshes) by extension 'cmake'
[0.342s] Level 1:colcon.colcon_core.package_identification:_identify(src/usd/robots/meshes) by extension 'python'
[0.342s] Level 1:colcon.colcon_core.package_identification:_identify(src/usd/robots/meshes) by extensions ['python_setup_py']
[0.342s] Level 1:colcon.colcon_core.package_identification:_identify(src/usd/robots/meshes) by extension 'python_setup_py'
[0.342s] Level 1:colcon.colcon_core.package_identification:_identify(src/usd/robots/meshes/mir250) by extensions ['ignore', 'ignore_ament_install']
[0.343s] Level 1:colcon.colcon_core.package_identification:_identify(src/usd/robots/meshes/mir250) by extension 'ignore'
[0.343s] Level 1:colcon.colcon_core.package_identification:_identify(src/usd/robots/meshes/mir250) by extension 'ignore_ament_install'
[0.343s] Level 1:colcon.colcon_core.package_identification:_identify(src/usd/robots/meshes/mir250) by extensions ['colcon_pkg']
[0.343s] Level 1:colcon.colcon_core.package_identification:_identify(src/usd/robots/meshes/mir250) by extension 'colcon_pkg'
[0.343s] Level 1:colcon.colcon_core.package_identification:_identify(src/usd/robots/meshes/mir250) by extensions ['colcon_meta']
[0.343s] Level 1:colcon.colcon_core.package_identification:_identify(src/usd/robots/meshes/mir250) by extension 'colcon_meta'
[0.343s] Level 1:colcon.colcon_core.package_identification:_identify(src/usd/robots/meshes/mir250) by extensions ['ros']
[0.343s] Level 1:colcon.colcon_core.package_identification:_identify(src/usd/robots/meshes/mir250) by extension 'ros'
[0.343s] Level 1:colcon.colcon_core.package_identification:_identify(src/usd/robots/meshes/mir250) by extensions ['cmake', 'python']
[0.343s] Level 1:colcon.colcon_core.package_identification:_identify(src/usd/robots/meshes/mir250) by extension 'cmake'
[0.343s] Level 1:colcon.colcon_core.package_identification:_identify(src/usd/robots/meshes/mir250) by extension 'python'
[0.343s] Level 1:colcon.colcon_core.package_identification:_identify(src/usd/robots/meshes/mir250) by extensions ['python_setup_py']
[0.343s] Level 1:colcon.colcon_core.package_identification:_identify(src/usd/robots/meshes/mir250) by extension 'python_setup_py'
[0.343s] Level 1:colcon.colcon_core.package_identification:_identify(src/usd/robots/meshes/mir250/collision) by extensions ['ignore', 'ignore_ament_install']
[0.343s] Level 1:colcon.colcon_core.package_identification:_identify(src/usd/robots/meshes/mir250/collision) by extension 'ignore'
[0.343s] Level 1:colcon.colcon_core.package_identification:_identify(src/usd/robots/meshes/mir250/collision) by extension 'ignore_ament_install'
[0.343s] Level 1:colcon.colcon_core.package_identification:_identify(src/usd/robots/meshes/mir250/collision) by extensions ['colcon_pkg']
[0.343s] Level 1:colcon.colcon_core.package_identification:_identify(src/usd/robots/meshes/mir250/collision) by extension 'colcon_pkg'
[0.343s] Level 1:colcon.colcon_core.package_identification:_identify(src/usd/robots/meshes/mir250/collision) by extensions ['colcon_meta']
[0.343s] Level 1:colcon.colcon_core.package_identification:_identify(src/usd/robots/meshes/mir250/collision) by extension 'colcon_meta'
[0.344s] Level 1:colcon.colcon_core.package_identification:_identify(src/usd/robots/meshes/mir250/collision) by extensions ['ros']
[0.344s] Level 1:colcon.colcon_core.package_identification:_identify(src/usd/robots/meshes/mir250/collision) by extension 'ros'
[0.344s] Level 1:colcon.colcon_core.package_identification:_identify(src/usd/robots/meshes/mir250/collision) by extensions ['cmake', 'python']
[0.344s] Level 1:colcon.colcon_core.package_identification:_identify(src/usd/robots/meshes/mir250/collision) by extension 'cmake'
[0.344s] Level 1:colcon.colcon_core.package_identification:_identify(src/usd/robots/meshes/mir250/collision) by extension 'python'
[0.344s] Level 1:colcon.colcon_core.package_identification:_identify(src/usd/robots/meshes/mir250/collision) by extensions ['python_setup_py']
[0.344s] Level 1:colcon.colcon_core.package_identification:_identify(src/usd/robots/meshes/mir250/collision) by extension 'python_setup_py'
[0.344s] Level 1:colcon.colcon_core.package_identification:_identify(src/usd/robots/meshes/mir250/visual) by extensions ['ignore', 'ignore_ament_install']
[0.344s] Level 1:colcon.colcon_core.package_identification:_identify(src/usd/robots/meshes/mir250/visual) by extension 'ignore'
[0.344s] Level 1:colcon.colcon_core.package_identification:_identify(src/usd/robots/meshes/mir250/visual) by extension 'ignore_ament_install'
[0.344s] Level 1:colcon.colcon_core.package_identification:_identify(src/usd/robots/meshes/mir250/visual) by extensions ['colcon_pkg']
[0.344s] Level 1:colcon.colcon_core.package_identification:_identify(src/usd/robots/meshes/mir250/visual) by extension 'colcon_pkg'
[0.344s] Level 1:colcon.colcon_core.package_identification:_identify(src/usd/robots/meshes/mir250/visual) by extensions ['colcon_meta']
[0.344s] Level 1:colcon.colcon_core.package_identification:_identify(src/usd/robots/meshes/mir250/visual) by extension 'colcon_meta'
[0.344s] Level 1:colcon.colcon_core.package_identification:_identify(src/usd/robots/meshes/mir250/visual) by extensions ['ros']
[0.344s] Level 1:colcon.colcon_core.package_identification:_identify(src/usd/robots/meshes/mir250/visual) by extension 'ros'
[0.344s] Level 1:colcon.colcon_core.package_identification:_identify(src/usd/robots/meshes/mir250/visual) by extensions ['cmake', 'python']
[0.344s] Level 1:colcon.colcon_core.package_identification:_identify(src/usd/robots/meshes/mir250/visual) by extension 'cmake'
[0.344s] Level 1:colcon.colcon_core.package_identification:_identify(src/usd/robots/meshes/mir250/visual) by extension 'python'
[0.344s] Level 1:colcon.colcon_core.package_identification:_identify(src/usd/robots/meshes/mir250/visual) by extensions ['python_setup_py']
[0.344s] Level 1:colcon.colcon_core.package_identification:_identify(src/usd/robots/meshes/mir250/visual) by extension 'python_setup_py'
[0.345s] Level 1:colcon.colcon_core.package_discovery:discover_packages(recursive) using defaults
[0.345s] Level 1:colcon.colcon_core.package_discovery:discover_packages(ignore) discover
[0.345s] Level 1:colcon.colcon_core.package_discovery:discover_packages(ignore) using defaults
[0.345s] Level 1:colcon.colcon_core.package_discovery:discover_packages(path) discover
[0.345s] Level 1:colcon.colcon_core.package_discovery:discover_packages(path) using defaults
[0.388s] INFO:colcon.colcon_core.package_selection:Skipping not selected package 'mir_actions' in 'src/MIR_250/mir_actions'
[0.388s] INFO:colcon.colcon_core.package_selection:Skipping not selected package 'mir_description' in 'src/MIR_250/mir_description'
[0.388s] INFO:colcon.colcon_core.package_selection:Skipping not selected package 'mir_msgs' in 'src/MIR_250/mir_msgs'
[0.388s] INFO:colcon.colcon_core.package_selection:Skipping not selected package 'mir_restapi' in 'src/MIR_250/mir_restapi'
[0.388s] INFO:colcon.colcon_core.package_selection:Skipping not selected package 'sdc21x0' in 'src/MIR_250/sdc21x0'
[0.388s] INFO:colcon.colcon_core.package_selection:Skipping not selected package 'sensors_launcher_mir_250' in 'src/MIR_250/sensors_launcher_mir_250'
[0.389s] INFO:colcon.colcon_core.package_selection:Skipping not selected package 'mir_driver' in 'src/MIR_250/mir_driver'
[0.389s] INFO:colcon.colcon_core.package_selection:Skipping not selected package 'graph_based_navigation_system' in 'src/MIR_250/graph_based_navigation_system'
[0.389s] INFO:colcon.colcon_core.package_selection:Skipping not selected package 'mir_manual_navigation' in 'src/MIR_250/mir_manual_navigation'
[0.389s] INFO:colcon.colcon_core.package_selection:Skipping not selected package 'mir_navigation' in 'src/MIR_250/mir_navigation'
[0.389s] Level 1:colcon.colcon_core.package_discovery:discover_packages(prefix_path) check parameters
[0.389s] Level 1:colcon.colcon_core.package_discovery:discover_packages(prefix_path) discover
[0.391s] DEBUG:colcon.colcon_installed_package_information.package_discovery:Found 10 installed packages in /home/basmala/mir250_ws/install
[0.393s] DEBUG:colcon.colcon_installed_package_information.package_discovery:Found 320 installed packages in /opt/ros/humble
[0.395s] Level 1:colcon.colcon_core.package_discovery:discover_packages(prefix_path) using defaults
[0.445s] Level 5:colcon.colcon_core.verb:set package 'teleop_twist_keyboard' build argument 'cmake_args' from command line to 'None'
[0.445s] Level 5:colcon.colcon_core.verb:set package 'teleop_twist_keyboard' build argument 'cmake_target' from command line to 'None'
[0.445s] Level 5:colcon.colcon_core.verb:set package 'teleop_twist_keyboard' build argument 'cmake_target_skip_unavailable' from command line to 'False'
[0.445s] Level 5:colcon.colcon_core.verb:set package 'teleop_twist_keyboard' build argument 'cmake_clean_cache' from command line to 'False'
[0.445s] Level 5:colcon.colcon_core.verb:set package 'teleop_twist_keyboard' build argument 'cmake_clean_first' from command line to 'False'
[0.445s] Level 5:colcon.colcon_core.verb:set package 'teleop_twist_keyboard' build argument 'cmake_force_configure' from command line to 'False'
[0.445s] Level 5:colcon.colcon_core.verb:set package 'teleop_twist_keyboard' build argument 'ament_cmake_args' from command line to 'None'
[0.445s] Level 5:colcon.colcon_core.verb:set package 'teleop_twist_keyboard' build argument 'catkin_cmake_args' from command line to 'None'
[0.445s] Level 5:colcon.colcon_core.verb:set package 'teleop_twist_keyboard' build argument 'catkin_skip_building_tests' from command line to 'False'
[0.445s] DEBUG:colcon.colcon_core.verb:Building package 'teleop_twist_keyboard' with the following arguments: {'ament_cmake_args': None, 'build_base': '/home/basmala/mir250_ws/build/teleop_twist_keyboard', 'catkin_cmake_args': None, 'catkin_skip_building_tests': False, 'cmake_args': None, 'cmake_clean_cache': False, 'cmake_clean_first': False, 'cmake_force_configure': False, 'cmake_target': None, 'cmake_target_skip_unavailable': False, 'install_base': '/home/basmala/mir250_ws/install/teleop_twist_keyboard', 'merge_install': False, 'path': '/home/basmala/mir250_ws/src/teleop_twist_keyboard', 'symlink_install': False, 'test_result_base': None}
[0.445s] INFO:colcon.colcon_core.executor:Executing jobs using 'parallel' executor
[0.446s] DEBUG:colcon.colcon_parallel_executor.executor.parallel:run_until_complete
[0.447s] INFO:colcon.colcon_ros.task.ament_python.build:Building ROS package in '/home/basmala/mir250_ws/src/teleop_twist_keyboard' with build type 'ament_python'
[0.447s] Level 1:colcon.colcon_core.shell:create_environment_hook('teleop_twist_keyboard', 'ament_prefix_path')
[0.450s] INFO:colcon.colcon_core.plugin_system:Skipping extension 'colcon_core.shell.bat': Not used on non-Windows systems
[0.450s] INFO:colcon.colcon_core.shell:Creating environment hook '/home/basmala/mir250_ws/install/teleop_twist_keyboard/share/teleop_twist_keyboard/hook/ament_prefix_path.ps1'
[0.451s] INFO:colcon.colcon_core.shell:Creating environment descriptor '/home/basmala/mir250_ws/install/teleop_twist_keyboard/share/teleop_twist_keyboard/hook/ament_prefix_path.dsv'
[0.451s] INFO:colcon.colcon_core.shell:Creating environment hook '/home/basmala/mir250_ws/install/teleop_twist_keyboard/share/teleop_twist_keyboard/hook/ament_prefix_path.sh'
[0.452s] INFO:colcon.colcon_core.shell:Skip shell extension 'powershell' for command environment: Not usable outside of PowerShell
[0.452s] DEBUG:colcon.colcon_core.shell:Skip shell extension 'dsv' for command environment
[0.789s] INFO:colcon.colcon_core.task.python.build:Building Python package in '/home/basmala/mir250_ws/src/teleop_twist_keyboard'
[0.789s] INFO:colcon.colcon_core.shell:Skip shell extension 'powershell' for command environment: Not usable outside of PowerShell
[0.789s] DEBUG:colcon.colcon_core.shell:Skip shell extension 'dsv' for command environment
[1.209s] DEBUG:colcon.colcon_core.task.python.build:Available setuptools commands: symlink_data, install_egg_info, register, check, build_ext, build_scripts, bdist_dumb, bdist_egg, rotate, clean, easy_install, setopt, upload_docs, alias, bdist_rpm, build_py, install_scripts, bdist_wheel, dist_info, test, bdist, upload, build, build_clib, saveopts, install, develop, sdist, install_data, egg_info, install_headers, install_lib
[1.213s] DEBUG:colcon.colcon_core.event_handler.log_command:Invoking command in '/home/basmala/mir250_ws/src/teleop_twist_keyboard': PYTHONPATH=/home/basmala/mir250_ws/build/teleop_twist_keyboard/prefix_override:/usr/lib/python3/dist-packages/colcon_core/task/python/colcon_distutils_commands:/home/basmala/mir250_ws/install/teleop_twist_keyboard/lib/python3.10/site-packages:${PYTHONPATH} /usr/bin/python3 -W ignore:setup.py install is deprecated -W ignore:easy_install command is deprecated setup.py egg_info --egg-base ../../build/teleop_twist_keyboard build --build-base /home/basmala/mir250_ws/build/teleop_twist_keyboard/build install --record /home/basmala/mir250_ws/build/teleop_twist_keyboard/install.log --install-scripts $base/lib/teleop_twist_keyboard --single-version-externally-managed install_data
[1.549s] DEBUG:colcon.colcon_core.event_handler.log_command:Invoked command in '/home/basmala/mir250_ws/src/teleop_twist_keyboard' returned '0': PYTHONPATH=/home/basmala/mir250_ws/build/teleop_twist_keyboard/prefix_override:/usr/lib/python3/dist-packages/colcon_core/task/python/colcon_distutils_commands:/home/basmala/mir250_ws/install/teleop_twist_keyboard/lib/python3.10/site-packages:${PYTHONPATH} /usr/bin/python3 -W ignore:setup.py install is deprecated -W ignore:easy_install command is deprecated setup.py egg_info --egg-base ../../build/teleop_twist_keyboard build --build-base /home/basmala/mir250_ws/build/teleop_twist_keyboard/build install --record /home/basmala/mir250_ws/build/teleop_twist_keyboard/install.log --install-scripts $base/lib/teleop_twist_keyboard --single-version-externally-managed install_data
[1.553s] Level 1:colcon.colcon_core.environment:checking '/home/basmala/mir250_ws/install/teleop_twist_keyboard' for CMake module files
[1.554s] Level 1:colcon.colcon_core.environment:checking '/home/basmala/mir250_ws/install/teleop_twist_keyboard' for CMake config files
[1.555s] Level 1:colcon.colcon_core.environment:checking '/home/basmala/mir250_ws/install/teleop_twist_keyboard/lib'
[1.555s] Level 1:colcon.colcon_core.environment:checking '/home/basmala/mir250_ws/install/teleop_twist_keyboard/bin'
[1.555s] Level 1:colcon.colcon_core.environment:checking '/home/basmala/mir250_ws/install/teleop_twist_keyboard/lib/pkgconfig/teleop_twist_keyboard.pc'
[1.555s] Level 1:colcon.colcon_core.environment:checking '/home/basmala/mir250_ws/install/teleop_twist_keyboard/lib/python3.10/site-packages'
[1.556s] Level 1:colcon.colcon_core.shell:create_environment_hook('teleop_twist_keyboard', 'pythonpath')
[1.556s] INFO:colcon.colcon_core.shell:Creating environment hook '/home/basmala/mir250_ws/install/teleop_twist_keyboard/share/teleop_twist_keyboard/hook/pythonpath.ps1'
[1.556s] INFO:colcon.colcon_core.shell:Creating environment descriptor '/home/basmala/mir250_ws/install/teleop_twist_keyboard/share/teleop_twist_keyboard/hook/pythonpath.dsv'
[1.557s] INFO:colcon.colcon_core.shell:Creating environment hook '/home/basmala/mir250_ws/install/teleop_twist_keyboard/share/teleop_twist_keyboard/hook/pythonpath.sh'
[1.557s] Level 1:colcon.colcon_core.environment:checking '/home/basmala/mir250_ws/install/teleop_twist_keyboard/bin'
[1.557s] Level 1:colcon.colcon_core.environment:create_environment_scripts_only(teleop_twist_keyboard)
[1.558s] INFO:colcon.colcon_core.shell:Creating package script '/home/basmala/mir250_ws/install/teleop_twist_keyboard/share/teleop_twist_keyboard/package.ps1'
[1.559s] INFO:colcon.colcon_core.shell:Creating package descriptor '/home/basmala/mir250_ws/install/teleop_twist_keyboard/share/teleop_twist_keyboard/package.dsv'
[1.559s] INFO:colcon.colcon_core.shell:Creating package script '/home/basmala/mir250_ws/install/teleop_twist_keyboard/share/teleop_twist_keyboard/package.sh'
[1.560s] INFO:colcon.colcon_core.shell:Creating package script '/home/basmala/mir250_ws/install/teleop_twist_keyboard/share/teleop_twist_keyboard/package.bash'
[1.561s] INFO:colcon.colcon_core.shell:Creating package script '/home/basmala/mir250_ws/install/teleop_twist_keyboard/share/teleop_twist_keyboard/package.zsh'
[1.562s] Level 1:colcon.colcon_core.environment:create_file_with_runtime_dependencies(/home/basmala/mir250_ws/install/teleop_twist_keyboard/share/colcon-core/packages/teleop_twist_keyboard)
[1.562s] DEBUG:colcon.colcon_parallel_executor.executor.parallel:closing loop
[1.562s] DEBUG:colcon.colcon_parallel_executor.executor.parallel:loop closed
[1.562s] DEBUG:colcon.colcon_parallel_executor.executor.parallel:run_until_complete finished with '0'
[1.562s] DEBUG:colcon.colcon_core.event_reactor:joining thread
[1.569s] INFO:colcon.colcon_core.plugin_system:Skipping extension 'colcon_notification.desktop_notification.terminal_notifier': Not used on non-Darwin systems
[1.569s] INFO:colcon.colcon_core.plugin_system:Skipping extension 'colcon_notification.desktop_notification.win32': Not used on non-Windows systems
[1.570s] INFO:colcon.colcon_notification.desktop_notification:Sending desktop notification using 'notify2'
[1.586s] DEBUG:colcon.colcon_core.event_reactor:joined thread
[1.586s] INFO:colcon.colcon_core.shell:Creating prefix script '/home/basmala/mir250_ws/install/local_setup.ps1'
[1.589s] INFO:colcon.colcon_core.shell:Creating prefix util module '/home/basmala/mir250_ws/install/_local_setup_util_ps1.py'
[1.592s] INFO:colcon.colcon_core.shell:Creating prefix chain script '/home/basmala/mir250_ws/install/setup.ps1'
[1.597s] INFO:colcon.colcon_core.shell:Creating prefix script '/home/basmala/mir250_ws/install/local_setup.sh'
[1.598s] INFO:colcon.colcon_core.shell:Creating prefix util module '/home/basmala/mir250_ws/install/_local_setup_util_sh.py'
[1.599s] INFO:colcon.colcon_core.shell:Creating prefix chain script '/home/basmala/mir250_ws/install/setup.sh'
[1.604s] INFO:colcon.colcon_core.shell:Creating prefix script '/home/basmala/mir250_ws/install/local_setup.bash'
[1.605s] INFO:colcon.colcon_core.shell:Creating prefix chain script '/home/basmala/mir250_ws/install/setup.bash'
[1.609s] INFO:colcon.colcon_core.shell:Creating prefix script '/home/basmala/mir250_ws/install/local_setup.zsh'
[1.610s] INFO:colcon.colcon_core.shell:Creating prefix chain script '/home/basmala/mir250_ws/install/setup.zsh'
