running egg_info
creating ../build/mir_restapi/mir_restapi.egg-info
writing ../build/mir_restapi/mir_restapi.egg-info/PKG-INFO
writing dependency_links to ../build/mir_restapi/mir_restapi.egg-info/dependency_links.txt
writing entry points to ../build/mir_restapi/mir_restapi.egg-info/entry_points.txt
writing requirements to ../build/mir_restapi/mir_restapi.egg-info/requires.txt
writing top-level names to ../build/mir_restapi/mir_restapi.egg-info/top_level.txt
writing manifest file '../build/mir_restapi/mir_restapi.egg-info/SOURCES.txt'
reading manifest file '../build/mir_restapi/mir_restapi.egg-info/SOURCES.txt'
adding license file 'LICENSE'
writing manifest file '../build/mir_restapi/mir_restapi.egg-info/SOURCES.txt'
running build
running build_py
creating /home/basmala/mir250_ws/src/MiR250/MIR_250/build/mir_restapi/build
creating /home/basmala/mir250_ws/src/MiR250/MIR_250/build/mir_restapi/build/lib
creating /home/basmala/mir250_ws/src/MiR250/MIR_250/build/mir_restapi/build/lib/mir_restapi
copying mir_restapi/mir_restapi_server.py -> /home/basmala/mir250_ws/src/MiR250/MIR_250/build/mir_restapi/build/lib/mir_restapi
copying mir_restapi/__init__.py -> /home/basmala/mir250_ws/src/MiR250/MIR_250/build/mir_restapi/build/lib/mir_restapi
copying mir_restapi/mir_restapi_lib.py -> /home/basmala/mir250_ws/src/MiR250/MIR_250/build/mir_restapi/build/lib/mir_restapi
copying mir_restapi/mir_restapi_sync_time.py -> /home/basmala/mir250_ws/src/MiR250/MIR_250/build/mir_restapi/build/lib/mir_restapi
copying mir_restapi/mir_controller_restapi.py -> /home/basmala/mir250_ws/src/MiR250/MIR_250/build/mir_restapi/build/lib/mir_restapi
running install
running install_lib
creating /home/basmala/mir250_ws/src/MiR250/MIR_250/install/mir_restapi/lib/python3.10/site-packages/mir_restapi
copying /home/basmala/mir250_ws/src/MiR250/MIR_250/build/mir_restapi/build/lib/mir_restapi/mir_restapi_server.py -> /home/basmala/mir250_ws/src/MiR250/MIR_250/install/mir_restapi/lib/python3.10/site-packages/mir_restapi
copying /home/basmala/mir250_ws/src/MiR250/MIR_250/build/mir_restapi/build/lib/mir_restapi/__init__.py -> /home/basmala/mir250_ws/src/MiR250/MIR_250/install/mir_restapi/lib/python3.10/site-packages/mir_restapi
copying /home/basmala/mir250_ws/src/MiR250/MIR_250/build/mir_restapi/build/lib/mir_restapi/mir_restapi_lib.py -> /home/basmala/mir250_ws/src/MiR250/MIR_250/install/mir_restapi/lib/python3.10/site-packages/mir_restapi
copying /home/basmala/mir250_ws/src/MiR250/MIR_250/build/mir_restapi/build/lib/mir_restapi/mir_restapi_sync_time.py -> /home/basmala/mir250_ws/src/MiR250/MIR_250/install/mir_restapi/lib/python3.10/site-packages/mir_restapi
copying /home/basmala/mir250_ws/src/MiR250/MIR_250/build/mir_restapi/build/lib/mir_restapi/mir_controller_restapi.py -> /home/basmala/mir250_ws/src/MiR250/MIR_250/install/mir_restapi/lib/python3.10/site-packages/mir_restapi
byte-compiling /home/basmala/mir250_ws/src/MiR250/MIR_250/install/mir_restapi/lib/python3.10/site-packages/mir_restapi/mir_restapi_server.py to mir_restapi_server.cpython-310.pyc
byte-compiling /home/basmala/mir250_ws/src/MiR250/MIR_250/install/mir_restapi/lib/python3.10/site-packages/mir_restapi/__init__.py to __init__.cpython-310.pyc
byte-compiling /home/basmala/mir250_ws/src/MiR250/MIR_250/install/mir_restapi/lib/python3.10/site-packages/mir_restapi/mir_restapi_lib.py to mir_restapi_lib.cpython-310.pyc
byte-compiling /home/basmala/mir250_ws/src/MiR250/MIR_250/install/mir_restapi/lib/python3.10/site-packages/mir_restapi/mir_restapi_sync_time.py to mir_restapi_sync_time.cpython-310.pyc
byte-compiling /home/basmala/mir250_ws/src/MiR250/MIR_250/install/mir_restapi/lib/python3.10/site-packages/mir_restapi/mir_controller_restapi.py to mir_controller_restapi.cpython-310.pyc
running install_data
creating /home/basmala/mir250_ws/src/MiR250/MIR_250/install/mir_restapi/share/ament_index
creating /home/basmala/mir250_ws/src/MiR250/MIR_250/install/mir_restapi/share/ament_index/resource_index
creating /home/basmala/mir250_ws/src/MiR250/MIR_250/install/mir_restapi/share/ament_index/resource_index/packages
copying resource/mir_restapi -> /home/basmala/mir250_ws/src/MiR250/MIR_250/install/mir_restapi/share/ament_index/resource_index/packages
copying package.xml -> /home/basmala/mir250_ws/src/MiR250/MIR_250/install/mir_restapi/share/mir_restapi
creating /home/basmala/mir250_ws/src/MiR250/MIR_250/install/mir_restapi/share/mir_restapi/launch
running install_egg_info
Copying ../build/mir_restapi/mir_restapi.egg-info to /home/basmala/mir250_ws/src/MiR250/MIR_250/install/mir_restapi/lib/python3.10/site-packages/mir_restapi-0.0.0-py3.10.egg-info
running install_scripts
Installing mir_control_node script to /home/basmala/mir250_ws/src/MiR250/MIR_250/install/mir_restapi/lib/mir_restapi
Installing mir_restapi_server script to /home/basmala/mir250_ws/src/MiR250/MIR_250/install/mir_restapi/lib/mir_restapi
Installing mir_restapi_sync_time script to /home/basmala/mir250_ws/src/MiR250/MIR_250/install/mir_restapi/lib/mir_restapi
writing list of installed files to '/home/basmala/mir250_ws/src/MiR250/MIR_250/build/mir_restapi/install.log'
