[0.053s] Invoking command in '/home/basmala/mir250_ws/build/mir_actions': CMAKE_PREFIX_PATH=/opt/ros/humble /usr/bin/cmake /home/basmala/mir250_ws/src/MIR_250/mir_actions -DCMAKE_INSTALL_PREFIX=/home/basmala/mir250_ws/install/mir_actions
[0.455s] -- The C compiler identification is GNU 11.4.0
[0.455s] -- The CXX compiler identification is GNU 11.4.0
[0.455s] -- Detecting C compiler ABI info
[0.479s] -- Detecting C compiler ABI info - done
[0.492s] -- Check for working C compiler: /usr/bin/cc - skipped
[0.492s] -- Detecting C compile features
[0.493s] -- Detecting C compile features - done
[0.501s] -- Detecting CXX compiler ABI info
[0.654s] -- Detecting CXX compiler ABI info - done
[0.673s] -- Check for working CXX compiler: /usr/bin/c++ - skipped
[0.674s] -- Detecting CXX compile features
[0.675s] -- Detecting CXX compile features - done
[0.681s] -- Found ament_cmake: 1.3.14 (/opt/ros/humble/share/ament_cmake/cmake)
[0.988s] -- Found Python3: /usr/bin/python3 (found version "3.10.12") found components: Interpreter 
[1.175s] -- Found geometry_msgs: 4.9.1 (/opt/ros/humble/share/geometry_msgs/cmake)
[1.274s] -- Found rosidl_generator_c: 3.1.8 (/opt/ros/humble/share/rosidl_generator_c/cmake)
[1.288s] -- Found rosidl_adapter: 3.1.8 (/opt/ros/humble/share/rosidl_adapter/cmake)
[1.313s] -- Found rosidl_generator_cpp: 3.1.8 (/opt/ros/humble/share/rosidl_generator_cpp/cmake)
[1.343s] -- Using all available rosidl_typesupport_c: rosidl_typesupport_fastrtps_c;rosidl_typesupport_introspection_c
[1.378s] -- Using all available rosidl_typesupport_cpp: rosidl_typesupport_fastrtps_cpp;rosidl_typesupport_introspection_cpp
[1.463s] -- Found nav_msgs: 4.9.1 (/opt/ros/humble/share/nav_msgs/cmake)
[1.496s] -- Found rosidl_default_generators: 1.2.1 (/opt/ros/humble/share/rosidl_default_generators/cmake)
[2.086s] -- Found ament_cmake_ros: 0.10.0 (/opt/ros/humble/share/ament_cmake_ros/cmake)
[2.889s] -- Using all available rosidl_typesupport_c: rosidl_typesupport_fastrtps_c;rosidl_typesupport_introspection_c
[3.148s] -- Using all available rosidl_typesupport_cpp: rosidl_typesupport_fastrtps_cpp;rosidl_typesupport_introspection_cpp
[3.179s] -- Found PythonInterp: /usr/bin/python3 (found suitable version "3.10.12", minimum required is "3.6") 
[3.181s] -- Found python_cmake_module: 0.10.0 (/opt/ros/humble/share/python_cmake_module/cmake)
[3.226s] -- Found PythonLibs: /usr/lib/x86_64-linux-gnu/libpython3.10.so (found suitable version "3.10.12", minimum required is "3.5") 
[3.226s] -- Using PYTHON_EXECUTABLE: /usr/bin/python3
[3.226s] -- Using PYTHON_INCLUDE_DIRS: /usr/include/python3.10
[3.226s] -- Using PYTHON_LIBRARIES: /usr/lib/x86_64-linux-gnu/libpython3.10.so
[3.259s] -- Found PythonExtra: .so  
[3.596s] -- Configuring done
[3.693s] -- Generating done
[3.729s] -- Build files have been written to: /home/basmala/mir250_ws/build/mir_actions
[3.751s] Invoked command in '/home/basmala/mir250_ws/build/mir_actions' returned '0': CMAKE_PREFIX_PATH=/opt/ros/humble /usr/bin/cmake /home/basmala/mir250_ws/src/MIR_250/mir_actions -DCMAKE_INSTALL_PREFIX=/home/basmala/mir250_ws/install/mir_actions
[3.755s] Invoking command in '/home/basmala/mir250_ws/build/mir_actions': CMAKE_PREFIX_PATH=/opt/ros/humble /usr/bin/cmake --build /home/basmala/mir250_ws/build/mir_actions -- -j20 -l20
[3.841s] [  3%] [34m[1mGenerating C code for ROS interfaces[0m
[3.861s] [  6%] [34m[1mGenerating C++ code for ROS interfaces[0m
[3.862s] [  9%] [34m[1mGenerating Rust code for ROS interfaces[0m
[3.886s] [  9%] Built target ament_cmake_python_copy_mir_actions
[4.523s] running egg_info
[4.525s] creating mir_actions.egg-info
[4.525s] writing mir_actions.egg-info/PKG-INFO
[4.526s] writing dependency_links to mir_actions.egg-info/dependency_links.txt
[4.528s] writing top-level names to mir_actions.egg-info/top_level.txt
[4.528s] writing manifest file 'mir_actions.egg-info/SOURCES.txt'
[4.532s] reading manifest file 'mir_actions.egg-info/SOURCES.txt'
[4.535s] writing manifest file 'mir_actions.egg-info/SOURCES.txt'
[4.591s] [  9%] Built target ament_cmake_python_build_mir_actions_egg
[5.654s] [  9%] Built target mir_actions__rs
[5.943s] [  9%] Built target mir_actions__cpp
[5.976s] [ 12%] [34m[1mGenerating C++ introspection for ROS interfaces[0m
[5.997s] [ 15%] [34m[1mGenerating C++ type support dispatch for ROS interfaces[0m
[6.023s] [ 18%] [32mBuilding C object CMakeFiles/mir_actions__rosidl_generator_c.dir/rosidl_generator_c/mir_actions/action/detail/mir_move_base__functions.c.o[0m
[6.034s] [ 21%] [34m[1mGenerating C++ type support for eProsima Fast-RTPS[0m
[6.407s] [ 25%] [32m[1mLinking C shared library libmir_actions__rosidl_generator_c.so[0m
[6.497s] [ 25%] Built target mir_actions__rosidl_generator_c
[6.520s] [ 28%] [34m[1mGenerating C introspection for ROS interfaces[0m
[6.520s] [ 34%] [34m[1mGenerating C type support dispatch for ROS interfaces[0m
[6.520s] [ 34%] [34m[1mGenerating C type support for eProsima Fast-RTPS[0m
[7.480s] [ 37%] [32mBuilding CXX object CMakeFiles/mir_actions__rosidl_typesupport_fastrtps_cpp.dir/rosidl_typesupport_fastrtps_cpp/mir_actions/action/detail/dds_fastrtps/mir_move_base__type_support.cpp.o[0m
[7.626s] [ 40%] [32mBuilding CXX object CMakeFiles/mir_actions__rosidl_typesupport_introspection_cpp.dir/rosidl_typesupport_introspection_cpp/mir_actions/action/detail/mir_move_base__type_support.cpp.o[0m
[7.631s] [ 43%] [32mBuilding CXX object CMakeFiles/mir_actions__rosidl_typesupport_cpp.dir/rosidl_typesupport_cpp/mir_actions/action/mir_move_base__type_support.cpp.o[0m
[7.769s] [ 46%] [32mBuilding C object CMakeFiles/mir_actions__rosidl_typesupport_introspection_c.dir/rosidl_typesupport_introspection_c/mir_actions/action/detail/mir_move_base__type_support.c.o[0m
[7.795s] [ 50%] [32mBuilding CXX object CMakeFiles/mir_actions__rosidl_typesupport_c.dir/rosidl_typesupport_c/mir_actions/action/mir_move_base__type_support.cpp.o[0m
[7.884s] [ 53%] [32m[1mLinking C shared library libmir_actions__rosidl_typesupport_introspection_c.so[0m
[7.911s] [ 56%] [32m[1mLinking CXX shared library libmir_actions__rosidl_typesupport_c.so[0m
[7.959s] [ 56%] Built target mir_actions__rosidl_typesupport_introspection_c
[7.988s] [ 56%] Built target mir_actions__rosidl_typesupport_c
[8.290s] [ 59%] [32mBuilding CXX object CMakeFiles/mir_actions__rosidl_typesupport_fastrtps_c.dir/rosidl_typesupport_fastrtps_c/mir_actions/action/detail/mir_move_base__type_support_c.cpp.o[0m
[8.489s] [ 62%] [32m[1mLinking CXX shared library libmir_actions__rosidl_typesupport_cpp.so[0m
[8.565s] [ 62%] Built target mir_actions__rosidl_typesupport_cpp
[8.879s] [ 65%] [32m[1mLinking CXX shared library libmir_actions__rosidl_typesupport_introspection_cpp.so[0m
[8.919s] [ 68%] [32m[1mLinking CXX shared library libmir_actions__rosidl_typesupport_fastrtps_cpp.so[0m
[9.008s] [ 68%] Built target mir_actions__rosidl_typesupport_introspection_cpp
[9.052s] [ 68%] Built target mir_actions__rosidl_typesupport_fastrtps_cpp
[9.195s] [ 71%] [32m[1mLinking CXX shared library libmir_actions__rosidl_typesupport_fastrtps_c.so[0m
[9.316s] [ 71%] Built target mir_actions__rosidl_typesupport_fastrtps_c
[9.352s] [ 71%] Built target mir_actions
[9.388s] [ 75%] [34m[1mGenerating Python code for ROS interfaces[0m
[11.812s] [ 75%] Built target mir_actions__py
[11.848s] [ 78%] [32mBuilding C object CMakeFiles/mir_actions__rosidl_generator_py.dir/rosidl_generator_py/mir_actions/action/_mir_move_base_s.c.o[0m
[12.272s] [ 81%] [32m[1mLinking C shared library rosidl_generator_py/mir_actions/libmir_actions__rosidl_generator_py.so[0m
[12.574s] [ 81%] Built target mir_actions__rosidl_generator_py
[12.660s] [ 84%] [32mBuilding C object CMakeFiles/mir_actions__rosidl_typesupport_introspection_c__pyext.dir/rosidl_generator_py/mir_actions/_mir_actions_s.ep.rosidl_typesupport_introspection_c.c.o[0m
[12.676s] [ 87%] [32mBuilding C object CMakeFiles/mir_actions__rosidl_typesupport_c__pyext.dir/rosidl_generator_py/mir_actions/_mir_actions_s.ep.rosidl_typesupport_c.c.o[0m
[12.698s] [ 90%] [32mBuilding C object CMakeFiles/mir_actions__rosidl_typesupport_fastrtps_c__pyext.dir/rosidl_generator_py/mir_actions/_mir_actions_s.ep.rosidl_typesupport_fastrtps_c.c.o[0m
[13.036s] [ 93%] [32m[1mLinking C shared library rosidl_generator_py/mir_actions/mir_actions_s__rosidl_typesupport_c.cpython-310-x86_64-linux-gnu.so[0m
[13.052s] [ 96%] [32m[1mLinking C shared library rosidl_generator_py/mir_actions/mir_actions_s__rosidl_typesupport_introspection_c.cpython-310-x86_64-linux-gnu.so[0m
[13.078s] [100%] [32m[1mLinking C shared library rosidl_generator_py/mir_actions/mir_actions_s__rosidl_typesupport_fastrtps_c.cpython-310-x86_64-linux-gnu.so[0m
[13.125s] [100%] Built target mir_actions__rosidl_typesupport_introspection_c__pyext
[13.140s] [100%] Built target mir_actions__rosidl_typesupport_c__pyext
[13.174s] [100%] Built target mir_actions__rosidl_typesupport_fastrtps_c__pyext
[13.195s] Invoked command in '/home/basmala/mir250_ws/build/mir_actions' returned '0': CMAKE_PREFIX_PATH=/opt/ros/humble /usr/bin/cmake --build /home/basmala/mir250_ws/build/mir_actions -- -j20 -l20
[13.200s] Invoking command in '/home/basmala/mir250_ws/build/mir_actions': CMAKE_PREFIX_PATH=/opt/ros/humble /usr/bin/cmake --install /home/basmala/mir250_ws/build/mir_actions
[13.215s] -- Install configuration: ""
[13.215s] -- Installing: /home/basmala/mir250_ws/install/mir_actions/share/ament_index/resource_index/rosidl_interfaces/mir_actions
[13.216s] -- Installing: /home/basmala/mir250_ws/install/mir_actions/include/mir_actions/mir_actions
[13.216s] -- Installing: /home/basmala/mir250_ws/install/mir_actions/include/mir_actions/mir_actions/msg
[13.217s] -- Installing: /home/basmala/mir250_ws/install/mir_actions/include/mir_actions/mir_actions/msg/rosidl_generator_c__visibility_control.h
[13.217s] -- Installing: /home/basmala/mir250_ws/install/mir_actions/include/mir_actions/mir_actions/action
[13.217s] -- Installing: /home/basmala/mir250_ws/install/mir_actions/include/mir_actions/mir_actions/action/detail
[13.217s] -- Installing: /home/basmala/mir250_ws/install/mir_actions/include/mir_actions/mir_actions/action/detail/mir_move_base__struct.h
[13.218s] -- Installing: /home/basmala/mir250_ws/install/mir_actions/include/mir_actions/mir_actions/action/detail/mir_move_base__functions.h
[13.218s] -- Installing: /home/basmala/mir250_ws/install/mir_actions/include/mir_actions/mir_actions/action/detail/mir_move_base__type_support.h
[13.218s] -- Installing: /home/basmala/mir250_ws/install/mir_actions/include/mir_actions/mir_actions/action/detail/mir_move_base__functions.c
[13.219s] -- Installing: /home/basmala/mir250_ws/install/mir_actions/include/mir_actions/mir_actions/action/mir_move_base.h
[13.219s] -- Installing: /home/basmala/mir250_ws/install/mir_actions/share/mir_actions/environment/library_path.sh
[13.219s] -- Installing: /home/basmala/mir250_ws/install/mir_actions/share/mir_actions/environment/library_path.dsv
[13.220s] -- Installing: /home/basmala/mir250_ws/install/mir_actions/lib/libmir_actions__rosidl_generator_c.so
[13.221s] -- Set runtime path of "/home/basmala/mir250_ws/install/mir_actions/lib/libmir_actions__rosidl_generator_c.so" to ""
[13.221s] -- Up-to-date: /home/basmala/mir250_ws/install/mir_actions/include/mir_actions/mir_actions
[13.221s] -- Up-to-date: /home/basmala/mir250_ws/install/mir_actions/include/mir_actions/mir_actions/msg
[13.221s] -- Installing: /home/basmala/mir250_ws/install/mir_actions/include/mir_actions/mir_actions/msg/rosidl_typesupport_fastrtps_c__visibility_control.h
[13.221s] -- Up-to-date: /home/basmala/mir250_ws/install/mir_actions/include/mir_actions/mir_actions/action
[13.222s] -- Up-to-date: /home/basmala/mir250_ws/install/mir_actions/include/mir_actions/mir_actions/action/detail
[13.222s] -- Installing: /home/basmala/mir250_ws/install/mir_actions/include/mir_actions/mir_actions/action/detail/mir_move_base__rosidl_typesupport_fastrtps_c.h
[13.222s] -- Installing: /home/basmala/mir250_ws/install/mir_actions/lib/libmir_actions__rosidl_typesupport_fastrtps_c.so
[13.223s] -- Set runtime path of "/home/basmala/mir250_ws/install/mir_actions/lib/libmir_actions__rosidl_typesupport_fastrtps_c.so" to ""
[13.223s] -- Up-to-date: /home/basmala/mir250_ws/install/mir_actions/include/mir_actions/mir_actions
[13.223s] -- Up-to-date: /home/basmala/mir250_ws/install/mir_actions/include/mir_actions/mir_actions/msg
[13.224s] -- Installing: /home/basmala/mir250_ws/install/mir_actions/include/mir_actions/mir_actions/msg/rosidl_generator_cpp__visibility_control.hpp
[13.224s] -- Up-to-date: /home/basmala/mir250_ws/install/mir_actions/include/mir_actions/mir_actions/action
[13.224s] -- Installing: /home/basmala/mir250_ws/install/mir_actions/include/mir_actions/mir_actions/action/mir_move_base.hpp
[13.225s] -- Up-to-date: /home/basmala/mir250_ws/install/mir_actions/include/mir_actions/mir_actions/action/detail
[13.225s] -- Installing: /home/basmala/mir250_ws/install/mir_actions/include/mir_actions/mir_actions/action/detail/mir_move_base__builder.hpp
[13.225s] -- Installing: /home/basmala/mir250_ws/install/mir_actions/include/mir_actions/mir_actions/action/detail/mir_move_base__struct.hpp
[13.225s] -- Installing: /home/basmala/mir250_ws/install/mir_actions/include/mir_actions/mir_actions/action/detail/mir_move_base__type_support.hpp
[13.225s] -- Installing: /home/basmala/mir250_ws/install/mir_actions/include/mir_actions/mir_actions/action/detail/mir_move_base__traits.hpp
[13.226s] -- Up-to-date: /home/basmala/mir250_ws/install/mir_actions/include/mir_actions/mir_actions
[13.226s] -- Up-to-date: /home/basmala/mir250_ws/install/mir_actions/include/mir_actions/mir_actions/msg
[13.226s] -- Installing: /home/basmala/mir250_ws/install/mir_actions/include/mir_actions/mir_actions/msg/rosidl_typesupport_fastrtps_cpp__visibility_control.h
[13.226s] -- Up-to-date: /home/basmala/mir250_ws/install/mir_actions/include/mir_actions/mir_actions/action
[13.226s] -- Up-to-date: /home/basmala/mir250_ws/install/mir_actions/include/mir_actions/mir_actions/action/detail
[13.227s] -- Installing: /home/basmala/mir250_ws/install/mir_actions/include/mir_actions/mir_actions/action/detail/dds_fastrtps
[13.227s] -- Installing: /home/basmala/mir250_ws/install/mir_actions/include/mir_actions/mir_actions/action/detail/mir_move_base__rosidl_typesupport_fastrtps_cpp.hpp
[13.227s] -- Installing: /home/basmala/mir250_ws/install/mir_actions/lib/libmir_actions__rosidl_typesupport_fastrtps_cpp.so
[13.228s] -- Set runtime path of "/home/basmala/mir250_ws/install/mir_actions/lib/libmir_actions__rosidl_typesupport_fastrtps_cpp.so" to ""
[13.228s] -- Up-to-date: /home/basmala/mir250_ws/install/mir_actions/include/mir_actions/mir_actions
[13.228s] -- Up-to-date: /home/basmala/mir250_ws/install/mir_actions/include/mir_actions/mir_actions/msg
[13.229s] -- Installing: /home/basmala/mir250_ws/install/mir_actions/include/mir_actions/mir_actions/msg/rosidl_typesupport_introspection_c__visibility_control.h
[13.229s] -- Up-to-date: /home/basmala/mir250_ws/install/mir_actions/include/mir_actions/mir_actions/action
[13.229s] -- Up-to-date: /home/basmala/mir250_ws/install/mir_actions/include/mir_actions/mir_actions/action/detail
[13.229s] -- Installing: /home/basmala/mir250_ws/install/mir_actions/include/mir_actions/mir_actions/action/detail/mir_move_base__rosidl_typesupport_introspection_c.h
[13.229s] -- Installing: /home/basmala/mir250_ws/install/mir_actions/include/mir_actions/mir_actions/action/detail/mir_move_base__type_support.c
[13.230s] -- Installing: /home/basmala/mir250_ws/install/mir_actions/lib/libmir_actions__rosidl_typesupport_introspection_c.so
[13.230s] -- Set runtime path of "/home/basmala/mir250_ws/install/mir_actions/lib/libmir_actions__rosidl_typesupport_introspection_c.so" to ""
[13.230s] -- Installing: /home/basmala/mir250_ws/install/mir_actions/lib/libmir_actions__rosidl_typesupport_c.so
[13.230s] -- Set runtime path of "/home/basmala/mir250_ws/install/mir_actions/lib/libmir_actions__rosidl_typesupport_c.so" to ""
[13.230s] -- Up-to-date: /home/basmala/mir250_ws/install/mir_actions/include/mir_actions/mir_actions
[13.231s] -- Up-to-date: /home/basmala/mir250_ws/install/mir_actions/include/mir_actions/mir_actions/action
[13.231s] -- Up-to-date: /home/basmala/mir250_ws/install/mir_actions/include/mir_actions/mir_actions/action/detail
[13.231s] -- Installing: /home/basmala/mir250_ws/install/mir_actions/include/mir_actions/mir_actions/action/detail/mir_move_base__rosidl_typesupport_introspection_cpp.hpp
[13.231s] -- Installing: /home/basmala/mir250_ws/install/mir_actions/include/mir_actions/mir_actions/action/detail/mir_move_base__type_support.cpp
[13.231s] -- Installing: /home/basmala/mir250_ws/install/mir_actions/lib/libmir_actions__rosidl_typesupport_introspection_cpp.so
[13.231s] -- Set runtime path of "/home/basmala/mir250_ws/install/mir_actions/lib/libmir_actions__rosidl_typesupport_introspection_cpp.so" to ""
[13.232s] -- Installing: /home/basmala/mir250_ws/install/mir_actions/lib/libmir_actions__rosidl_typesupport_cpp.so
[13.232s] -- Set runtime path of "/home/basmala/mir250_ws/install/mir_actions/lib/libmir_actions__rosidl_typesupport_cpp.so" to ""
[13.232s] -- Installing: /home/basmala/mir250_ws/install/mir_actions/share/mir_actions/environment/pythonpath.sh
[13.232s] -- Installing: /home/basmala/mir250_ws/install/mir_actions/share/mir_actions/environment/pythonpath.dsv
[13.232s] -- Installing: /home/basmala/mir250_ws/install/mir_actions/local/lib/python3.10/dist-packages/mir_actions-1.1.3-py3.10.egg-info
[13.233s] -- Installing: /home/basmala/mir250_ws/install/mir_actions/local/lib/python3.10/dist-packages/mir_actions-1.1.3-py3.10.egg-info/dependency_links.txt
[13.233s] -- Installing: /home/basmala/mir250_ws/install/mir_actions/local/lib/python3.10/dist-packages/mir_actions-1.1.3-py3.10.egg-info/PKG-INFO
[13.233s] -- Installing: /home/basmala/mir250_ws/install/mir_actions/local/lib/python3.10/dist-packages/mir_actions-1.1.3-py3.10.egg-info/SOURCES.txt
[13.233s] -- Installing: /home/basmala/mir250_ws/install/mir_actions/local/lib/python3.10/dist-packages/mir_actions-1.1.3-py3.10.egg-info/top_level.txt
[13.233s] -- Installing: /home/basmala/mir250_ws/install/mir_actions/local/lib/python3.10/dist-packages/mir_actions
[13.233s] -- Installing: /home/basmala/mir250_ws/install/mir_actions/local/lib/python3.10/dist-packages/mir_actions/mir_actions_s__rosidl_typesupport_fastrtps_c.cpython-310-x86_64-linux-gnu.so
[13.234s] -- Installing: /home/basmala/mir250_ws/install/mir_actions/local/lib/python3.10/dist-packages/mir_actions/__init__.py
[13.234s] -- Installing: /home/basmala/mir250_ws/install/mir_actions/local/lib/python3.10/dist-packages/mir_actions/action
[13.234s] -- Installing: /home/basmala/mir250_ws/install/mir_actions/local/lib/python3.10/dist-packages/mir_actions/action/__init__.py
[13.234s] -- Installing: /home/basmala/mir250_ws/install/mir_actions/local/lib/python3.10/dist-packages/mir_actions/action/_mir_move_base_s.c
[13.234s] -- Installing: /home/basmala/mir250_ws/install/mir_actions/local/lib/python3.10/dist-packages/mir_actions/action/_mir_move_base.py
[13.235s] -- Installing: /home/basmala/mir250_ws/install/mir_actions/local/lib/python3.10/dist-packages/mir_actions/mir_actions_s__rosidl_typesupport_c.cpython-310-x86_64-linux-gnu.so
[13.235s] -- Installing: /home/basmala/mir250_ws/install/mir_actions/local/lib/python3.10/dist-packages/mir_actions/_mir_actions_s.ep.rosidl_typesupport_introspection_c.c
[13.235s] -- Installing: /home/basmala/mir250_ws/install/mir_actions/local/lib/python3.10/dist-packages/mir_actions/libmir_actions__rosidl_generator_py.so
[13.235s] -- Installing: /home/basmala/mir250_ws/install/mir_actions/local/lib/python3.10/dist-packages/mir_actions/mir_actions_s__rosidl_typesupport_introspection_c.cpython-310-x86_64-linux-gnu.so
[13.235s] -- Installing: /home/basmala/mir250_ws/install/mir_actions/local/lib/python3.10/dist-packages/mir_actions/_mir_actions_s.ep.rosidl_typesupport_c.c
[13.235s] -- Installing: /home/basmala/mir250_ws/install/mir_actions/local/lib/python3.10/dist-packages/mir_actions/_mir_actions_s.ep.rosidl_typesupport_fastrtps_c.c
[13.305s] Listing '/home/basmala/mir250_ws/install/mir_actions/local/lib/python3.10/dist-packages/mir_actions'...
[13.306s] Compiling '/home/basmala/mir250_ws/install/mir_actions/local/lib/python3.10/dist-packages/mir_actions/__init__.py'...
[13.306s] Listing '/home/basmala/mir250_ws/install/mir_actions/local/lib/python3.10/dist-packages/mir_actions/action'...
[13.306s] Compiling '/home/basmala/mir250_ws/install/mir_actions/local/lib/python3.10/dist-packages/mir_actions/action/__init__.py'...
[13.306s] Compiling '/home/basmala/mir250_ws/install/mir_actions/local/lib/python3.10/dist-packages/mir_actions/action/_mir_move_base.py'...
[13.313s] -- Installing: /home/basmala/mir250_ws/install/mir_actions/local/lib/python3.10/dist-packages/mir_actions/mir_actions_s__rosidl_typesupport_fastrtps_c.cpython-310-x86_64-linux-gnu.so
[13.314s] -- Set runtime path of "/home/basmala/mir250_ws/install/mir_actions/local/lib/python3.10/dist-packages/mir_actions/mir_actions_s__rosidl_typesupport_fastrtps_c.cpython-310-x86_64-linux-gnu.so" to ""
[13.314s] -- Installing: /home/basmala/mir250_ws/install/mir_actions/local/lib/python3.10/dist-packages/mir_actions/mir_actions_s__rosidl_typesupport_introspection_c.cpython-310-x86_64-linux-gnu.so
[13.314s] -- Set runtime path of "/home/basmala/mir250_ws/install/mir_actions/local/lib/python3.10/dist-packages/mir_actions/mir_actions_s__rosidl_typesupport_introspection_c.cpython-310-x86_64-linux-gnu.so" to ""
[13.315s] -- Installing: /home/basmala/mir250_ws/install/mir_actions/local/lib/python3.10/dist-packages/mir_actions/mir_actions_s__rosidl_typesupport_c.cpython-310-x86_64-linux-gnu.so
[13.315s] -- Set runtime path of "/home/basmala/mir250_ws/install/mir_actions/local/lib/python3.10/dist-packages/mir_actions/mir_actions_s__rosidl_typesupport_c.cpython-310-x86_64-linux-gnu.so" to ""
[13.316s] -- Installing: /home/basmala/mir250_ws/install/mir_actions/lib/libmir_actions__rosidl_generator_py.so
[13.316s] -- Set runtime path of "/home/basmala/mir250_ws/install/mir_actions/lib/libmir_actions__rosidl_generator_py.so" to ""
[13.317s] -- Installing: /home/basmala/mir250_ws/install/mir_actions/share/ament_index/resource_index/rust_packages/mir_actions
[13.317s] -- Installing: /home/basmala/mir250_ws/install/mir_actions/share/mir_actions/rust
[13.317s] -- Installing: /home/basmala/mir250_ws/install/mir_actions/share/mir_actions/rust/Cargo.toml
[13.317s] -- Installing: /home/basmala/mir250_ws/install/mir_actions/share/mir_actions/rust/build.rs
[13.317s] -- Installing: /home/basmala/mir250_ws/install/mir_actions/share/mir_actions/rust/src
[13.318s] -- Installing: /home/basmala/mir250_ws/install/mir_actions/share/mir_actions/rust/src/action
[13.318s] -- Installing: /home/basmala/mir250_ws/install/mir_actions/share/mir_actions/rust/src/action/rmw.rs
[13.318s] -- Installing: /home/basmala/mir250_ws/install/mir_actions/share/mir_actions/rust/src/lib.rs
[13.318s] -- Installing: /home/basmala/mir250_ws/install/mir_actions/share/mir_actions/rust/src/action.rs
[13.319s] -- Installing: /home/basmala/mir250_ws/install/mir_actions/share/mir_actions/action/MirMoveBase.idl
[13.319s] -- Installing: /home/basmala/mir250_ws/install/mir_actions/share/mir_actions/action/MirMoveBase.action
[13.319s] -- Installing: /home/basmala/mir250_ws/install/mir_actions/share/ament_index/resource_index/package_run_dependencies/mir_actions
[13.320s] -- Installing: /home/basmala/mir250_ws/install/mir_actions/share/ament_index/resource_index/parent_prefix_path/mir_actions
[13.320s] -- Installing: /home/basmala/mir250_ws/install/mir_actions/share/mir_actions/environment/ament_prefix_path.sh
[13.321s] -- Installing: /home/basmala/mir250_ws/install/mir_actions/share/mir_actions/environment/ament_prefix_path.dsv
[13.321s] -- Installing: /home/basmala/mir250_ws/install/mir_actions/share/mir_actions/environment/path.sh
[13.321s] -- Installing: /home/basmala/mir250_ws/install/mir_actions/share/mir_actions/environment/path.dsv
[13.322s] -- Installing: /home/basmala/mir250_ws/install/mir_actions/share/mir_actions/local_setup.bash
[13.322s] -- Installing: /home/basmala/mir250_ws/install/mir_actions/share/mir_actions/local_setup.sh
[13.322s] -- Installing: /home/basmala/mir250_ws/install/mir_actions/share/mir_actions/local_setup.zsh
[13.322s] -- Installing: /home/basmala/mir250_ws/install/mir_actions/share/mir_actions/local_setup.dsv
[13.323s] -- Installing: /home/basmala/mir250_ws/install/mir_actions/share/mir_actions/package.dsv
[13.323s] -- Installing: /home/basmala/mir250_ws/install/mir_actions/share/ament_index/resource_index/packages/mir_actions
[13.324s] -- Installing: /home/basmala/mir250_ws/install/mir_actions/share/mir_actions/cmake/export_mir_actions__rosidl_generator_cExport.cmake
[13.324s] -- Installing: /home/basmala/mir250_ws/install/mir_actions/share/mir_actions/cmake/export_mir_actions__rosidl_generator_cExport-noconfig.cmake
[13.324s] -- Installing: /home/basmala/mir250_ws/install/mir_actions/share/mir_actions/cmake/export_mir_actions__rosidl_typesupport_fastrtps_cExport.cmake
[13.325s] -- Installing: /home/basmala/mir250_ws/install/mir_actions/share/mir_actions/cmake/export_mir_actions__rosidl_typesupport_fastrtps_cExport-noconfig.cmake
[13.325s] -- Installing: /home/basmala/mir250_ws/install/mir_actions/share/mir_actions/cmake/export_mir_actions__rosidl_generator_cppExport.cmake
[13.326s] -- Installing: /home/basmala/mir250_ws/install/mir_actions/share/mir_actions/cmake/export_mir_actions__rosidl_typesupport_fastrtps_cppExport.cmake
[13.326s] -- Installing: /home/basmala/mir250_ws/install/mir_actions/share/mir_actions/cmake/export_mir_actions__rosidl_typesupport_fastrtps_cppExport-noconfig.cmake
[13.326s] -- Installing: /home/basmala/mir250_ws/install/mir_actions/share/mir_actions/cmake/mir_actions__rosidl_typesupport_introspection_cExport.cmake
[13.326s] -- Installing: /home/basmala/mir250_ws/install/mir_actions/share/mir_actions/cmake/mir_actions__rosidl_typesupport_introspection_cExport-noconfig.cmake
[13.326s] -- Installing: /home/basmala/mir250_ws/install/mir_actions/share/mir_actions/cmake/mir_actions__rosidl_typesupport_cExport.cmake
[13.327s] -- Installing: /home/basmala/mir250_ws/install/mir_actions/share/mir_actions/cmake/mir_actions__rosidl_typesupport_cExport-noconfig.cmake
[13.327s] -- Installing: /home/basmala/mir250_ws/install/mir_actions/share/mir_actions/cmake/mir_actions__rosidl_typesupport_introspection_cppExport.cmake
[13.327s] -- Installing: /home/basmala/mir250_ws/install/mir_actions/share/mir_actions/cmake/mir_actions__rosidl_typesupport_introspection_cppExport-noconfig.cmake
[13.327s] -- Installing: /home/basmala/mir250_ws/install/mir_actions/share/mir_actions/cmake/mir_actions__rosidl_typesupport_cppExport.cmake
[13.327s] -- Installing: /home/basmala/mir250_ws/install/mir_actions/share/mir_actions/cmake/mir_actions__rosidl_typesupport_cppExport-noconfig.cmake
[13.328s] -- Installing: /home/basmala/mir250_ws/install/mir_actions/share/mir_actions/cmake/export_mir_actions__rosidl_generator_pyExport.cmake
[13.328s] -- Installing: /home/basmala/mir250_ws/install/mir_actions/share/mir_actions/cmake/export_mir_actions__rosidl_generator_pyExport-noconfig.cmake
[13.328s] -- Installing: /home/basmala/mir250_ws/install/mir_actions/share/mir_actions/cmake/rosidl_cmake-extras.cmake
[13.328s] -- Installing: /home/basmala/mir250_ws/install/mir_actions/share/mir_actions/cmake/ament_cmake_export_dependencies-extras.cmake
[13.328s] -- Installing: /home/basmala/mir250_ws/install/mir_actions/share/mir_actions/cmake/ament_cmake_export_include_directories-extras.cmake
[13.329s] -- Installing: /home/basmala/mir250_ws/install/mir_actions/share/mir_actions/cmake/ament_cmake_export_libraries-extras.cmake
[13.329s] -- Installing: /home/basmala/mir250_ws/install/mir_actions/share/mir_actions/cmake/ament_cmake_export_targets-extras.cmake
[13.329s] -- Installing: /home/basmala/mir250_ws/install/mir_actions/share/mir_actions/cmake/rosidl_cmake_export_typesupport_targets-extras.cmake
[13.329s] -- Installing: /home/basmala/mir250_ws/install/mir_actions/share/mir_actions/cmake/rosidl_cmake_export_typesupport_libraries-extras.cmake
[13.329s] -- Installing: /home/basmala/mir250_ws/install/mir_actions/share/mir_actions/cmake/mir_actionsConfig.cmake
[13.329s] -- Installing: /home/basmala/mir250_ws/install/mir_actions/share/mir_actions/cmake/mir_actionsConfig-version.cmake
[13.330s] -- Installing: /home/basmala/mir250_ws/install/mir_actions/share/mir_actions/package.xml
[13.334s] Invoked command in '/home/basmala/mir250_ws/build/mir_actions' returned '0': CMAKE_PREFIX_PATH=/opt/ros/humble /usr/bin/cmake --install /home/basmala/mir250_ws/build/mir_actions
