/home/basmala/mir250_ws/install/graph_based_navigation_system/lib/python3.10/site-packages/graph_based_navigation_system/nav2_dynamic_reconfig.py
/home/basmala/mir250_ws/install/graph_based_navigation_system/lib/python3.10/site-packages/graph_based_navigation_system/graph_editor.py
/home/basmala/mir250_ws/install/graph_based_navigation_system/lib/python3.10/site-packages/graph_based_navigation_system/__init__.py
/home/basmala/mir250_ws/install/graph_based_navigation_system/lib/python3.10/site-packages/graph_based_navigation_system/render_graph_on_map.py
/home/basmala/mir250_ws/install/graph_based_navigation_system/lib/python3.10/site-packages/graph_based_navigation_system/navigation_helper.py
/home/basmala/mir250_ws/install/graph_based_navigation_system/lib/python3.10/site-packages/graph_based_navigation_system/graph_nav_controller.py
/home/basmala/mir250_ws/install/graph_based_navigation_system/lib/python3.10/site-packages/graph_based_navigation_system/navigation_defaults.py
/home/basmala/mir250_ws/install/graph_based_navigation_system/lib/python3.10/site-packages/graph_based_navigation_system/__pycache__/nav2_dynamic_reconfig.cpython-310.pyc
/home/basmala/mir250_ws/install/graph_based_navigation_system/lib/python3.10/site-packages/graph_based_navigation_system/__pycache__/graph_editor.cpython-310.pyc
/home/basmala/mir250_ws/install/graph_based_navigation_system/lib/python3.10/site-packages/graph_based_navigation_system/__pycache__/__init__.cpython-310.pyc
/home/basmala/mir250_ws/install/graph_based_navigation_system/lib/python3.10/site-packages/graph_based_navigation_system/__pycache__/render_graph_on_map.cpython-310.pyc
/home/basmala/mir250_ws/install/graph_based_navigation_system/lib/python3.10/site-packages/graph_based_navigation_system/__pycache__/navigation_helper.cpython-310.pyc
/home/basmala/mir250_ws/install/graph_based_navigation_system/lib/python3.10/site-packages/graph_based_navigation_system/__pycache__/graph_nav_controller.cpython-310.pyc
/home/basmala/mir250_ws/install/graph_based_navigation_system/lib/python3.10/site-packages/graph_based_navigation_system/__pycache__/navigation_defaults.cpython-310.pyc
/home/basmala/mir250_ws/install/graph_based_navigation_system/share/ament_index/resource_index/packages/graph_based_navigation_system
/home/basmala/mir250_ws/install/graph_based_navigation_system/share/graph_based_navigation_system/package.xml
/home/basmala/mir250_ws/install/graph_based_navigation_system/share/graph_based_navigation_system/config/mir_nav_params.yaml
/home/basmala/mir250_ws/install/graph_based_navigation_system/share/graph_based_navigation_system/config/graph_based_nav.rviz
/home/basmala/mir250_ws/install/graph_based_navigation_system/share/graph_based_navigation_system/config/set_up_graph.yaml
/home/basmala/mir250_ws/install/graph_based_navigation_system/share/graph_based_navigation_system/config/test_TER_1_graph.yaml
/home/basmala/mir250_ws/install/graph_based_navigation_system/share/graph_based_navigation_system/maps/test_TER_1_with_nodes_edges.yaml
/home/basmala/mir250_ws/install/graph_based_navigation_system/share/graph_based_navigation_system/maps/test_TER_1_with_nodes_edges.png
/home/basmala/mir250_ws/install/graph_based_navigation_system/share/graph_based_navigation_system/launch/graph_nav_controller_launch.py
/home/basmala/mir250_ws/install/graph_based_navigation_system/share/graph_based_navigation_system/launch/graph_navigation_launch.py
/home/basmala/mir250_ws/install/graph_based_navigation_system/lib/python3.10/site-packages/graph_based_navigation_system-0.0.0-py3.10.egg-info/dependency_links.txt
/home/basmala/mir250_ws/install/graph_based_navigation_system/lib/python3.10/site-packages/graph_based_navigation_system-0.0.0-py3.10.egg-info/entry_points.txt
/home/basmala/mir250_ws/install/graph_based_navigation_system/lib/python3.10/site-packages/graph_based_navigation_system-0.0.0-py3.10.egg-info/requires.txt
/home/basmala/mir250_ws/install/graph_based_navigation_system/lib/python3.10/site-packages/graph_based_navigation_system-0.0.0-py3.10.egg-info/PKG-INFO
/home/basmala/mir250_ws/install/graph_based_navigation_system/lib/python3.10/site-packages/graph_based_navigation_system-0.0.0-py3.10.egg-info/SOURCES.txt
/home/basmala/mir250_ws/install/graph_based_navigation_system/lib/python3.10/site-packages/graph_based_navigation_system-0.0.0-py3.10.egg-info/top_level.txt
/home/basmala/mir250_ws/install/graph_based_navigation_system/lib/python3.10/site-packages/graph_based_navigation_system-0.0.0-py3.10.egg-info/zip-safe
/home/basmala/mir250_ws/install/graph_based_navigation_system/lib/graph_based_navigation_system/graph_editor
/home/basmala/mir250_ws/install/graph_based_navigation_system/lib/graph_based_navigation_system/graph_nav_controller
/home/basmala/mir250_ws/install/graph_based_navigation_system/lib/graph_based_navigation_system/nav2_dynamic_reconfig
/home/basmala/mir250_ws/install/graph_based_navigation_system/lib/graph_based_navigation_system/navigation_defaults
/home/basmala/mir250_ws/install/graph_based_navigation_system/lib/graph_based_navigation_system/navigation_helper
/home/basmala/mir250_ws/install/graph_based_navigation_system/lib/graph_based_navigation_system/render_graph_on_map
