[1.050s] Invoking command in '/home/basmala/mir250_ws/src/MiR250/MIR_250/mir_manual_navigation': AMENT_PREFIX_PATH=/home/basmala/mir250_ws/src/MiR250/MIR_250/install/mir_driver:/home/basmala/mir250_ws/src/MiR250/MIR_250/install/sensors_launcher_mir_250:/home/basmala/mir250_ws/src/MiR250/MIR_250/install/sdc21x0:/home/basmala/mir250_ws/src/MiR250/MIR_250/install/mir_restapi:/home/basmala/mir250_ws/src/MiR250/MIR_250/install/mir_navigation:/home/basmala/mir250_ws/src/MiR250/MIR_250/install/mir_manual_navigation:/home/basmala/mir250_ws/src/MiR250/MIR_250/install/graph_based_navigation_system:/home/basmala/mir250_ws/src/MiR250/MIR_250/install/mir_msgs:/home/basmala/mir250_ws/src/MiR250/MIR_250/install/mir_description:/home/basmala/mir250_ws/src/MiR250/MIR_250/install/mir_actions:/home/basmala/mir250_ws/install/sensors_launcher_mir_250:/home/basmala/mir250_ws/install/sdc21x0:/home/basmala/mir250_ws/install/mir_restapi:/home/basmala/mir250_ws/install/mir_navigation:/home/basmala/mir250_ws/install/mir_manual_navigation:/home/basmala/mir250_ws/install/graph_based_navigation_system:/home/basmala/mir250_ws/install/mir_driver:/home/basmala/mir250_ws/install/mir_msgs:/home/basmala/mir250_ws/install/mir_description:/home/basmala/mir250_ws/install/mir_actions:/opt/ros/humble CMAKE_PREFIX_PATH=/home/basmala/mir250_ws/src/MiR250/MIR_250/install/mir_msgs:/home/basmala/mir250_ws/src/MiR250/MIR_250/install/mir_description:/home/basmala/mir250_ws/src/MiR250/MIR_250/install/sensors_launcher_mir_250:/home/basmala/mir250_ws/src/MiR250/MIR_250/install/sdc21x0:/home/basmala/mir250_ws/src/MiR250/MIR_250/install/mir_navigation:/home/basmala/mir250_ws/src/MiR250/MIR_250/install/mir_actions:/home/basmala/mir250_ws/install/sensors_launcher_mir_250:/home/basmala/mir250_ws/install/sdc21x0:/home/basmala/mir250_ws/install/mir_navigation:/home/basmala/mir250_ws/install/mir_msgs:/home/basmala/mir250_ws/install/mir_description:/home/basmala/mir250_ws/install/mir_actions LD_LIBRARY_PATH=/home/basmala/mir250_ws/src/MiR250/MIR_250/install/mir_msgs/lib:/home/basmala/mir250_ws/src/MiR250/MIR_250/install/sensors_launcher_mir_250/lib:/home/basmala/mir250_ws/src/MiR250/MIR_250/install/sdc21x0/lib:/home/basmala/mir250_ws/src/MiR250/MIR_250/install/mir_actions/lib:/home/basmala/mir250_ws/install/sensors_launcher_mir_250/lib:/home/basmala/mir250_ws/install/sdc21x0/lib:/home/basmala/mir250_ws/install/mir_msgs/lib:/home/basmala/mir250_ws/install/mir_actions/lib:/opt/ros/humble/opt/rviz_ogre_vendor/lib:/opt/ros/humble/lib/x86_64-linux-gnu:/opt/ros/humble/lib PYTHONPATH=/home/basmala/mir250_ws/src/MiR250/MIR_250/build/mir_manual_navigation/prefix_override:/usr/lib/python3/dist-packages/colcon_core/task/python/colcon_distutils_commands:/home/basmala/mir250_ws/src/MiR250/MIR_250/install/mir_manual_navigation/lib/python3.10/site-packages:/home/basmala/mir250_ws/src/MiR250/MIR_250/install/mir_driver/lib/python3.10/site-packages:/home/basmala/mir250_ws/src/MiR250/MIR_250/install/sdc21x0/local/lib/python3.10/dist-packages:/home/basmala/mir250_ws/src/MiR250/MIR_250/install/mir_restapi/lib/python3.10/site-packages:/home/basmala/mir250_ws/src/MiR250/MIR_250/install/mir_manual_navigation/lib/python3.10/site-packages:/home/basmala/mir250_ws/src/MiR250/MIR_250/install/graph_based_navigation_system/lib/python3.10/site-packages:/home/basmala/mir250_ws/src/MiR250/MIR_250/install/mir_msgs/local/lib/python3.10/dist-packages:/home/basmala/mir250_ws/src/MiR250/MIR_250/install/mir_actions/local/lib/python3.10/dist-packages:/home/basmala/mir250_ws/install/sdc21x0/local/lib/python3.10/dist-packages:/home/basmala/mir250_ws/install/mir_restapi/lib/python3.10/site-packages:/home/basmala/mir250_ws/install/mir_manual_navigation/lib/python3.10/site-packages:/home/basmala/mir250_ws/install/graph_based_navigation_system/lib/python3.10/site-packages:/home/basmala/mir250_ws/install/mir_driver/lib/python3.10/site-packages:/home/basmala/mir250_ws/install/mir_msgs/local/lib/python3.10/dist-packages:/home/basmala/mir250_ws/install/mir_actions/local/lib/python3.10/dist-packages:/opt/ros/humble/lib/python3.10/site-packages:/opt/ros/humble/local/lib/python3.10/dist-packages /usr/bin/python3 -W ignore:setup.py install is deprecated -W ignore:easy_install command is deprecated setup.py egg_info --egg-base ../build/mir_manual_navigation build --build-base /home/basmala/mir250_ws/src/MiR250/MIR_250/build/mir_manual_navigation/build install --record /home/basmala/mir250_ws/src/MiR250/MIR_250/build/mir_manual_navigation/install.log --install-scripts $base/lib/mir_manual_navigation --single-version-externally-managed install_data
[1.314s] running egg_info
[1.315s] creating ../build/mir_manual_navigation/mir_manual_navigation.egg-info
[1.316s] writing ../build/mir_manual_navigation/mir_manual_navigation.egg-info/PKG-INFO
[1.316s] writing dependency_links to ../build/mir_manual_navigation/mir_manual_navigation.egg-info/dependency_links.txt
[1.316s] writing entry points to ../build/mir_manual_navigation/mir_manual_navigation.egg-info/entry_points.txt
[1.316s] writing requirements to ../build/mir_manual_navigation/mir_manual_navigation.egg-info/requires.txt
[1.316s] writing top-level names to ../build/mir_manual_navigation/mir_manual_navigation.egg-info/top_level.txt
[1.317s] writing manifest file '../build/mir_manual_navigation/mir_manual_navigation.egg-info/SOURCES.txt'
[1.318s] reading manifest file '../build/mir_manual_navigation/mir_manual_navigation.egg-info/SOURCES.txt'
[1.318s] adding license file 'LICENSE'
[1.320s] writing manifest file '../build/mir_manual_navigation/mir_manual_navigation.egg-info/SOURCES.txt'
[1.320s] running build
[1.320s] running build_py
[1.321s] creating /home/basmala/mir250_ws/src/MiR250/MIR_250/build/mir_manual_navigation/build
[1.321s] creating /home/basmala/mir250_ws/src/MiR250/MIR_250/build/mir_manual_navigation/build/lib
[1.321s] creating /home/basmala/mir250_ws/src/MiR250/MIR_250/build/mir_manual_navigation/build/lib/mir_manual_navigation
[1.321s] copying mir_manual_navigation/__init__.py -> /home/basmala/mir250_ws/src/MiR250/MIR_250/build/mir_manual_navigation/build/lib/mir_manual_navigation
[1.321s] copying mir_manual_navigation/isaac_calibration_test.py -> /home/basmala/mir250_ws/src/MiR250/MIR_250/build/mir_manual_navigation/build/lib/mir_manual_navigation
[1.322s] copying mir_manual_navigation/encoder_to_joint_state.py -> /home/basmala/mir250_ws/src/MiR250/MIR_250/build/mir_manual_navigation/build/lib/mir_manual_navigation
[1.322s] copying mir_manual_navigation/cloud_transformation.py -> /home/basmala/mir250_ws/src/MiR250/MIR_250/build/mir_manual_navigation/build/lib/mir_manual_navigation
[1.322s] copying mir_manual_navigation/isaac_diff_controller.py -> /home/basmala/mir250_ws/src/MiR250/MIR_250/build/mir_manual_navigation/build/lib/mir_manual_navigation
[1.322s] copying mir_manual_navigation/initial_position_mir.py -> /home/basmala/mir250_ws/src/MiR250/MIR_250/build/mir_manual_navigation/build/lib/mir_manual_navigation
[1.325s] running install
[1.325s] running install_lib
[1.326s] creating /home/basmala/mir250_ws/src/MiR250/MIR_250/install/mir_manual_navigation/lib/python3.10/site-packages/mir_manual_navigation
[1.326s] copying /home/basmala/mir250_ws/src/MiR250/MIR_250/build/mir_manual_navigation/build/lib/mir_manual_navigation/__init__.py -> /home/basmala/mir250_ws/src/MiR250/MIR_250/install/mir_manual_navigation/lib/python3.10/site-packages/mir_manual_navigation
[1.327s] copying /home/basmala/mir250_ws/src/MiR250/MIR_250/build/mir_manual_navigation/build/lib/mir_manual_navigation/isaac_calibration_test.py -> /home/basmala/mir250_ws/src/MiR250/MIR_250/install/mir_manual_navigation/lib/python3.10/site-packages/mir_manual_navigation
[1.327s] copying /home/basmala/mir250_ws/src/MiR250/MIR_250/build/mir_manual_navigation/build/lib/mir_manual_navigation/encoder_to_joint_state.py -> /home/basmala/mir250_ws/src/MiR250/MIR_250/install/mir_manual_navigation/lib/python3.10/site-packages/mir_manual_navigation
[1.327s] copying /home/basmala/mir250_ws/src/MiR250/MIR_250/build/mir_manual_navigation/build/lib/mir_manual_navigation/cloud_transformation.py -> /home/basmala/mir250_ws/src/MiR250/MIR_250/install/mir_manual_navigation/lib/python3.10/site-packages/mir_manual_navigation
[1.327s] copying /home/basmala/mir250_ws/src/MiR250/MIR_250/build/mir_manual_navigation/build/lib/mir_manual_navigation/isaac_diff_controller.py -> /home/basmala/mir250_ws/src/MiR250/MIR_250/install/mir_manual_navigation/lib/python3.10/site-packages/mir_manual_navigation
[1.327s] copying /home/basmala/mir250_ws/src/MiR250/MIR_250/build/mir_manual_navigation/build/lib/mir_manual_navigation/initial_position_mir.py -> /home/basmala/mir250_ws/src/MiR250/MIR_250/install/mir_manual_navigation/lib/python3.10/site-packages/mir_manual_navigation
[1.328s] byte-compiling /home/basmala/mir250_ws/src/MiR250/MIR_250/install/mir_manual_navigation/lib/python3.10/site-packages/mir_manual_navigation/__init__.py to __init__.cpython-310.pyc
[1.328s] byte-compiling /home/basmala/mir250_ws/src/MiR250/MIR_250/install/mir_manual_navigation/lib/python3.10/site-packages/mir_manual_navigation/isaac_calibration_test.py to isaac_calibration_test.cpython-310.pyc
[1.330s] byte-compiling /home/basmala/mir250_ws/src/MiR250/MIR_250/install/mir_manual_navigation/lib/python3.10/site-packages/mir_manual_navigation/encoder_to_joint_state.py to encoder_to_joint_state.cpython-310.pyc
[1.330s] byte-compiling /home/basmala/mir250_ws/src/MiR250/MIR_250/install/mir_manual_navigation/lib/python3.10/site-packages/mir_manual_navigation/cloud_transformation.py to cloud_transformation.cpython-310.pyc
[1.331s] byte-compiling /home/basmala/mir250_ws/src/MiR250/MIR_250/install/mir_manual_navigation/lib/python3.10/site-packages/mir_manual_navigation/isaac_diff_controller.py to isaac_diff_controller.cpython-310.pyc
[1.332s] byte-compiling /home/basmala/mir250_ws/src/MiR250/MIR_250/install/mir_manual_navigation/lib/python3.10/site-packages/mir_manual_navigation/initial_position_mir.py to initial_position_mir.cpython-310.pyc
[1.333s] running install_data
[1.333s] creating /home/basmala/mir250_ws/src/MiR250/MIR_250/install/mir_manual_navigation/share/ament_index
[1.333s] creating /home/basmala/mir250_ws/src/MiR250/MIR_250/install/mir_manual_navigation/share/ament_index/resource_index
[1.334s] creating /home/basmala/mir250_ws/src/MiR250/MIR_250/install/mir_manual_navigation/share/ament_index/resource_index/packages
[1.334s] copying resource/mir_manual_navigation -> /home/basmala/mir250_ws/src/MiR250/MIR_250/install/mir_manual_navigation/share/ament_index/resource_index/packages
[1.334s] copying package.xml -> /home/basmala/mir250_ws/src/MiR250/MIR_250/install/mir_manual_navigation/share/mir_manual_navigation
[1.334s] creating /home/basmala/mir250_ws/src/MiR250/MIR_250/install/mir_manual_navigation/share/mir_manual_navigation/launch
[1.334s] copying launch/manual_control_launch.py -> /home/basmala/mir250_ws/src/MiR250/MIR_250/install/mir_manual_navigation/share/mir_manual_navigation/launch
[1.335s] creating /home/basmala/mir250_ws/src/MiR250/MIR_250/install/mir_manual_navigation/share/mir_manual_navigation/config
[1.335s] copying config/joy_init.yaml -> /home/basmala/mir250_ws/src/MiR250/MIR_250/install/mir_manual_navigation/share/mir_manual_navigation/config
[1.336s] copying config/joy_config.yaml -> /home/basmala/mir250_ws/src/MiR250/MIR_250/install/mir_manual_navigation/share/mir_manual_navigation/config
[1.336s] copying config/twist_mux.yaml -> /home/basmala/mir250_ws/src/MiR250/MIR_250/install/mir_manual_navigation/share/mir_manual_navigation/config
[1.336s] running install_egg_info
[1.338s] Copying ../build/mir_manual_navigation/mir_manual_navigation.egg-info to /home/basmala/mir250_ws/src/MiR250/MIR_250/install/mir_manual_navigation/lib/python3.10/site-packages/mir_manual_navigation-0.0.0-py3.10.egg-info
[1.339s] running install_scripts
[1.365s] Installing cloud_transformation script to /home/basmala/mir250_ws/src/MiR250/MIR_250/install/mir_manual_navigation/lib/mir_manual_navigation
[1.365s] Installing encoder_to_joint_state script to /home/basmala/mir250_ws/src/MiR250/MIR_250/install/mir_manual_navigation/lib/mir_manual_navigation
[1.365s] Installing initial_position_mir script to /home/basmala/mir250_ws/src/MiR250/MIR_250/install/mir_manual_navigation/lib/mir_manual_navigation
[1.366s] Installing isaac_calibration_test script to /home/basmala/mir250_ws/src/MiR250/MIR_250/install/mir_manual_navigation/lib/mir_manual_navigation
[1.366s] Installing isaac_diff_controller script to /home/basmala/mir250_ws/src/MiR250/MIR_250/install/mir_manual_navigation/lib/mir_manual_navigation
[1.366s] writing list of installed files to '/home/basmala/mir250_ws/src/MiR250/MIR_250/build/mir_manual_navigation/install.log'
[1.403s] Invoked command in '/home/basmala/mir250_ws/src/MiR250/MIR_250/mir_manual_navigation' returned '0': AMENT_PREFIX_PATH=/home/basmala/mir250_ws/src/MiR250/MIR_250/install/mir_driver:/home/basmala/mir250_ws/src/MiR250/MIR_250/install/sensors_launcher_mir_250:/home/basmala/mir250_ws/src/MiR250/MIR_250/install/sdc21x0:/home/basmala/mir250_ws/src/MiR250/MIR_250/install/mir_restapi:/home/basmala/mir250_ws/src/MiR250/MIR_250/install/mir_navigation:/home/basmala/mir250_ws/src/MiR250/MIR_250/install/mir_manual_navigation:/home/basmala/mir250_ws/src/MiR250/MIR_250/install/graph_based_navigation_system:/home/basmala/mir250_ws/src/MiR250/MIR_250/install/mir_msgs:/home/basmala/mir250_ws/src/MiR250/MIR_250/install/mir_description:/home/basmala/mir250_ws/src/MiR250/MIR_250/install/mir_actions:/home/basmala/mir250_ws/install/sensors_launcher_mir_250:/home/basmala/mir250_ws/install/sdc21x0:/home/basmala/mir250_ws/install/mir_restapi:/home/basmala/mir250_ws/install/mir_navigation:/home/basmala/mir250_ws/install/mir_manual_navigation:/home/basmala/mir250_ws/install/graph_based_navigation_system:/home/basmala/mir250_ws/install/mir_driver:/home/basmala/mir250_ws/install/mir_msgs:/home/basmala/mir250_ws/install/mir_description:/home/basmala/mir250_ws/install/mir_actions:/opt/ros/humble CMAKE_PREFIX_PATH=/home/basmala/mir250_ws/src/MiR250/MIR_250/install/mir_msgs:/home/basmala/mir250_ws/src/MiR250/MIR_250/install/mir_description:/home/basmala/mir250_ws/src/MiR250/MIR_250/install/sensors_launcher_mir_250:/home/basmala/mir250_ws/src/MiR250/MIR_250/install/sdc21x0:/home/basmala/mir250_ws/src/MiR250/MIR_250/install/mir_navigation:/home/basmala/mir250_ws/src/MiR250/MIR_250/install/mir_actions:/home/basmala/mir250_ws/install/sensors_launcher_mir_250:/home/basmala/mir250_ws/install/sdc21x0:/home/basmala/mir250_ws/install/mir_navigation:/home/basmala/mir250_ws/install/mir_msgs:/home/basmala/mir250_ws/install/mir_description:/home/basmala/mir250_ws/install/mir_actions LD_LIBRARY_PATH=/home/basmala/mir250_ws/src/MiR250/MIR_250/install/mir_msgs/lib:/home/basmala/mir250_ws/src/MiR250/MIR_250/install/sensors_launcher_mir_250/lib:/home/basmala/mir250_ws/src/MiR250/MIR_250/install/sdc21x0/lib:/home/basmala/mir250_ws/src/MiR250/MIR_250/install/mir_actions/lib:/home/basmala/mir250_ws/install/sensors_launcher_mir_250/lib:/home/basmala/mir250_ws/install/sdc21x0/lib:/home/basmala/mir250_ws/install/mir_msgs/lib:/home/basmala/mir250_ws/install/mir_actions/lib:/opt/ros/humble/opt/rviz_ogre_vendor/lib:/opt/ros/humble/lib/x86_64-linux-gnu:/opt/ros/humble/lib PYTHONPATH=/home/basmala/mir250_ws/src/MiR250/MIR_250/build/mir_manual_navigation/prefix_override:/usr/lib/python3/dist-packages/colcon_core/task/python/colcon_distutils_commands:/home/basmala/mir250_ws/src/MiR250/MIR_250/install/mir_manual_navigation/lib/python3.10/site-packages:/home/basmala/mir250_ws/src/MiR250/MIR_250/install/mir_driver/lib/python3.10/site-packages:/home/basmala/mir250_ws/src/MiR250/MIR_250/install/sdc21x0/local/lib/python3.10/dist-packages:/home/basmala/mir250_ws/src/MiR250/MIR_250/install/mir_restapi/lib/python3.10/site-packages:/home/basmala/mir250_ws/src/MiR250/MIR_250/install/mir_manual_navigation/lib/python3.10/site-packages:/home/basmala/mir250_ws/src/MiR250/MIR_250/install/graph_based_navigation_system/lib/python3.10/site-packages:/home/basmala/mir250_ws/src/MiR250/MIR_250/install/mir_msgs/local/lib/python3.10/dist-packages:/home/basmala/mir250_ws/src/MiR250/MIR_250/install/mir_actions/local/lib/python3.10/dist-packages:/home/basmala/mir250_ws/install/sdc21x0/local/lib/python3.10/dist-packages:/home/basmala/mir250_ws/install/mir_restapi/lib/python3.10/site-packages:/home/basmala/mir250_ws/install/mir_manual_navigation/lib/python3.10/site-packages:/home/basmala/mir250_ws/install/graph_based_navigation_system/lib/python3.10/site-packages:/home/basmala/mir250_ws/install/mir_driver/lib/python3.10/site-packages:/home/basmala/mir250_ws/install/mir_msgs/local/lib/python3.10/dist-packages:/home/basmala/mir250_ws/install/mir_actions/local/lib/python3.10/dist-packages:/opt/ros/humble/lib/python3.10/site-packages:/opt/ros/humble/local/lib/python3.10/dist-packages /usr/bin/python3 -W ignore:setup.py install is deprecated -W ignore:easy_install command is deprecated setup.py egg_info --egg-base ../build/mir_manual_navigation build --build-base /home/basmala/mir250_ws/src/MiR250/MIR_250/build/mir_manual_navigation/build install --record /home/basmala/mir250_ws/src/MiR250/MIR_250/build/mir_manual_navigation/install.log --install-scripts $base/lib/mir_manual_navigation --single-version-externally-managed install_data
