[0.165s] DEBUG:colcon:Command line arguments: ['/usr/bin/colcon', 'build', '--packages-select', 'sensors_launcher_mir_250']
[0.165s] DEBUG:colcon:Parsed command line arguments: Namespace(log_base=None, log_level=None, verb_name='build', build_base='build', install_base='install', merge_install=False, symlink_install=False, test_result_base=None, continue_on_error=False, executor='parallel', parallel_workers=20, event_handlers=None, ignore_user_meta=False, metas=['./colcon.meta'], base_paths=['.'], packages_ignore=None, packages_ignore_regex=None, paths=None, packages_up_to=None, packages_up_to_regex=None, packages_above=None, packages_above_and_dependencies=None, packages_above_depth=None, packages_select_by_dep=None, packages_skip_by_dep=None, packages_skip_up_to=None, packages_select_build_failed=False, packages_skip_build_finished=False, packages_select_test_failures=False, packages_skip_test_passed=False, packages_select=['sensors_launcher_mir_250'], packages_skip=None, packages_select_regex=None, packages_skip_regex=None, packages_start=None, packages_end=None, allow_overriding=[], cmake_args=None, cmake_target=None, cmake_target_skip_unavailable=False, cmake_clean_cache=False, cmake_clean_first=False, cmake_force_configure=False, ament_cmake_args=None, catkin_cmake_args=None, catkin_skip_building_tests=False, mixin_files=None, mixin=None, verb_parser=<colcon_mixin.mixin.mixin_argument.MixinArgumentDecorator object at 0x778aa002faf0>, verb_extension=<colcon_core.verb.build.BuildVerb object at 0x778a9ffe90f0>, main=<bound method BuildVerb.main of <colcon_core.verb.build.BuildVerb object at 0x778a9ffe90f0>>, mixin_verb=('build',))
[0.329s] Level 1:colcon.colcon_core.package_discovery:discover_packages(colcon_meta) check parameters
[0.329s] Level 1:colcon.colcon_core.package_discovery:discover_packages(recursive) check parameters
[0.329s] Level 1:colcon.colcon_core.package_discovery:discover_packages(ignore) check parameters
[0.329s] Level 1:colcon.colcon_core.package_discovery:discover_packages(path) check parameters
[0.329s] Level 1:colcon.colcon_core.package_discovery:discover_packages(colcon_meta) discover
[0.329s] Level 1:colcon.colcon_core.package_discovery:discover_packages(recursive) discover
[0.329s] INFO:colcon.colcon_core.package_discovery:Crawling recursively for packages in '/home/basmala/mir250_ws'
[0.329s] Level 1:colcon.colcon_core.package_identification:_identify(.) by extensions ['ignore', 'ignore_ament_install']
[0.329s] Level 1:colcon.colcon_core.package_identification:_identify(.) by extension 'ignore'
[0.329s] Level 1:colcon.colcon_core.package_identification:_identify(.) by extension 'ignore_ament_install'
[0.329s] Level 1:colcon.colcon_core.package_identification:_identify(.) by extensions ['colcon_pkg']
[0.329s] Level 1:colcon.colcon_core.package_identification:_identify(.) by extension 'colcon_pkg'
[0.329s] Level 1:colcon.colcon_core.package_identification:_identify(.) by extensions ['colcon_meta']
[0.329s] Level 1:colcon.colcon_core.package_identification:_identify(.) by extension 'colcon_meta'
[0.329s] Level 1:colcon.colcon_core.package_identification:_identify(.) by extensions ['ros']
[0.329s] Level 1:colcon.colcon_core.package_identification:_identify(.) by extension 'ros'
[0.339s] Level 1:colcon.colcon_core.package_identification:_identify(.) by extensions ['cmake', 'python']
[0.339s] Level 1:colcon.colcon_core.package_identification:_identify(.) by extension 'cmake'
[0.339s] Level 1:colcon.colcon_core.package_identification:_identify(.) by extension 'python'
[0.339s] Level 1:colcon.colcon_core.package_identification:_identify(.) by extensions ['python_setup_py']
[0.339s] Level 1:colcon.colcon_core.package_identification:_identify(.) by extension 'python_setup_py'
[0.339s] Level 1:colcon.colcon_core.package_identification:_identify(MIR250 Specifications) by extensions ['ignore', 'ignore_ament_install']
[0.339s] Level 1:colcon.colcon_core.package_identification:_identify(MIR250 Specifications) by extension 'ignore'
[0.339s] Level 1:colcon.colcon_core.package_identification:_identify(MIR250 Specifications) by extension 'ignore_ament_install'
[0.339s] Level 1:colcon.colcon_core.package_identification:_identify(MIR250 Specifications) by extensions ['colcon_pkg']
[0.339s] Level 1:colcon.colcon_core.package_identification:_identify(MIR250 Specifications) by extension 'colcon_pkg'
[0.340s] Level 1:colcon.colcon_core.package_identification:_identify(MIR250 Specifications) by extensions ['colcon_meta']
[0.340s] Level 1:colcon.colcon_core.package_identification:_identify(MIR250 Specifications) by extension 'colcon_meta'
[0.340s] Level 1:colcon.colcon_core.package_identification:_identify(MIR250 Specifications) by extensions ['ros']
[0.340s] Level 1:colcon.colcon_core.package_identification:_identify(MIR250 Specifications) by extension 'ros'
[0.340s] Level 1:colcon.colcon_core.package_identification:_identify(MIR250 Specifications) by extensions ['cmake', 'python']
[0.340s] Level 1:colcon.colcon_core.package_identification:_identify(MIR250 Specifications) by extension 'cmake'
[0.340s] Level 1:colcon.colcon_core.package_identification:_identify(MIR250 Specifications) by extension 'python'
[0.340s] Level 1:colcon.colcon_core.package_identification:_identify(MIR250 Specifications) by extensions ['python_setup_py']
[0.340s] Level 1:colcon.colcon_core.package_identification:_identify(MIR250 Specifications) by extension 'python_setup_py'
[0.340s] Level 1:colcon.colcon_core.package_identification:_identify(MIR_250) by extensions ['ignore', 'ignore_ament_install']
[0.340s] Level 1:colcon.colcon_core.package_identification:_identify(MIR_250) by extension 'ignore'
[0.340s] Level 1:colcon.colcon_core.package_identification:_identify(MIR_250) by extension 'ignore_ament_install'
[0.340s] Level 1:colcon.colcon_core.package_identification:_identify(MIR_250) by extensions ['colcon_pkg']
[0.340s] Level 1:colcon.colcon_core.package_identification:_identify(MIR_250) by extension 'colcon_pkg'
[0.340s] Level 1:colcon.colcon_core.package_identification:_identify(MIR_250) by extensions ['colcon_meta']
[0.340s] Level 1:colcon.colcon_core.package_identification:_identify(MIR_250) by extension 'colcon_meta'
[0.340s] Level 1:colcon.colcon_core.package_identification:_identify(MIR_250) by extensions ['ros']
[0.340s] Level 1:colcon.colcon_core.package_identification:_identify(MIR_250) by extension 'ros'
[0.340s] Level 1:colcon.colcon_core.package_identification:_identify(MIR_250) by extensions ['cmake', 'python']
[0.340s] Level 1:colcon.colcon_core.package_identification:_identify(MIR_250) by extension 'cmake'
[0.340s] Level 1:colcon.colcon_core.package_identification:_identify(MIR_250) by extension 'python'
[0.340s] Level 1:colcon.colcon_core.package_identification:_identify(MIR_250) by extensions ['python_setup_py']
[0.340s] Level 1:colcon.colcon_core.package_identification:_identify(MIR_250) by extension 'python_setup_py'
[0.340s] Level 1:colcon.colcon_core.package_identification:_identify(MIR_250/build) by extensions ['ignore', 'ignore_ament_install']
[0.340s] Level 1:colcon.colcon_core.package_identification:_identify(MIR_250/build) by extension 'ignore'
[0.340s] Level 1:colcon.colcon_core.package_identification:_identify(MIR_250/build) ignored
[0.340s] Level 1:colcon.colcon_core.package_identification:_identify(MIR_250/graph_based_navigation_system) by extensions ['ignore', 'ignore_ament_install']
[0.340s] Level 1:colcon.colcon_core.package_identification:_identify(MIR_250/graph_based_navigation_system) by extension 'ignore'
[0.340s] Level 1:colcon.colcon_core.package_identification:_identify(MIR_250/graph_based_navigation_system) by extension 'ignore_ament_install'
[0.340s] Level 1:colcon.colcon_core.package_identification:_identify(MIR_250/graph_based_navigation_system) by extensions ['colcon_pkg']
[0.340s] Level 1:colcon.colcon_core.package_identification:_identify(MIR_250/graph_based_navigation_system) by extension 'colcon_pkg'
[0.340s] Level 1:colcon.colcon_core.package_identification:_identify(MIR_250/graph_based_navigation_system) by extensions ['colcon_meta']
[0.340s] Level 1:colcon.colcon_core.package_identification:_identify(MIR_250/graph_based_navigation_system) by extension 'colcon_meta'
[0.340s] Level 1:colcon.colcon_core.package_identification:_identify(MIR_250/graph_based_navigation_system) by extensions ['ros']
[0.340s] Level 1:colcon.colcon_core.package_identification:_identify(MIR_250/graph_based_navigation_system) by extension 'ros'
[0.343s] DEBUG:colcon.colcon_core.package_identification:Package 'MIR_250/graph_based_navigation_system' with type 'ros.ament_python' and name 'graph_based_navigation_system'
[0.343s] Level 1:colcon.colcon_core.package_identification:_identify(MIR_250/install) by extensions ['ignore', 'ignore_ament_install']
[0.343s] Level 1:colcon.colcon_core.package_identification:_identify(MIR_250/install) by extension 'ignore'
[0.343s] Level 1:colcon.colcon_core.package_identification:_identify(MIR_250/install) ignored
[0.343s] Level 1:colcon.colcon_core.package_identification:_identify(MIR_250/log) by extensions ['ignore', 'ignore_ament_install']
[0.343s] Level 1:colcon.colcon_core.package_identification:_identify(MIR_250/log) by extension 'ignore'
[0.343s] Level 1:colcon.colcon_core.package_identification:_identify(MIR_250/log) ignored
[0.343s] Level 1:colcon.colcon_core.package_identification:_identify(MIR_250/mir_actions) by extensions ['ignore', 'ignore_ament_install']
[0.343s] Level 1:colcon.colcon_core.package_identification:_identify(MIR_250/mir_actions) by extension 'ignore'
[0.343s] Level 1:colcon.colcon_core.package_identification:_identify(MIR_250/mir_actions) by extension 'ignore_ament_install'
[0.343s] Level 1:colcon.colcon_core.package_identification:_identify(MIR_250/mir_actions) by extensions ['colcon_pkg']
[0.343s] Level 1:colcon.colcon_core.package_identification:_identify(MIR_250/mir_actions) by extension 'colcon_pkg'
[0.343s] Level 1:colcon.colcon_core.package_identification:_identify(MIR_250/mir_actions) by extensions ['colcon_meta']
[0.343s] Level 1:colcon.colcon_core.package_identification:_identify(MIR_250/mir_actions) by extension 'colcon_meta'
[0.343s] Level 1:colcon.colcon_core.package_identification:_identify(MIR_250/mir_actions) by extensions ['ros']
[0.343s] Level 1:colcon.colcon_core.package_identification:_identify(MIR_250/mir_actions) by extension 'ros'
[0.344s] DEBUG:colcon.colcon_core.package_identification:Package 'MIR_250/mir_actions' with type 'ros.ament_cmake' and name 'mir_actions'
[0.344s] Level 1:colcon.colcon_core.package_identification:_identify(MIR_250/mir_description) by extensions ['ignore', 'ignore_ament_install']
[0.344s] Level 1:colcon.colcon_core.package_identification:_identify(MIR_250/mir_description) by extension 'ignore'
[0.344s] Level 1:colcon.colcon_core.package_identification:_identify(MIR_250/mir_description) by extension 'ignore_ament_install'
[0.344s] Level 1:colcon.colcon_core.package_identification:_identify(MIR_250/mir_description) by extensions ['colcon_pkg']
[0.344s] Level 1:colcon.colcon_core.package_identification:_identify(MIR_250/mir_description) by extension 'colcon_pkg'
[0.344s] Level 1:colcon.colcon_core.package_identification:_identify(MIR_250/mir_description) by extensions ['colcon_meta']
[0.344s] Level 1:colcon.colcon_core.package_identification:_identify(MIR_250/mir_description) by extension 'colcon_meta'
[0.344s] Level 1:colcon.colcon_core.package_identification:_identify(MIR_250/mir_description) by extensions ['ros']
[0.344s] Level 1:colcon.colcon_core.package_identification:_identify(MIR_250/mir_description) by extension 'ros'
[0.344s] DEBUG:colcon.colcon_core.package_identification:Package 'MIR_250/mir_description' with type 'ros.ament_cmake' and name 'mir_description'
[0.344s] Level 1:colcon.colcon_core.package_identification:_identify(MIR_250/mir_driver) by extensions ['ignore', 'ignore_ament_install']
[0.344s] Level 1:colcon.colcon_core.package_identification:_identify(MIR_250/mir_driver) by extension 'ignore'
[0.345s] Level 1:colcon.colcon_core.package_identification:_identify(MIR_250/mir_driver) by extension 'ignore_ament_install'
[0.345s] Level 1:colcon.colcon_core.package_identification:_identify(MIR_250/mir_driver) by extensions ['colcon_pkg']
[0.345s] Level 1:colcon.colcon_core.package_identification:_identify(MIR_250/mir_driver) by extension 'colcon_pkg'
[0.345s] Level 1:colcon.colcon_core.package_identification:_identify(MIR_250/mir_driver) by extensions ['colcon_meta']
[0.345s] Level 1:colcon.colcon_core.package_identification:_identify(MIR_250/mir_driver) by extension 'colcon_meta'
[0.345s] Level 1:colcon.colcon_core.package_identification:_identify(MIR_250/mir_driver) by extensions ['ros']
[0.345s] Level 1:colcon.colcon_core.package_identification:_identify(MIR_250/mir_driver) by extension 'ros'
[0.346s] DEBUG:colcon.colcon_core.package_identification:Package 'MIR_250/mir_driver' with type 'ros.ament_python' and name 'mir_driver'
[0.346s] Level 1:colcon.colcon_core.package_identification:_identify(MIR_250/mir_manual_navigation) by extensions ['ignore', 'ignore_ament_install']
[0.346s] Level 1:colcon.colcon_core.package_identification:_identify(MIR_250/mir_manual_navigation) by extension 'ignore'
[0.346s] Level 1:colcon.colcon_core.package_identification:_identify(MIR_250/mir_manual_navigation) by extension 'ignore_ament_install'
[0.346s] Level 1:colcon.colcon_core.package_identification:_identify(MIR_250/mir_manual_navigation) by extensions ['colcon_pkg']
[0.346s] Level 1:colcon.colcon_core.package_identification:_identify(MIR_250/mir_manual_navigation) by extension 'colcon_pkg'
[0.346s] Level 1:colcon.colcon_core.package_identification:_identify(MIR_250/mir_manual_navigation) by extensions ['colcon_meta']
[0.346s] Level 1:colcon.colcon_core.package_identification:_identify(MIR_250/mir_manual_navigation) by extension 'colcon_meta'
[0.346s] Level 1:colcon.colcon_core.package_identification:_identify(MIR_250/mir_manual_navigation) by extensions ['ros']
[0.346s] Level 1:colcon.colcon_core.package_identification:_identify(MIR_250/mir_manual_navigation) by extension 'ros'
[0.346s] DEBUG:colcon.colcon_core.package_identification:Package 'MIR_250/mir_manual_navigation' with type 'ros.ament_python' and name 'mir_manual_navigation'
[0.346s] Level 1:colcon.colcon_core.package_identification:_identify(MIR_250/mir_msgs) by extensions ['ignore', 'ignore_ament_install']
[0.346s] Level 1:colcon.colcon_core.package_identification:_identify(MIR_250/mir_msgs) by extension 'ignore'
[0.346s] Level 1:colcon.colcon_core.package_identification:_identify(MIR_250/mir_msgs) by extension 'ignore_ament_install'
[0.347s] Level 1:colcon.colcon_core.package_identification:_identify(MIR_250/mir_msgs) by extensions ['colcon_pkg']
[0.347s] Level 1:colcon.colcon_core.package_identification:_identify(MIR_250/mir_msgs) by extension 'colcon_pkg'
[0.347s] Level 1:colcon.colcon_core.package_identification:_identify(MIR_250/mir_msgs) by extensions ['colcon_meta']
[0.347s] Level 1:colcon.colcon_core.package_identification:_identify(MIR_250/mir_msgs) by extension 'colcon_meta'
[0.347s] Level 1:colcon.colcon_core.package_identification:_identify(MIR_250/mir_msgs) by extensions ['ros']
[0.347s] Level 1:colcon.colcon_core.package_identification:_identify(MIR_250/mir_msgs) by extension 'ros'
[0.347s] DEBUG:colcon.colcon_core.package_identification:Package 'MIR_250/mir_msgs' with type 'ros.ament_cmake' and name 'mir_msgs'
[0.347s] Level 1:colcon.colcon_core.package_identification:_identify(MIR_250/mir_navigation) by extensions ['ignore', 'ignore_ament_install']
[0.347s] Level 1:colcon.colcon_core.package_identification:_identify(MIR_250/mir_navigation) by extension 'ignore'
[0.347s] Level 1:colcon.colcon_core.package_identification:_identify(MIR_250/mir_navigation) by extension 'ignore_ament_install'
[0.347s] Level 1:colcon.colcon_core.package_identification:_identify(MIR_250/mir_navigation) by extensions ['colcon_pkg']
[0.347s] Level 1:colcon.colcon_core.package_identification:_identify(MIR_250/mir_navigation) by extension 'colcon_pkg'
[0.347s] Level 1:colcon.colcon_core.package_identification:_identify(MIR_250/mir_navigation) by extensions ['colcon_meta']
[0.347s] Level 1:colcon.colcon_core.package_identification:_identify(MIR_250/mir_navigation) by extension 'colcon_meta'
[0.347s] Level 1:colcon.colcon_core.package_identification:_identify(MIR_250/mir_navigation) by extensions ['ros']
[0.347s] Level 1:colcon.colcon_core.package_identification:_identify(MIR_250/mir_navigation) by extension 'ros'
[0.348s] DEBUG:colcon.colcon_core.package_identification:Package 'MIR_250/mir_navigation' with type 'ros.ament_cmake' and name 'mir_navigation'
[0.348s] Level 1:colcon.colcon_core.package_identification:_identify(MIR_250/mir_restapi) by extensions ['ignore', 'ignore_ament_install']
[0.348s] Level 1:colcon.colcon_core.package_identification:_identify(MIR_250/mir_restapi) by extension 'ignore'
[0.348s] Level 1:colcon.colcon_core.package_identification:_identify(MIR_250/mir_restapi) by extension 'ignore_ament_install'
[0.348s] Level 1:colcon.colcon_core.package_identification:_identify(MIR_250/mir_restapi) by extensions ['colcon_pkg']
[0.348s] Level 1:colcon.colcon_core.package_identification:_identify(MIR_250/mir_restapi) by extension 'colcon_pkg'
[0.348s] Level 1:colcon.colcon_core.package_identification:_identify(MIR_250/mir_restapi) by extensions ['colcon_meta']
[0.348s] Level 1:colcon.colcon_core.package_identification:_identify(MIR_250/mir_restapi) by extension 'colcon_meta'
[0.348s] Level 1:colcon.colcon_core.package_identification:_identify(MIR_250/mir_restapi) by extensions ['ros']
[0.348s] Level 1:colcon.colcon_core.package_identification:_identify(MIR_250/mir_restapi) by extension 'ros'
[0.348s] DEBUG:colcon.colcon_core.package_identification:Package 'MIR_250/mir_restapi' with type 'ros.ament_python' and name 'mir_restapi'
[0.348s] Level 1:colcon.colcon_core.package_identification:_identify(MIR_250/sdc21x0) by extensions ['ignore', 'ignore_ament_install']
[0.348s] Level 1:colcon.colcon_core.package_identification:_identify(MIR_250/sdc21x0) by extension 'ignore'
[0.349s] Level 1:colcon.colcon_core.package_identification:_identify(MIR_250/sdc21x0) by extension 'ignore_ament_install'
[0.349s] Level 1:colcon.colcon_core.package_identification:_identify(MIR_250/sdc21x0) by extensions ['colcon_pkg']
[0.349s] Level 1:colcon.colcon_core.package_identification:_identify(MIR_250/sdc21x0) by extension 'colcon_pkg'
[0.349s] Level 1:colcon.colcon_core.package_identification:_identify(MIR_250/sdc21x0) by extensions ['colcon_meta']
[0.349s] Level 1:colcon.colcon_core.package_identification:_identify(MIR_250/sdc21x0) by extension 'colcon_meta'
[0.349s] Level 1:colcon.colcon_core.package_identification:_identify(MIR_250/sdc21x0) by extensions ['ros']
[0.349s] Level 1:colcon.colcon_core.package_identification:_identify(MIR_250/sdc21x0) by extension 'ros'
[0.349s] DEBUG:colcon.colcon_core.package_identification:Package 'MIR_250/sdc21x0' with type 'ros.ament_cmake' and name 'sdc21x0'
[0.349s] Level 1:colcon.colcon_core.package_identification:_identify(MIR_250/sensors_launcher_mir_250) by extensions ['ignore', 'ignore_ament_install']
[0.349s] Level 1:colcon.colcon_core.package_identification:_identify(MIR_250/sensors_launcher_mir_250) by extension 'ignore'
[0.349s] Level 1:colcon.colcon_core.package_identification:_identify(MIR_250/sensors_launcher_mir_250) by extension 'ignore_ament_install'
[0.349s] Level 1:colcon.colcon_core.package_identification:_identify(MIR_250/sensors_launcher_mir_250) by extensions ['colcon_pkg']
[0.349s] Level 1:colcon.colcon_core.package_identification:_identify(MIR_250/sensors_launcher_mir_250) by extension 'colcon_pkg'
[0.349s] Level 1:colcon.colcon_core.package_identification:_identify(MIR_250/sensors_launcher_mir_250) by extensions ['colcon_meta']
[0.349s] Level 1:colcon.colcon_core.package_identification:_identify(MIR_250/sensors_launcher_mir_250) by extension 'colcon_meta'
[0.349s] Level 1:colcon.colcon_core.package_identification:_identify(MIR_250/sensors_launcher_mir_250) by extensions ['ros']
[0.349s] Level 1:colcon.colcon_core.package_identification:_identify(MIR_250/sensors_launcher_mir_250) by extension 'ros'
[0.350s] DEBUG:colcon.colcon_core.package_identification:Package 'MIR_250/sensors_launcher_mir_250' with type 'ros.ament_cmake' and name 'sensors_launcher_mir_250'
[0.350s] Level 1:colcon.colcon_core.package_identification:_identify(MIR_250/teleop_twist_keyboard) by extensions ['ignore', 'ignore_ament_install']
[0.350s] Level 1:colcon.colcon_core.package_identification:_identify(MIR_250/teleop_twist_keyboard) by extension 'ignore'
[0.350s] Level 1:colcon.colcon_core.package_identification:_identify(MIR_250/teleop_twist_keyboard) by extension 'ignore_ament_install'
[0.350s] Level 1:colcon.colcon_core.package_identification:_identify(MIR_250/teleop_twist_keyboard) by extensions ['colcon_pkg']
[0.350s] Level 1:colcon.colcon_core.package_identification:_identify(MIR_250/teleop_twist_keyboard) by extension 'colcon_pkg'
[0.350s] Level 1:colcon.colcon_core.package_identification:_identify(MIR_250/teleop_twist_keyboard) by extensions ['colcon_meta']
[0.350s] Level 1:colcon.colcon_core.package_identification:_identify(MIR_250/teleop_twist_keyboard) by extension 'colcon_meta'
[0.350s] Level 1:colcon.colcon_core.package_identification:_identify(MIR_250/teleop_twist_keyboard) by extensions ['ros']
[0.350s] Level 1:colcon.colcon_core.package_identification:_identify(MIR_250/teleop_twist_keyboard) by extension 'ros'
[0.351s] DEBUG:colcon.colcon_core.package_identification:Package 'MIR_250/teleop_twist_keyboard' with type 'ros.ament_python' and name 'teleop_twist_keyboard'
[0.351s] Level 1:colcon.colcon_core.package_identification:_identify(assests) by extensions ['ignore', 'ignore_ament_install']
[0.351s] Level 1:colcon.colcon_core.package_identification:_identify(assests) by extension 'ignore'
[0.351s] Level 1:colcon.colcon_core.package_identification:_identify(assests) by extension 'ignore_ament_install'
[0.351s] Level 1:colcon.colcon_core.package_identification:_identify(assests) by extensions ['colcon_pkg']
[0.351s] Level 1:colcon.colcon_core.package_identification:_identify(assests) by extension 'colcon_pkg'
[0.351s] Level 1:colcon.colcon_core.package_identification:_identify(assests) by extensions ['colcon_meta']
[0.351s] Level 1:colcon.colcon_core.package_identification:_identify(assests) by extension 'colcon_meta'
[0.351s] Level 1:colcon.colcon_core.package_identification:_identify(assests) by extensions ['ros']
[0.351s] Level 1:colcon.colcon_core.package_identification:_identify(assests) by extension 'ros'
[0.351s] Level 1:colcon.colcon_core.package_identification:_identify(assests) by extensions ['cmake', 'python']
[0.351s] Level 1:colcon.colcon_core.package_identification:_identify(assests) by extension 'cmake'
[0.351s] Level 1:colcon.colcon_core.package_identification:_identify(assests) by extension 'python'
[0.351s] Level 1:colcon.colcon_core.package_identification:_identify(assests) by extensions ['python_setup_py']
[0.351s] Level 1:colcon.colcon_core.package_identification:_identify(assests) by extension 'python_setup_py'
[0.351s] Level 1:colcon.colcon_core.package_identification:_identify(assests/media) by extensions ['ignore', 'ignore_ament_install']
[0.351s] Level 1:colcon.colcon_core.package_identification:_identify(assests/media) by extension 'ignore'
[0.351s] Level 1:colcon.colcon_core.package_identification:_identify(assests/media) by extension 'ignore_ament_install'
[0.351s] Level 1:colcon.colcon_core.package_identification:_identify(assests/media) by extensions ['colcon_pkg']
[0.351s] Level 1:colcon.colcon_core.package_identification:_identify(assests/media) by extension 'colcon_pkg'
[0.351s] Level 1:colcon.colcon_core.package_identification:_identify(assests/media) by extensions ['colcon_meta']
[0.351s] Level 1:colcon.colcon_core.package_identification:_identify(assests/media) by extension 'colcon_meta'
[0.351s] Level 1:colcon.colcon_core.package_identification:_identify(assests/media) by extensions ['ros']
[0.351s] Level 1:colcon.colcon_core.package_identification:_identify(assests/media) by extension 'ros'
[0.351s] Level 1:colcon.colcon_core.package_identification:_identify(assests/media) by extensions ['cmake', 'python']
[0.351s] Level 1:colcon.colcon_core.package_identification:_identify(assests/media) by extension 'cmake'
[0.351s] Level 1:colcon.colcon_core.package_identification:_identify(assests/media) by extension 'python'
[0.351s] Level 1:colcon.colcon_core.package_identification:_identify(assests/media) by extensions ['python_setup_py']
[0.351s] Level 1:colcon.colcon_core.package_identification:_identify(assests/media) by extension 'python_setup_py'
[0.351s] Level 1:colcon.colcon_core.package_identification:_identify(build) by extensions ['ignore', 'ignore_ament_install']
[0.351s] Level 1:colcon.colcon_core.package_identification:_identify(build) by extension 'ignore'
[0.351s] Level 1:colcon.colcon_core.package_identification:_identify(build) ignored
[0.351s] Level 1:colcon.colcon_core.package_identification:_identify(install) by extensions ['ignore', 'ignore_ament_install']
[0.351s] Level 1:colcon.colcon_core.package_identification:_identify(install) by extension 'ignore'
[0.352s] Level 1:colcon.colcon_core.package_identification:_identify(install) ignored
[0.352s] Level 1:colcon.colcon_core.package_identification:_identify(log) by extensions ['ignore', 'ignore_ament_install']
[0.352s] Level 1:colcon.colcon_core.package_identification:_identify(log) by extension 'ignore'
[0.352s] Level 1:colcon.colcon_core.package_identification:_identify(log) ignored
[0.352s] Level 1:colcon.colcon_core.package_identification:_identify(references) by extensions ['ignore', 'ignore_ament_install']
[0.352s] Level 1:colcon.colcon_core.package_identification:_identify(references) by extension 'ignore'
[0.352s] Level 1:colcon.colcon_core.package_identification:_identify(references) by extension 'ignore_ament_install'
[0.352s] Level 1:colcon.colcon_core.package_identification:_identify(references) by extensions ['colcon_pkg']
[0.352s] Level 1:colcon.colcon_core.package_identification:_identify(references) by extension 'colcon_pkg'
[0.352s] Level 1:colcon.colcon_core.package_identification:_identify(references) by extensions ['colcon_meta']
[0.352s] Level 1:colcon.colcon_core.package_identification:_identify(references) by extension 'colcon_meta'
[0.352s] Level 1:colcon.colcon_core.package_identification:_identify(references) by extensions ['ros']
[0.352s] Level 1:colcon.colcon_core.package_identification:_identify(references) by extension 'ros'
[0.352s] Level 1:colcon.colcon_core.package_identification:_identify(references) by extensions ['cmake', 'python']
[0.352s] Level 1:colcon.colcon_core.package_identification:_identify(references) by extension 'cmake'
[0.352s] Level 1:colcon.colcon_core.package_identification:_identify(references) by extension 'python'
[0.352s] Level 1:colcon.colcon_core.package_identification:_identify(references) by extensions ['python_setup_py']
[0.352s] Level 1:colcon.colcon_core.package_identification:_identify(references) by extension 'python_setup_py'
[0.352s] Level 1:colcon.colcon_core.package_identification:_identify(usd) by extensions ['ignore', 'ignore_ament_install']
[0.352s] Level 1:colcon.colcon_core.package_identification:_identify(usd) by extension 'ignore'
[0.352s] Level 1:colcon.colcon_core.package_identification:_identify(usd) by extension 'ignore_ament_install'
[0.352s] Level 1:colcon.colcon_core.package_identification:_identify(usd) by extensions ['colcon_pkg']
[0.352s] Level 1:colcon.colcon_core.package_identification:_identify(usd) by extension 'colcon_pkg'
[0.352s] Level 1:colcon.colcon_core.package_identification:_identify(usd) by extensions ['colcon_meta']
[0.352s] Level 1:colcon.colcon_core.package_identification:_identify(usd) by extension 'colcon_meta'
[0.352s] Level 1:colcon.colcon_core.package_identification:_identify(usd) by extensions ['ros']
[0.352s] Level 1:colcon.colcon_core.package_identification:_identify(usd) by extension 'ros'
[0.352s] Level 1:colcon.colcon_core.package_identification:_identify(usd) by extensions ['cmake', 'python']
[0.352s] Level 1:colcon.colcon_core.package_identification:_identify(usd) by extension 'cmake'
[0.352s] Level 1:colcon.colcon_core.package_identification:_identify(usd) by extension 'python'
[0.352s] Level 1:colcon.colcon_core.package_identification:_identify(usd) by extensions ['python_setup_py']
[0.352s] Level 1:colcon.colcon_core.package_identification:_identify(usd) by extension 'python_setup_py'
[0.352s] Level 1:colcon.colcon_core.package_identification:_identify(usd/objects) by extensions ['ignore', 'ignore_ament_install']
[0.352s] Level 1:colcon.colcon_core.package_identification:_identify(usd/objects) by extension 'ignore'
[0.352s] Level 1:colcon.colcon_core.package_identification:_identify(usd/objects) by extension 'ignore_ament_install'
[0.352s] Level 1:colcon.colcon_core.package_identification:_identify(usd/objects) by extensions ['colcon_pkg']
[0.352s] Level 1:colcon.colcon_core.package_identification:_identify(usd/objects) by extension 'colcon_pkg'
[0.352s] Level 1:colcon.colcon_core.package_identification:_identify(usd/objects) by extensions ['colcon_meta']
[0.352s] Level 1:colcon.colcon_core.package_identification:_identify(usd/objects) by extension 'colcon_meta'
[0.352s] Level 1:colcon.colcon_core.package_identification:_identify(usd/objects) by extensions ['ros']
[0.352s] Level 1:colcon.colcon_core.package_identification:_identify(usd/objects) by extension 'ros'
[0.353s] Level 1:colcon.colcon_core.package_identification:_identify(usd/objects) by extensions ['cmake', 'python']
[0.353s] Level 1:colcon.colcon_core.package_identification:_identify(usd/objects) by extension 'cmake'
[0.353s] Level 1:colcon.colcon_core.package_identification:_identify(usd/objects) by extension 'python'
[0.353s] Level 1:colcon.colcon_core.package_identification:_identify(usd/objects) by extensions ['python_setup_py']
[0.353s] Level 1:colcon.colcon_core.package_identification:_identify(usd/objects) by extension 'python_setup_py'
[0.353s] Level 1:colcon.colcon_core.package_identification:_identify(usd/robots) by extensions ['ignore', 'ignore_ament_install']
[0.353s] Level 1:colcon.colcon_core.package_identification:_identify(usd/robots) by extension 'ignore'
[0.353s] Level 1:colcon.colcon_core.package_identification:_identify(usd/robots) by extension 'ignore_ament_install'
[0.353s] Level 1:colcon.colcon_core.package_identification:_identify(usd/robots) by extensions ['colcon_pkg']
[0.353s] Level 1:colcon.colcon_core.package_identification:_identify(usd/robots) by extension 'colcon_pkg'
[0.353s] Level 1:colcon.colcon_core.package_identification:_identify(usd/robots) by extensions ['colcon_meta']
[0.353s] Level 1:colcon.colcon_core.package_identification:_identify(usd/robots) by extension 'colcon_meta'
[0.353s] Level 1:colcon.colcon_core.package_identification:_identify(usd/robots) by extensions ['ros']
[0.353s] Level 1:colcon.colcon_core.package_identification:_identify(usd/robots) by extension 'ros'
[0.353s] Level 1:colcon.colcon_core.package_identification:_identify(usd/robots) by extensions ['cmake', 'python']
[0.353s] Level 1:colcon.colcon_core.package_identification:_identify(usd/robots) by extension 'cmake'
[0.353s] Level 1:colcon.colcon_core.package_identification:_identify(usd/robots) by extension 'python'
[0.353s] Level 1:colcon.colcon_core.package_identification:_identify(usd/robots) by extensions ['python_setup_py']
[0.353s] Level 1:colcon.colcon_core.package_identification:_identify(usd/robots) by extension 'python_setup_py'
[0.353s] Level 1:colcon.colcon_core.package_identification:_identify(usd/robots/meshes) by extensions ['ignore', 'ignore_ament_install']
[0.353s] Level 1:colcon.colcon_core.package_identification:_identify(usd/robots/meshes) by extension 'ignore'
[0.353s] Level 1:colcon.colcon_core.package_identification:_identify(usd/robots/meshes) by extension 'ignore_ament_install'
[0.353s] Level 1:colcon.colcon_core.package_identification:_identify(usd/robots/meshes) by extensions ['colcon_pkg']
[0.353s] Level 1:colcon.colcon_core.package_identification:_identify(usd/robots/meshes) by extension 'colcon_pkg'
[0.353s] Level 1:colcon.colcon_core.package_identification:_identify(usd/robots/meshes) by extensions ['colcon_meta']
[0.353s] Level 1:colcon.colcon_core.package_identification:_identify(usd/robots/meshes) by extension 'colcon_meta'
[0.353s] Level 1:colcon.colcon_core.package_identification:_identify(usd/robots/meshes) by extensions ['ros']
[0.353s] Level 1:colcon.colcon_core.package_identification:_identify(usd/robots/meshes) by extension 'ros'
[0.353s] Level 1:colcon.colcon_core.package_identification:_identify(usd/robots/meshes) by extensions ['cmake', 'python']
[0.353s] Level 1:colcon.colcon_core.package_identification:_identify(usd/robots/meshes) by extension 'cmake'
[0.353s] Level 1:colcon.colcon_core.package_identification:_identify(usd/robots/meshes) by extension 'python'
[0.353s] Level 1:colcon.colcon_core.package_identification:_identify(usd/robots/meshes) by extensions ['python_setup_py']
[0.353s] Level 1:colcon.colcon_core.package_identification:_identify(usd/robots/meshes) by extension 'python_setup_py'
[0.353s] Level 1:colcon.colcon_core.package_identification:_identify(usd/robots/meshes/mir250) by extensions ['ignore', 'ignore_ament_install']
[0.353s] Level 1:colcon.colcon_core.package_identification:_identify(usd/robots/meshes/mir250) by extension 'ignore'
[0.353s] Level 1:colcon.colcon_core.package_identification:_identify(usd/robots/meshes/mir250) by extension 'ignore_ament_install'
[0.353s] Level 1:colcon.colcon_core.package_identification:_identify(usd/robots/meshes/mir250) by extensions ['colcon_pkg']
[0.353s] Level 1:colcon.colcon_core.package_identification:_identify(usd/robots/meshes/mir250) by extension 'colcon_pkg'
[0.353s] Level 1:colcon.colcon_core.package_identification:_identify(usd/robots/meshes/mir250) by extensions ['colcon_meta']
[0.353s] Level 1:colcon.colcon_core.package_identification:_identify(usd/robots/meshes/mir250) by extension 'colcon_meta'
[0.353s] Level 1:colcon.colcon_core.package_identification:_identify(usd/robots/meshes/mir250) by extensions ['ros']
[0.353s] Level 1:colcon.colcon_core.package_identification:_identify(usd/robots/meshes/mir250) by extension 'ros'
[0.353s] Level 1:colcon.colcon_core.package_identification:_identify(usd/robots/meshes/mir250) by extensions ['cmake', 'python']
[0.353s] Level 1:colcon.colcon_core.package_identification:_identify(usd/robots/meshes/mir250) by extension 'cmake'
[0.354s] Level 1:colcon.colcon_core.package_identification:_identify(usd/robots/meshes/mir250) by extension 'python'
[0.354s] Level 1:colcon.colcon_core.package_identification:_identify(usd/robots/meshes/mir250) by extensions ['python_setup_py']
[0.354s] Level 1:colcon.colcon_core.package_identification:_identify(usd/robots/meshes/mir250) by extension 'python_setup_py'
[0.354s] Level 1:colcon.colcon_core.package_identification:_identify(usd/robots/meshes/mir250/collision) by extensions ['ignore', 'ignore_ament_install']
[0.354s] Level 1:colcon.colcon_core.package_identification:_identify(usd/robots/meshes/mir250/collision) by extension 'ignore'
[0.354s] Level 1:colcon.colcon_core.package_identification:_identify(usd/robots/meshes/mir250/collision) by extension 'ignore_ament_install'
[0.354s] Level 1:colcon.colcon_core.package_identification:_identify(usd/robots/meshes/mir250/collision) by extensions ['colcon_pkg']
[0.354s] Level 1:colcon.colcon_core.package_identification:_identify(usd/robots/meshes/mir250/collision) by extension 'colcon_pkg'
[0.354s] Level 1:colcon.colcon_core.package_identification:_identify(usd/robots/meshes/mir250/collision) by extensions ['colcon_meta']
[0.354s] Level 1:colcon.colcon_core.package_identification:_identify(usd/robots/meshes/mir250/collision) by extension 'colcon_meta'
[0.354s] Level 1:colcon.colcon_core.package_identification:_identify(usd/robots/meshes/mir250/collision) by extensions ['ros']
[0.354s] Level 1:colcon.colcon_core.package_identification:_identify(usd/robots/meshes/mir250/collision) by extension 'ros'
[0.354s] Level 1:colcon.colcon_core.package_identification:_identify(usd/robots/meshes/mir250/collision) by extensions ['cmake', 'python']
[0.354s] Level 1:colcon.colcon_core.package_identification:_identify(usd/robots/meshes/mir250/collision) by extension 'cmake'
[0.354s] Level 1:colcon.colcon_core.package_identification:_identify(usd/robots/meshes/mir250/collision) by extension 'python'
[0.354s] Level 1:colcon.colcon_core.package_identification:_identify(usd/robots/meshes/mir250/collision) by extensions ['python_setup_py']
[0.354s] Level 1:colcon.colcon_core.package_identification:_identify(usd/robots/meshes/mir250/collision) by extension 'python_setup_py'
[0.354s] Level 1:colcon.colcon_core.package_identification:_identify(usd/robots/meshes/mir250/visual) by extensions ['ignore', 'ignore_ament_install']
[0.354s] Level 1:colcon.colcon_core.package_identification:_identify(usd/robots/meshes/mir250/visual) by extension 'ignore'
[0.354s] Level 1:colcon.colcon_core.package_identification:_identify(usd/robots/meshes/mir250/visual) by extension 'ignore_ament_install'
[0.354s] Level 1:colcon.colcon_core.package_identification:_identify(usd/robots/meshes/mir250/visual) by extensions ['colcon_pkg']
[0.354s] Level 1:colcon.colcon_core.package_identification:_identify(usd/robots/meshes/mir250/visual) by extension 'colcon_pkg'
[0.354s] Level 1:colcon.colcon_core.package_identification:_identify(usd/robots/meshes/mir250/visual) by extensions ['colcon_meta']
[0.354s] Level 1:colcon.colcon_core.package_identification:_identify(usd/robots/meshes/mir250/visual) by extension 'colcon_meta'
[0.354s] Level 1:colcon.colcon_core.package_identification:_identify(usd/robots/meshes/mir250/visual) by extensions ['ros']
[0.354s] Level 1:colcon.colcon_core.package_identification:_identify(usd/robots/meshes/mir250/visual) by extension 'ros'
[0.354s] Level 1:colcon.colcon_core.package_identification:_identify(usd/robots/meshes/mir250/visual) by extensions ['cmake', 'python']
[0.354s] Level 1:colcon.colcon_core.package_identification:_identify(usd/robots/meshes/mir250/visual) by extension 'cmake'
[0.354s] Level 1:colcon.colcon_core.package_identification:_identify(usd/robots/meshes/mir250/visual) by extension 'python'
[0.354s] Level 1:colcon.colcon_core.package_identification:_identify(usd/robots/meshes/mir250/visual) by extensions ['python_setup_py']
[0.354s] Level 1:colcon.colcon_core.package_identification:_identify(usd/robots/meshes/mir250/visual) by extension 'python_setup_py'
[0.354s] Level 1:colcon.colcon_core.package_discovery:discover_packages(recursive) using defaults
[0.354s] Level 1:colcon.colcon_core.package_discovery:discover_packages(ignore) discover
[0.354s] Level 1:colcon.colcon_core.package_discovery:discover_packages(ignore) using defaults
[0.354s] Level 1:colcon.colcon_core.package_discovery:discover_packages(path) discover
[0.354s] Level 1:colcon.colcon_core.package_discovery:discover_packages(path) using defaults
[0.384s] INFO:colcon.colcon_core.package_selection:Skipping not selected package 'mir_actions' in 'MIR_250/mir_actions'
[0.384s] INFO:colcon.colcon_core.package_selection:Skipping not selected package 'mir_description' in 'MIR_250/mir_description'
[0.384s] INFO:colcon.colcon_core.package_selection:Skipping not selected package 'mir_msgs' in 'MIR_250/mir_msgs'
[0.384s] INFO:colcon.colcon_core.package_selection:Skipping not selected package 'mir_restapi' in 'MIR_250/mir_restapi'
[0.385s] INFO:colcon.colcon_core.package_selection:Skipping not selected package 'sdc21x0' in 'MIR_250/sdc21x0'
[0.385s] INFO:colcon.colcon_core.package_selection:Skipping not selected package 'teleop_twist_keyboard' in 'MIR_250/teleop_twist_keyboard'
[0.385s] INFO:colcon.colcon_core.package_selection:Skipping not selected package 'mir_driver' in 'MIR_250/mir_driver'
[0.385s] INFO:colcon.colcon_core.package_selection:Skipping not selected package 'graph_based_navigation_system' in 'MIR_250/graph_based_navigation_system'
[0.385s] INFO:colcon.colcon_core.package_selection:Skipping not selected package 'mir_manual_navigation' in 'MIR_250/mir_manual_navigation'
[0.385s] INFO:colcon.colcon_core.package_selection:Skipping not selected package 'mir_navigation' in 'MIR_250/mir_navigation'
[0.385s] Level 1:colcon.colcon_core.package_discovery:discover_packages(prefix_path) check parameters
[0.385s] Level 1:colcon.colcon_core.package_discovery:discover_packages(prefix_path) discover
[0.386s] WARNING:colcon.colcon_ros.prefix_path.ament:The path '/home/basmala/mir250_ws/install/mir_manual_navigation' in the environment variable AMENT_PREFIX_PATH doesn't exist
[0.386s] WARNING:colcon.colcon_ros.prefix_path.ament:The path '/home/basmala/mir250_ws/install/teleop_twist_keyboard' in the environment variable AMENT_PREFIX_PATH doesn't exist
[0.386s] WARNING:colcon.colcon_ros.prefix_path.ament:The path '/home/basmala/mir250_ws/install/sensors_launcher_mir_250' in the environment variable AMENT_PREFIX_PATH doesn't exist
[0.386s] WARNING:colcon.colcon_ros.prefix_path.ament:The path '/home/basmala/mir250_ws/install/sdc21x0' in the environment variable AMENT_PREFIX_PATH doesn't exist
[0.386s] WARNING:colcon.colcon_ros.prefix_path.ament:The path '/home/basmala/mir250_ws/install/mir_restapi' in the environment variable AMENT_PREFIX_PATH doesn't exist
[0.387s] WARNING:colcon.colcon_ros.prefix_path.ament:The path '/home/basmala/mir250_ws/install/mir_navigation' in the environment variable AMENT_PREFIX_PATH doesn't exist
[0.387s] WARNING:colcon.colcon_ros.prefix_path.ament:The path '/home/basmala/mir250_ws/install/graph_based_navigation_system' in the environment variable AMENT_PREFIX_PATH doesn't exist
[0.387s] WARNING:colcon.colcon_ros.prefix_path.ament:The path '/home/basmala/mir250_ws/install/mir_driver' in the environment variable AMENT_PREFIX_PATH doesn't exist
[0.387s] WARNING:colcon.colcon_ros.prefix_path.ament:The path '/home/basmala/mir250_ws/install/mir_msgs' in the environment variable AMENT_PREFIX_PATH doesn't exist
[0.387s] WARNING:colcon.colcon_ros.prefix_path.ament:The path '/home/basmala/mir250_ws/install/mir_description' in the environment variable AMENT_PREFIX_PATH doesn't exist
[0.387s] WARNING:colcon.colcon_ros.prefix_path.ament:The path '/home/basmala/mir250_ws/install/mir_actions' in the environment variable AMENT_PREFIX_PATH doesn't exist
[0.387s] WARNING:colcon.colcon_ros.prefix_path.catkin:The path '/home/basmala/mir250_ws/install/sensors_launcher_mir_250' in the environment variable CMAKE_PREFIX_PATH doesn't exist
[0.387s] WARNING:colcon.colcon_ros.prefix_path.catkin:The path '/home/basmala/mir250_ws/install/sdc21x0' in the environment variable CMAKE_PREFIX_PATH doesn't exist
[0.387s] WARNING:colcon.colcon_ros.prefix_path.catkin:The path '/home/basmala/mir250_ws/install/mir_navigation' in the environment variable CMAKE_PREFIX_PATH doesn't exist
[0.387s] WARNING:colcon.colcon_ros.prefix_path.catkin:The path '/home/basmala/mir250_ws/install/mir_msgs' in the environment variable CMAKE_PREFIX_PATH doesn't exist
[0.387s] WARNING:colcon.colcon_ros.prefix_path.catkin:The path '/home/basmala/mir250_ws/install/mir_description' in the environment variable CMAKE_PREFIX_PATH doesn't exist
[0.387s] WARNING:colcon.colcon_ros.prefix_path.catkin:The path '/home/basmala/mir250_ws/install/mir_actions' in the environment variable CMAKE_PREFIX_PATH doesn't exist
[0.387s] DEBUG:colcon.colcon_installed_package_information.package_discovery:Found 0 installed packages in /home/basmala/mir250_ws/install
[0.388s] DEBUG:colcon.colcon_installed_package_information.package_discovery:Found 320 installed packages in /opt/ros/humble
[0.389s] Level 1:colcon.colcon_core.package_discovery:discover_packages(prefix_path) using defaults
[0.414s] Level 5:colcon.colcon_core.verb:set package 'sensors_launcher_mir_250' build argument 'cmake_args' from command line to 'None'
[0.414s] Level 5:colcon.colcon_core.verb:set package 'sensors_launcher_mir_250' build argument 'cmake_target' from command line to 'None'
[0.414s] Level 5:colcon.colcon_core.verb:set package 'sensors_launcher_mir_250' build argument 'cmake_target_skip_unavailable' from command line to 'False'
[0.414s] Level 5:colcon.colcon_core.verb:set package 'sensors_launcher_mir_250' build argument 'cmake_clean_cache' from command line to 'False'
[0.414s] Level 5:colcon.colcon_core.verb:set package 'sensors_launcher_mir_250' build argument 'cmake_clean_first' from command line to 'False'
[0.414s] Level 5:colcon.colcon_core.verb:set package 'sensors_launcher_mir_250' build argument 'cmake_force_configure' from command line to 'False'
[0.414s] Level 5:colcon.colcon_core.verb:set package 'sensors_launcher_mir_250' build argument 'ament_cmake_args' from command line to 'None'
[0.414s] Level 5:colcon.colcon_core.verb:set package 'sensors_launcher_mir_250' build argument 'catkin_cmake_args' from command line to 'None'
[0.414s] Level 5:colcon.colcon_core.verb:set package 'sensors_launcher_mir_250' build argument 'catkin_skip_building_tests' from command line to 'False'
[0.414s] DEBUG:colcon.colcon_core.verb:Building package 'sensors_launcher_mir_250' with the following arguments: {'ament_cmake_args': None, 'build_base': '/home/basmala/mir250_ws/build/sensors_launcher_mir_250', 'catkin_cmake_args': None, 'catkin_skip_building_tests': False, 'cmake_args': None, 'cmake_clean_cache': False, 'cmake_clean_first': False, 'cmake_force_configure': False, 'cmake_target': None, 'cmake_target_skip_unavailable': False, 'install_base': '/home/basmala/mir250_ws/install/sensors_launcher_mir_250', 'merge_install': False, 'path': '/home/basmala/mir250_ws/MIR_250/sensors_launcher_mir_250', 'symlink_install': False, 'test_result_base': None}
[0.414s] INFO:colcon.colcon_core.executor:Executing jobs using 'parallel' executor
[0.415s] DEBUG:colcon.colcon_parallel_executor.executor.parallel:run_until_complete
[0.415s] INFO:colcon.colcon_ros.task.ament_cmake.build:Building ROS package in '/home/basmala/mir250_ws/MIR_250/sensors_launcher_mir_250' with build type 'ament_cmake'
[0.415s] INFO:colcon.colcon_cmake.task.cmake.build:Building CMake package in '/home/basmala/mir250_ws/MIR_250/sensors_launcher_mir_250'
[0.419s] INFO:colcon.colcon_core.plugin_system:Skipping extension 'colcon_core.shell.bat': Not used on non-Windows systems
[0.419s] INFO:colcon.colcon_core.shell:Skip shell extension 'powershell' for command environment: Not usable outside of PowerShell
[0.419s] DEBUG:colcon.colcon_core.shell:Skip shell extension 'dsv' for command environment
[0.424s] DEBUG:colcon.colcon_core.event_handler.log_command:Invoking command in '/home/basmala/mir250_ws/build/sensors_launcher_mir_250': CMAKE_PREFIX_PATH=${CMAKE_PREFIX_PATH}:/home/basmala/mir250_ws/install/mir_manual_navigation:/home/basmala/mir250_ws/install/teleop_twist_keyboard:/home/basmala/mir250_ws/install/mir_restapi:/home/basmala/mir250_ws/install/graph_based_navigation_system:/home/basmala/mir250_ws/install/mir_driver:/opt/ros/humble /usr/bin/cmake /home/basmala/mir250_ws/MIR_250/sensors_launcher_mir_250 -DCMAKE_INSTALL_PREFIX=/home/basmala/mir250_ws/install/sensors_launcher_mir_250
[3.306s] DEBUG:colcon.colcon_core.event_handler.log_command:Invoked command in '/home/basmala/mir250_ws/build/sensors_launcher_mir_250' returned '0': CMAKE_PREFIX_PATH=${CMAKE_PREFIX_PATH}:/home/basmala/mir250_ws/install/mir_manual_navigation:/home/basmala/mir250_ws/install/teleop_twist_keyboard:/home/basmala/mir250_ws/install/mir_restapi:/home/basmala/mir250_ws/install/graph_based_navigation_system:/home/basmala/mir250_ws/install/mir_driver:/opt/ros/humble /usr/bin/cmake /home/basmala/mir250_ws/MIR_250/sensors_launcher_mir_250 -DCMAKE_INSTALL_PREFIX=/home/basmala/mir250_ws/install/sensors_launcher_mir_250
[3.307s] DEBUG:colcon.colcon_core.event_handler.log_command:Invoking command in '/home/basmala/mir250_ws/build/sensors_launcher_mir_250': CMAKE_PREFIX_PATH=${CMAKE_PREFIX_PATH}:/home/basmala/mir250_ws/install/mir_manual_navigation:/home/basmala/mir250_ws/install/teleop_twist_keyboard:/home/basmala/mir250_ws/install/mir_restapi:/home/basmala/mir250_ws/install/graph_based_navigation_system:/home/basmala/mir250_ws/install/mir_driver:/opt/ros/humble /usr/bin/cmake --build /home/basmala/mir250_ws/build/sensors_launcher_mir_250 -- -j20 -l20
[16.509s] DEBUG:colcon.colcon_core.event_handler.log_command:Invoked command in '/home/basmala/mir250_ws/build/sensors_launcher_mir_250' returned '0': CMAKE_PREFIX_PATH=${CMAKE_PREFIX_PATH}:/home/basmala/mir250_ws/install/mir_manual_navigation:/home/basmala/mir250_ws/install/teleop_twist_keyboard:/home/basmala/mir250_ws/install/mir_restapi:/home/basmala/mir250_ws/install/graph_based_navigation_system:/home/basmala/mir250_ws/install/mir_driver:/opt/ros/humble /usr/bin/cmake --build /home/basmala/mir250_ws/build/sensors_launcher_mir_250 -- -j20 -l20
[16.519s] DEBUG:colcon.colcon_core.event_handler.log_command:Invoking command in '/home/basmala/mir250_ws/build/sensors_launcher_mir_250': CMAKE_PREFIX_PATH=${CMAKE_PREFIX_PATH}:/home/basmala/mir250_ws/install/mir_manual_navigation:/home/basmala/mir250_ws/install/teleop_twist_keyboard:/home/basmala/mir250_ws/install/mir_restapi:/home/basmala/mir250_ws/install/graph_based_navigation_system:/home/basmala/mir250_ws/install/mir_driver:/opt/ros/humble /usr/bin/cmake --install /home/basmala/mir250_ws/build/sensors_launcher_mir_250
[16.537s] Level 1:colcon.colcon_core.environment:create_environment_scripts_only(sensors_launcher_mir_250)
[16.537s] DEBUG:colcon.colcon_core.event_handler.log_command:Invoked command in '/home/basmala/mir250_ws/build/sensors_launcher_mir_250' returned '0': CMAKE_PREFIX_PATH=${CMAKE_PREFIX_PATH}:/home/basmala/mir250_ws/install/mir_manual_navigation:/home/basmala/mir250_ws/install/teleop_twist_keyboard:/home/basmala/mir250_ws/install/mir_restapi:/home/basmala/mir250_ws/install/graph_based_navigation_system:/home/basmala/mir250_ws/install/mir_driver:/opt/ros/humble /usr/bin/cmake --install /home/basmala/mir250_ws/build/sensors_launcher_mir_250
[16.543s] Level 1:colcon.colcon_core.environment:checking '/home/basmala/mir250_ws/install/sensors_launcher_mir_250' for CMake module files
[16.543s] Level 1:colcon.colcon_core.environment:checking '/home/basmala/mir250_ws/install/sensors_launcher_mir_250' for CMake config files
[16.543s] Level 1:colcon.colcon_core.shell:create_environment_hook('sensors_launcher_mir_250', 'cmake_prefix_path')
[16.544s] INFO:colcon.colcon_core.shell:Creating environment hook '/home/basmala/mir250_ws/install/sensors_launcher_mir_250/share/sensors_launcher_mir_250/hook/cmake_prefix_path.ps1'
[16.545s] INFO:colcon.colcon_core.shell:Creating environment descriptor '/home/basmala/mir250_ws/install/sensors_launcher_mir_250/share/sensors_launcher_mir_250/hook/cmake_prefix_path.dsv'
[16.545s] INFO:colcon.colcon_core.shell:Creating environment hook '/home/basmala/mir250_ws/install/sensors_launcher_mir_250/share/sensors_launcher_mir_250/hook/cmake_prefix_path.sh'
[16.546s] Level 1:colcon.colcon_core.environment:checking '/home/basmala/mir250_ws/install/sensors_launcher_mir_250/lib'
[16.546s] Level 1:colcon.colcon_core.shell:create_environment_hook('sensors_launcher_mir_250', 'ld_library_path_lib')
[16.546s] INFO:colcon.colcon_core.shell:Creating environment hook '/home/basmala/mir250_ws/install/sensors_launcher_mir_250/share/sensors_launcher_mir_250/hook/ld_library_path_lib.ps1'
[16.546s] INFO:colcon.colcon_core.shell:Creating environment descriptor '/home/basmala/mir250_ws/install/sensors_launcher_mir_250/share/sensors_launcher_mir_250/hook/ld_library_path_lib.dsv'
[16.546s] INFO:colcon.colcon_core.shell:Creating environment hook '/home/basmala/mir250_ws/install/sensors_launcher_mir_250/share/sensors_launcher_mir_250/hook/ld_library_path_lib.sh'
[16.547s] Level 1:colcon.colcon_core.environment:checking '/home/basmala/mir250_ws/install/sensors_launcher_mir_250/bin'
[16.547s] Level 1:colcon.colcon_core.environment:checking '/home/basmala/mir250_ws/install/sensors_launcher_mir_250/lib/pkgconfig/sensors_launcher_mir_250.pc'
[16.547s] Level 1:colcon.colcon_core.environment:checking '/home/basmala/mir250_ws/install/sensors_launcher_mir_250/lib/python3.10/site-packages'
[16.547s] Level 1:colcon.colcon_core.environment:checking '/home/basmala/mir250_ws/install/sensors_launcher_mir_250/bin'
[16.547s] INFO:colcon.colcon_core.shell:Creating package script '/home/basmala/mir250_ws/install/sensors_launcher_mir_250/share/sensors_launcher_mir_250/package.ps1'
[16.548s] INFO:colcon.colcon_core.shell:Creating package descriptor '/home/basmala/mir250_ws/install/sensors_launcher_mir_250/share/sensors_launcher_mir_250/package.dsv'
[16.548s] INFO:colcon.colcon_core.shell:Creating package script '/home/basmala/mir250_ws/install/sensors_launcher_mir_250/share/sensors_launcher_mir_250/package.sh'
[16.549s] INFO:colcon.colcon_core.shell:Creating package script '/home/basmala/mir250_ws/install/sensors_launcher_mir_250/share/sensors_launcher_mir_250/package.bash'
[16.550s] INFO:colcon.colcon_core.shell:Creating package script '/home/basmala/mir250_ws/install/sensors_launcher_mir_250/share/sensors_launcher_mir_250/package.zsh'
[16.550s] Level 1:colcon.colcon_core.environment:create_file_with_runtime_dependencies(/home/basmala/mir250_ws/install/sensors_launcher_mir_250/share/colcon-core/packages/sensors_launcher_mir_250)
[16.550s] Level 1:colcon.colcon_core.environment:create_environment_scripts_only(sensors_launcher_mir_250)
[16.551s] Level 1:colcon.colcon_core.environment:checking '/home/basmala/mir250_ws/install/sensors_launcher_mir_250' for CMake module files
[16.551s] Level 1:colcon.colcon_core.environment:checking '/home/basmala/mir250_ws/install/sensors_launcher_mir_250' for CMake config files
[16.551s] Level 1:colcon.colcon_core.shell:create_environment_hook('sensors_launcher_mir_250', 'cmake_prefix_path')
[16.551s] INFO:colcon.colcon_core.shell:Creating environment hook '/home/basmala/mir250_ws/install/sensors_launcher_mir_250/share/sensors_launcher_mir_250/hook/cmake_prefix_path.ps1'
[16.551s] INFO:colcon.colcon_core.shell:Creating environment descriptor '/home/basmala/mir250_ws/install/sensors_launcher_mir_250/share/sensors_launcher_mir_250/hook/cmake_prefix_path.dsv'
[16.552s] INFO:colcon.colcon_core.shell:Creating environment hook '/home/basmala/mir250_ws/install/sensors_launcher_mir_250/share/sensors_launcher_mir_250/hook/cmake_prefix_path.sh'
[16.552s] Level 1:colcon.colcon_core.environment:checking '/home/basmala/mir250_ws/install/sensors_launcher_mir_250/lib'
[16.552s] Level 1:colcon.colcon_core.shell:create_environment_hook('sensors_launcher_mir_250', 'ld_library_path_lib')
[16.552s] INFO:colcon.colcon_core.shell:Creating environment hook '/home/basmala/mir250_ws/install/sensors_launcher_mir_250/share/sensors_launcher_mir_250/hook/ld_library_path_lib.ps1'
[16.552s] INFO:colcon.colcon_core.shell:Creating environment descriptor '/home/basmala/mir250_ws/install/sensors_launcher_mir_250/share/sensors_launcher_mir_250/hook/ld_library_path_lib.dsv'
[16.552s] INFO:colcon.colcon_core.shell:Creating environment hook '/home/basmala/mir250_ws/install/sensors_launcher_mir_250/share/sensors_launcher_mir_250/hook/ld_library_path_lib.sh'
[16.553s] Level 1:colcon.colcon_core.environment:checking '/home/basmala/mir250_ws/install/sensors_launcher_mir_250/bin'
[16.553s] Level 1:colcon.colcon_core.environment:checking '/home/basmala/mir250_ws/install/sensors_launcher_mir_250/lib/pkgconfig/sensors_launcher_mir_250.pc'
[16.553s] Level 1:colcon.colcon_core.environment:checking '/home/basmala/mir250_ws/install/sensors_launcher_mir_250/lib/python3.10/site-packages'
[16.553s] Level 1:colcon.colcon_core.environment:checking '/home/basmala/mir250_ws/install/sensors_launcher_mir_250/bin'
[16.553s] INFO:colcon.colcon_core.shell:Creating package script '/home/basmala/mir250_ws/install/sensors_launcher_mir_250/share/sensors_launcher_mir_250/package.ps1'
[16.554s] INFO:colcon.colcon_core.shell:Creating package descriptor '/home/basmala/mir250_ws/install/sensors_launcher_mir_250/share/sensors_launcher_mir_250/package.dsv'
[16.554s] INFO:colcon.colcon_core.shell:Creating package script '/home/basmala/mir250_ws/install/sensors_launcher_mir_250/share/sensors_launcher_mir_250/package.sh'
[16.554s] INFO:colcon.colcon_core.shell:Creating package script '/home/basmala/mir250_ws/install/sensors_launcher_mir_250/share/sensors_launcher_mir_250/package.bash'
[16.554s] INFO:colcon.colcon_core.shell:Creating package script '/home/basmala/mir250_ws/install/sensors_launcher_mir_250/share/sensors_launcher_mir_250/package.zsh'
[16.554s] Level 1:colcon.colcon_core.environment:create_file_with_runtime_dependencies(/home/basmala/mir250_ws/install/sensors_launcher_mir_250/share/colcon-core/packages/sensors_launcher_mir_250)
[16.555s] DEBUG:colcon.colcon_parallel_executor.executor.parallel:closing loop
[16.555s] DEBUG:colcon.colcon_parallel_executor.executor.parallel:loop closed
[16.555s] DEBUG:colcon.colcon_parallel_executor.executor.parallel:run_until_complete finished with '0'
[16.555s] DEBUG:colcon.colcon_core.event_reactor:joining thread
[16.561s] INFO:colcon.colcon_core.plugin_system:Skipping extension 'colcon_notification.desktop_notification.terminal_notifier': Not used on non-Darwin systems
[16.561s] INFO:colcon.colcon_core.plugin_system:Skipping extension 'colcon_notification.desktop_notification.win32': Not used on non-Windows systems
[16.561s] INFO:colcon.colcon_notification.desktop_notification:Sending desktop notification using 'notify2'
[16.575s] DEBUG:colcon.colcon_core.event_reactor:joined thread
[16.575s] INFO:colcon.colcon_core.shell:Creating prefix script '/home/basmala/mir250_ws/install/local_setup.ps1'
[16.576s] INFO:colcon.colcon_core.shell:Creating prefix util module '/home/basmala/mir250_ws/install/_local_setup_util_ps1.py'
[16.577s] INFO:colcon.colcon_core.shell:Creating prefix chain script '/home/basmala/mir250_ws/install/setup.ps1'
[16.578s] INFO:colcon.colcon_core.shell:Creating prefix script '/home/basmala/mir250_ws/install/local_setup.sh'
[16.578s] INFO:colcon.colcon_core.shell:Creating prefix util module '/home/basmala/mir250_ws/install/_local_setup_util_sh.py'
[16.579s] INFO:colcon.colcon_core.shell:Creating prefix chain script '/home/basmala/mir250_ws/install/setup.sh'
[16.580s] INFO:colcon.colcon_core.shell:Creating prefix script '/home/basmala/mir250_ws/install/local_setup.bash'
[16.580s] INFO:colcon.colcon_core.shell:Creating prefix chain script '/home/basmala/mir250_ws/install/setup.bash'
[16.581s] INFO:colcon.colcon_core.shell:Creating prefix script '/home/basmala/mir250_ws/install/local_setup.zsh'
[16.582s] INFO:colcon.colcon_core.shell:Creating prefix chain script '/home/basmala/mir250_ws/install/setup.zsh'
