-- The C compiler identification is GNU 11.4.0
-- The CXX compiler identification is GNU 11.4.0
-- Detecting C compiler ABI info
-- Detecting C compiler ABI info - done
-- Check for working C compiler: /usr/bin/cc - skipped
-- Detecting C compile features
-- Detecting C compile features - done
-- Detecting CXX compiler ABI info
-- Detecting CXX compiler ABI info - done
-- Check for working CXX compiler: /usr/bin/c++ - skipped
-- Detecting CXX compile features
-- Detecting CXX compile features - done
-- Found ament_cmake: 1.3.14 (/opt/ros/humble/share/ament_cmake/cmake)
-- Found Python3: /usr/bin/python3 (found version "3.10.12") found components: Interpreter 
-- Found ament_cmake_auto: 1.3.14 (/opt/ros/humble/share/ament_cmake_auto/cmake)
-- Found rosidl_generator_c: 3.1.8 (/opt/ros/humble/share/rosidl_generator_c/cmake)
-- Found rosidl_adapter: 3.1.8 (/opt/ros/humble/share/rosidl_adapter/cmake)
-- Found rosidl_generator_cpp: 3.1.8 (/opt/ros/humble/share/rosidl_generator_cpp/cmake)
-- Using all available rosidl_typesupport_c: rosidl_typesupport_fastrtps_c;rosidl_typesupport_introspection_c
-- Using all available rosidl_typesupport_cpp: rosidl_typesupport_fastrtps_cpp;rosidl_typesupport_introspection_cpp
-- Found rmw_implementation_cmake: 6.1.2 (/opt/ros/humble/share/rmw_implementation_cmake/cmake)
-- Found rmw_fastrtps_cpp: 6.2.10 (/opt/ros/humble/share/rmw_fastrtps_cpp/cmake)
-- Found OpenSSL: /usr/lib/x86_64-linux-gnu/libcrypto.so (found version "3.0.2")  
-- Found FastRTPS: /opt/ros/humble/include  
-- Using RMW implementation 'rmw_fastrtps_cpp' as default
-- Looking for pthread.h
-- Looking for pthread.h - found
-- Performing Test CMAKE_HAVE_LIBC_PTHREAD
-- Performing Test CMAKE_HAVE_LIBC_PTHREAD - Success
-- Found Threads: TRUE  
-- Checking for module 'eigen3'
--   Found eigen3, version 3.4.0
-- Found Eigen: /usr/include/eigen3 (Required is at least version "3.1") 
-- Eigen found (include: /usr/include/eigen3, version: 3.4.0)
-- Checking for module 'flann'
--   Found flann, version 1.9.1
-- Found FLANN: /usr/lib/x86_64-linux-gnu/libflann_cpp.so  
-- FLANN found (include: /usr/include, lib: /usr/lib/x86_64-linux-gnu/libflann_cpp.so)
-- Checking for module 'libusb-1.0'
--   Found libusb-1.0, version 1.0.25
-- Found libusb: /usr/lib/x86_64-linux-gnu/libusb-1.0.so  
-- OpenNI found (version: 1.5.4.0, include: /usr/include/ni, lib: /usr/lib/libOpenNI.so;libusb::libusb)
-- OpenNI2 found (version: 2.2.0.33, include: /usr/include/openni2, lib: /usr/lib/x86_64-linux-gnu/libOpenNI2.so;libusb::libusb)
-- Eigen found (include: /usr/include/eigen3, version: 3.4.0)
-- OpenNI found (version: 1.5.4.0, include: /usr/include/ni, lib: /usr/lib/libOpenNI.so;libusb::libusb)
-- OpenNI2 found (version: 2.2.0.33, include: /usr/include/openni2, lib: /usr/lib/x86_64-linux-gnu/libOpenNI2.so;libusb::libusb)
-- Found Qhull version 8.0.2
-- OpenNI found (version: 1.5.4.0, include: /usr/include/ni, lib: /usr/lib/libOpenNI.so;libusb::libusb)
-- Found PCL_COMMON: /usr/lib/x86_64-linux-gnu/libpcl_common.so  
-- Found PCL_KDTREE: /usr/lib/x86_64-linux-gnu/libpcl_kdtree.so  
-- Found PCL_OCTREE: /usr/lib/x86_64-linux-gnu/libpcl_octree.so  
-- Found PCL_SEARCH: /usr/lib/x86_64-linux-gnu/libpcl_search.so  
-- Found PCL_SAMPLE_CONSENSUS: /usr/lib/x86_64-linux-gnu/libpcl_sample_consensus.so  
-- Found PCL_FILTERS: /usr/lib/x86_64-linux-gnu/libpcl_filters.so  
-- Found PCL_2D: /usr/include/pcl-1.12  
-- Found PCL_GEOMETRY: /usr/include/pcl-1.12  
-- Found PCL_IO: /usr/lib/x86_64-linux-gnu/libpcl_io.so  
-- Found PCL_FEATURES: /usr/lib/x86_64-linux-gnu/libpcl_features.so  
-- Found PCL_ML: /usr/lib/x86_64-linux-gnu/libpcl_ml.so  
-- Found PCL_SEGMENTATION: /usr/lib/x86_64-linux-gnu/libpcl_segmentation.so  
-- Found PCL_VISUALIZATION: /usr/lib/x86_64-linux-gnu/libpcl_visualization.so  
-- Found PCL_SURFACE: /usr/lib/x86_64-linux-gnu/libpcl_surface.so  
-- Found PCL_REGISTRATION: /usr/lib/x86_64-linux-gnu/libpcl_registration.so  
-- Found PCL_KEYPOINTS: /usr/lib/x86_64-linux-gnu/libpcl_keypoints.so  
-- Found PCL_TRACKING: /usr/lib/x86_64-linux-gnu/libpcl_tracking.so  
-- Found PCL_RECOGNITION: /usr/lib/x86_64-linux-gnu/libpcl_recognition.so  
-- Found PCL_STEREO: /usr/lib/x86_64-linux-gnu/libpcl_stereo.so  
-- Found PCL_APPS: /usr/lib/x86_64-linux-gnu/libpcl_apps.so  
-- Found PCL_IN_HAND_SCANNER: /usr/include/pcl-1.12  
-- Found PCL_MODELER: /usr/include/pcl-1.12  
-- Found PCL_POINT_CLOUD_EDITOR: /usr/include/pcl-1.12  
-- Found PCL_OUTOFCORE: /usr/lib/x86_64-linux-gnu/libpcl_outofcore.so  
-- Found PCL_PEOPLE: /usr/lib/x86_64-linux-gnu/libpcl_people.so  
-- Found PCL: /usr/include/pcl-1.12
-- Found ament_lint_auto: 0.12.15 (/opt/ros/humble/share/ament_lint_auto/cmake)
-- Added test 'copyright' to check source files copyright and LICENSE
-- Added test 'cppcheck' to perform static code analysis on C / C++ code
-- Configured cppcheck include dirs: /home/basmala/mir250_ws/src/MiR250/MIR_250/sensors_launcher_mir_250/include;$<BUILD_INTERFACE:/home/basmala/mir250_ws/src/MiR250/MIR_250/sensors_launcher_mir_250/include>
-- Configured cppcheck exclude dirs and/or files: 
-- Added test 'cpplint' to check C / C++ code against the Google style
-- Configured cpplint exclude dirs and/or files: 
-- Added test 'flake8' to check Python code syntax and style conventions
-- Added test 'lint_cmake' to check CMake code style
-- Added test 'pep257' to check Python code against some of the docstring style conventions in PEP 257
-- Added test 'uncrustify' to check C / C++ code style
-- Configured uncrustify additional arguments: 
-- Added test 'xmllint' to check XML markup files
-- Configuring done
-- Generating done
-- Build files have been written to: /home/basmala/mir250_ws/src/MiR250/MIR_250/build/sensors_launcher_mir_250
[ 12%] [32mBuilding CXX object CMakeFiles/camera_left_changer_node.dir/src/camera_left_changer.cpp.o[0m
[ 25%] [32mBuilding CXX object CMakeFiles/dual_laser_merger_node.dir/rclcpp_components/node_main_dual_laser_merger_node.cpp.o[0m
[ 37%] [32mBuilding CXX object CMakeFiles/sensors_launcher_mir_250.dir/src/dual_laser_merger.cpp.o[0m
[ 50%] [32mBuilding CXX object CMakeFiles/camera_right_changer_node.dir/src/camera_right_changer.cpp.o[0m
[ 62%] [32m[1mLinking CXX executable dual_laser_merger_node[0m
[ 62%] Built target dual_laser_merger_node
[ 75%] [32m[1mLinking CXX executable camera_right_changer_node[0m
[ 87%] [32m[1mLinking CXX executable camera_left_changer_node[0m
[ 87%] Built target camera_right_changer_node
[ 87%] Built target camera_left_changer_node
[100%] [32m[1mLinking CXX shared library libsensors_launcher_mir_250.so[0m
[100%] Built target sensors_launcher_mir_250
-- Install configuration: ""
-- Installing: /home/basmala/mir250_ws/src/MiR250/MIR_250/install/sensors_launcher_mir_250/lib/sensors_launcher_mir_250/dual_laser_merger_node
-- Set runtime path of "/home/basmala/mir250_ws/src/MiR250/MIR_250/install/sensors_launcher_mir_250/lib/sensors_launcher_mir_250/dual_laser_merger_node" to ""
-- Installing: /home/basmala/mir250_ws/src/MiR250/MIR_250/install/sensors_launcher_mir_250/lib/libsensors_launcher_mir_250.so
-- Set runtime path of "/home/basmala/mir250_ws/src/MiR250/MIR_250/install/sensors_launcher_mir_250/lib/libsensors_launcher_mir_250.so" to ""
-- Installing: /home/basmala/mir250_ws/src/MiR250/MIR_250/install/sensors_launcher_mir_250/lib/sensors_launcher_mir_250/camera_left_changer_node
-- Set runtime path of "/home/basmala/mir250_ws/src/MiR250/MIR_250/install/sensors_launcher_mir_250/lib/sensors_launcher_mir_250/camera_left_changer_node" to ""
-- Installing: /home/basmala/mir250_ws/src/MiR250/MIR_250/install/sensors_launcher_mir_250/lib/sensors_launcher_mir_250/camera_right_changer_node
-- Set runtime path of "/home/basmala/mir250_ws/src/MiR250/MIR_250/install/sensors_launcher_mir_250/lib/sensors_launcher_mir_250/camera_right_changer_node" to ""
-- Installing: /home/basmala/mir250_ws/src/MiR250/MIR_250/install/sensors_launcher_mir_250/include/sensors_launcher_mir_250
-- Installing: /home/basmala/mir250_ws/src/MiR250/MIR_250/install/sensors_launcher_mir_250/include/sensors_launcher_mir_250/sensors_launcher_mir_250
-- Installing: /home/basmala/mir250_ws/src/MiR250/MIR_250/install/sensors_launcher_mir_250/include/sensors_launcher_mir_250/sensors_launcher_mir_250/dual_laser_merger.hpp
-- Installing: /home/basmala/mir250_ws/src/MiR250/MIR_250/install/sensors_launcher_mir_250/share/sensors_launcher_mir_250//launch
-- Installing: /home/basmala/mir250_ws/src/MiR250/MIR_250/install/sensors_launcher_mir_250/share/sensors_launcher_mir_250//launch/sensors_launcher.launch.py
-- Installing: /home/basmala/mir250_ws/src/MiR250/MIR_250/install/sensors_launcher_mir_250/share/sensors_launcher_mir_250/environment/library_path.sh
-- Installing: /home/basmala/mir250_ws/src/MiR250/MIR_250/install/sensors_launcher_mir_250/share/sensors_launcher_mir_250/environment/library_path.dsv
-- Up-to-date: /home/basmala/mir250_ws/src/MiR250/MIR_250/install/sensors_launcher_mir_250/include/sensors_launcher_mir_250
-- Up-to-date: /home/basmala/mir250_ws/src/MiR250/MIR_250/install/sensors_launcher_mir_250/include/sensors_launcher_mir_250/sensors_launcher_mir_250
-- Up-to-date: /home/basmala/mir250_ws/src/MiR250/MIR_250/install/sensors_launcher_mir_250/include/sensors_launcher_mir_250/sensors_launcher_mir_250/dual_laser_merger.hpp
-- Up-to-date: /home/basmala/mir250_ws/src/MiR250/MIR_250/install/sensors_launcher_mir_250/lib/libsensors_launcher_mir_250.so
-- Installing: /home/basmala/mir250_ws/src/MiR250/MIR_250/install/sensors_launcher_mir_250/share/ament_index/resource_index/package_run_dependencies/sensors_launcher_mir_250
-- Installing: /home/basmala/mir250_ws/src/MiR250/MIR_250/install/sensors_launcher_mir_250/share/ament_index/resource_index/parent_prefix_path/sensors_launcher_mir_250
-- Installing: /home/basmala/mir250_ws/src/MiR250/MIR_250/install/sensors_launcher_mir_250/share/sensors_launcher_mir_250/environment/ament_prefix_path.sh
-- Installing: /home/basmala/mir250_ws/src/MiR250/MIR_250/install/sensors_launcher_mir_250/share/sensors_launcher_mir_250/environment/ament_prefix_path.dsv
-- Installing: /home/basmala/mir250_ws/src/MiR250/MIR_250/install/sensors_launcher_mir_250/share/sensors_launcher_mir_250/environment/path.sh
-- Installing: /home/basmala/mir250_ws/src/MiR250/MIR_250/install/sensors_launcher_mir_250/share/sensors_launcher_mir_250/environment/path.dsv
-- Installing: /home/basmala/mir250_ws/src/MiR250/MIR_250/install/sensors_launcher_mir_250/share/sensors_launcher_mir_250/local_setup.bash
-- Installing: /home/basmala/mir250_ws/src/MiR250/MIR_250/install/sensors_launcher_mir_250/share/sensors_launcher_mir_250/local_setup.sh
-- Installing: /home/basmala/mir250_ws/src/MiR250/MIR_250/install/sensors_launcher_mir_250/share/sensors_launcher_mir_250/local_setup.zsh
-- Installing: /home/basmala/mir250_ws/src/MiR250/MIR_250/install/sensors_launcher_mir_250/share/sensors_launcher_mir_250/local_setup.dsv
-- Installing: /home/basmala/mir250_ws/src/MiR250/MIR_250/install/sensors_launcher_mir_250/share/sensors_launcher_mir_250/package.dsv
-- Installing: /home/basmala/mir250_ws/src/MiR250/MIR_250/install/sensors_launcher_mir_250/share/ament_index/resource_index/packages/sensors_launcher_mir_250
-- Installing: /home/basmala/mir250_ws/src/MiR250/MIR_250/install/sensors_launcher_mir_250/share/ament_index/resource_index/rclcpp_components/sensors_launcher_mir_250
-- Installing: /home/basmala/mir250_ws/src/MiR250/MIR_250/install/sensors_launcher_mir_250/share/sensors_launcher_mir_250/cmake/ament_cmake_export_dependencies-extras.cmake
-- Installing: /home/basmala/mir250_ws/src/MiR250/MIR_250/install/sensors_launcher_mir_250/share/sensors_launcher_mir_250/cmake/ament_cmake_export_include_directories-extras.cmake
-- Installing: /home/basmala/mir250_ws/src/MiR250/MIR_250/install/sensors_launcher_mir_250/share/sensors_launcher_mir_250/cmake/ament_cmake_export_libraries-extras.cmake
-- Installing: /home/basmala/mir250_ws/src/MiR250/MIR_250/install/sensors_launcher_mir_250/share/sensors_launcher_mir_250/cmake/sensors_launcher_mir_250Config.cmake
-- Installing: /home/basmala/mir250_ws/src/MiR250/MIR_250/install/sensors_launcher_mir_250/share/sensors_launcher_mir_250/cmake/sensors_launcher_mir_250Config-version.cmake
-- Installing: /home/basmala/mir250_ws/src/MiR250/MIR_250/install/sensors_launcher_mir_250/share/sensors_launcher_mir_250/package.xml
