/home/basmala/mir250_ws/install/mir_restapi/lib/python3.10/site-packages/mir_restapi/mir_restapi_server.py
/home/basmala/mir250_ws/install/mir_restapi/lib/python3.10/site-packages/mir_restapi/__init__.py
/home/basmala/mir250_ws/install/mir_restapi/lib/python3.10/site-packages/mir_restapi/mir_restapi_lib.py
/home/basmala/mir250_ws/install/mir_restapi/lib/python3.10/site-packages/mir_restapi/mir_restapi_sync_time.py
/home/basmala/mir250_ws/install/mir_restapi/lib/python3.10/site-packages/mir_restapi/mir_controller_restapi.py
/home/basmala/mir250_ws/install/mir_restapi/lib/python3.10/site-packages/mir_restapi/__pycache__/mir_restapi_server.cpython-310.pyc
/home/basmala/mir250_ws/install/mir_restapi/lib/python3.10/site-packages/mir_restapi/__pycache__/__init__.cpython-310.pyc
/home/basmala/mir250_ws/install/mir_restapi/lib/python3.10/site-packages/mir_restapi/__pycache__/mir_restapi_lib.cpython-310.pyc
/home/basmala/mir250_ws/install/mir_restapi/lib/python3.10/site-packages/mir_restapi/__pycache__/mir_restapi_sync_time.cpython-310.pyc
/home/basmala/mir250_ws/install/mir_restapi/lib/python3.10/site-packages/mir_restapi/__pycache__/mir_controller_restapi.cpython-310.pyc
/home/basmala/mir250_ws/install/mir_restapi/share/ament_index/resource_index/packages/mir_restapi
/home/basmala/mir250_ws/install/mir_restapi/share/mir_restapi/package.xml
/home/basmala/mir250_ws/install/mir_restapi/share/mir_restapi/launch
/home/basmala/mir250_ws/install/mir_restapi/lib/python3.10/site-packages/mir_restapi-0.0.0-py3.10.egg-info/dependency_links.txt
/home/basmala/mir250_ws/install/mir_restapi/lib/python3.10/site-packages/mir_restapi-0.0.0-py3.10.egg-info/entry_points.txt
/home/basmala/mir250_ws/install/mir_restapi/lib/python3.10/site-packages/mir_restapi-0.0.0-py3.10.egg-info/requires.txt
/home/basmala/mir250_ws/install/mir_restapi/lib/python3.10/site-packages/mir_restapi-0.0.0-py3.10.egg-info/PKG-INFO
/home/basmala/mir250_ws/install/mir_restapi/lib/python3.10/site-packages/mir_restapi-0.0.0-py3.10.egg-info/SOURCES.txt
/home/basmala/mir250_ws/install/mir_restapi/lib/python3.10/site-packages/mir_restapi-0.0.0-py3.10.egg-info/top_level.txt
/home/basmala/mir250_ws/install/mir_restapi/lib/python3.10/site-packages/mir_restapi-0.0.0-py3.10.egg-info/zip-safe
/home/basmala/mir250_ws/install/mir_restapi/lib/mir_restapi/mir_control_node
/home/basmala/mir250_ws/install/mir_restapi/lib/mir_restapi/mir_restapi_server
/home/basmala/mir250_ws/install/mir_restapi/lib/mir_restapi/mir_restapi_sync_time
