running egg_info
creating ../../build/teleop_twist_keyboard/teleop_twist_keyboard.egg-info
writing ../../build/teleop_twist_keyboard/teleop_twist_keyboard.egg-info/PKG-INFO
writing dependency_links to ../../build/teleop_twist_keyboard/teleop_twist_keyboard.egg-info/dependency_links.txt
writing entry points to ../../build/teleop_twist_keyboard/teleop_twist_keyboard.egg-info/entry_points.txt
writing requirements to ../../build/teleop_twist_keyboard/teleop_twist_keyboard.egg-info/requires.txt
writing top-level names to ../../build/teleop_twist_keyboard/teleop_twist_keyboard.egg-info/top_level.txt
writing manifest file '../../build/teleop_twist_keyboard/teleop_twist_keyboard.egg-info/SOURCES.txt'
reading manifest file '../../build/teleop_twist_keyboard/teleop_twist_keyboard.egg-info/SOURCES.txt'
writing manifest file '../../build/teleop_twist_keyboard/teleop_twist_keyboard.egg-info/SOURCES.txt'
running build
running build_py
creating /home/basmala/mir250_ws/build/teleop_twist_keyboard/build
creating /home/basmala/mir250_ws/build/teleop_twist_keyboard/build/lib
creating /home/basmala/mir250_ws/build/teleop_twist_keyboard/build/lib/teleop_twist_keyboard
copying ./teleop_twist_keyboard/__init__.py -> /home/basmala/mir250_ws/build/teleop_twist_keyboard/build/lib/teleop_twist_keyboard
copying ./teleop_twist_keyboard/teleop_twist_keyboard.py -> /home/basmala/mir250_ws/build/teleop_twist_keyboard/build/lib/teleop_twist_keyboard
running install
running install_lib
creating /home/basmala/mir250_ws/install/teleop_twist_keyboard/lib/python3.10/site-packages/teleop_twist_keyboard
copying /home/basmala/mir250_ws/build/teleop_twist_keyboard/build/lib/teleop_twist_keyboard/__init__.py -> /home/basmala/mir250_ws/install/teleop_twist_keyboard/lib/python3.10/site-packages/teleop_twist_keyboard
copying /home/basmala/mir250_ws/build/teleop_twist_keyboard/build/lib/teleop_twist_keyboard/teleop_twist_keyboard.py -> /home/basmala/mir250_ws/install/teleop_twist_keyboard/lib/python3.10/site-packages/teleop_twist_keyboard
byte-compiling /home/basmala/mir250_ws/install/teleop_twist_keyboard/lib/python3.10/site-packages/teleop_twist_keyboard/__init__.py to __init__.cpython-310.pyc
byte-compiling /home/basmala/mir250_ws/install/teleop_twist_keyboard/lib/python3.10/site-packages/teleop_twist_keyboard/teleop_twist_keyboard.py to teleop_twist_keyboard.cpython-310.pyc
running install_data
error: can't copy 'resource/teleop_twist_keyboard': doesn't exist or not a regular file
creating /home/basmala/mir250_ws/install/teleop_twist_keyboard/share/ament_index
creating /home/basmala/mir250_ws/install/teleop_twist_keyboard/share/ament_index/resource_index
creating /home/basmala/mir250_ws/install/teleop_twist_keyboard/share/ament_index/resource_index/packages
