[0.779s] Invoking command in '/home/basmala/mir250_ws/src/teleop_twist_keyboard': PYTHONPATH=/home/basmala/mir250_ws/build/teleop_twist_keyboard/prefix_override:/usr/lib/python3/dist-packages/colcon_core/task/python/colcon_distutils_commands:/home/basmala/mir250_ws/install/teleop_twist_keyboard/lib/python3.10/site-packages:${PYTHONPATH} /usr/bin/python3 -W ignore:setup.py install is deprecated -W ignore:easy_install command is deprecated setup.py egg_info --egg-base ../../build/teleop_twist_keyboard build --build-base /home/basmala/mir250_ws/build/teleop_twist_keyboard/build install --record /home/basmala/mir250_ws/build/teleop_twist_keyboard/install.log --install-scripts $base/lib/teleop_twist_keyboard --single-version-externally-managed install_data
[1.070s] running egg_info
[1.070s] creating ../../build/teleop_twist_keyboard/teleop_twist_keyboard.egg-info
[1.071s] writing ../../build/teleop_twist_keyboard/teleop_twist_keyboard.egg-info/PKG-INFO
[1.071s] writing dependency_links to ../../build/teleop_twist_keyboard/teleop_twist_keyboard.egg-info/dependency_links.txt
[1.072s] writing entry points to ../../build/teleop_twist_keyboard/teleop_twist_keyboard.egg-info/entry_points.txt
[1.072s] writing requirements to ../../build/teleop_twist_keyboard/teleop_twist_keyboard.egg-info/requires.txt
[1.072s] writing top-level names to ../../build/teleop_twist_keyboard/teleop_twist_keyboard.egg-info/top_level.txt
[1.072s] writing manifest file '../../build/teleop_twist_keyboard/teleop_twist_keyboard.egg-info/SOURCES.txt'
[1.074s] reading manifest file '../../build/teleop_twist_keyboard/teleop_twist_keyboard.egg-info/SOURCES.txt'
[1.074s] writing manifest file '../../build/teleop_twist_keyboard/teleop_twist_keyboard.egg-info/SOURCES.txt'
[1.076s] running build
[1.076s] running build_py
[1.076s] creating /home/basmala/mir250_ws/build/teleop_twist_keyboard/build
[1.076s] creating /home/basmala/mir250_ws/build/teleop_twist_keyboard/build/lib
[1.076s] creating /home/basmala/mir250_ws/build/teleop_twist_keyboard/build/lib/teleop_twist_keyboard
[1.077s] copying ./teleop_twist_keyboard/__init__.py -> /home/basmala/mir250_ws/build/teleop_twist_keyboard/build/lib/teleop_twist_keyboard
[1.077s] copying ./teleop_twist_keyboard/teleop_twist_keyboard.py -> /home/basmala/mir250_ws/build/teleop_twist_keyboard/build/lib/teleop_twist_keyboard
[1.077s] running install
[1.077s] running install_lib
[1.079s] creating /home/basmala/mir250_ws/install/teleop_twist_keyboard/lib/python3.10/site-packages/teleop_twist_keyboard
[1.079s] copying /home/basmala/mir250_ws/build/teleop_twist_keyboard/build/lib/teleop_twist_keyboard/__init__.py -> /home/basmala/mir250_ws/install/teleop_twist_keyboard/lib/python3.10/site-packages/teleop_twist_keyboard
[1.079s] copying /home/basmala/mir250_ws/build/teleop_twist_keyboard/build/lib/teleop_twist_keyboard/teleop_twist_keyboard.py -> /home/basmala/mir250_ws/install/teleop_twist_keyboard/lib/python3.10/site-packages/teleop_twist_keyboard
[1.080s] byte-compiling /home/basmala/mir250_ws/install/teleop_twist_keyboard/lib/python3.10/site-packages/teleop_twist_keyboard/__init__.py to __init__.cpython-310.pyc
[1.080s] byte-compiling /home/basmala/mir250_ws/install/teleop_twist_keyboard/lib/python3.10/site-packages/teleop_twist_keyboard/teleop_twist_keyboard.py to teleop_twist_keyboard.cpython-310.pyc
[1.081s] running install_data
[1.081s] error: can't copy 'resource/teleop_twist_keyboard': doesn't exist or not a regular file
[1.082s] creating /home/basmala/mir250_ws/install/teleop_twist_keyboard/share/ament_index
[1.082s] creating /home/basmala/mir250_ws/install/teleop_twist_keyboard/share/ament_index/resource_index
[1.082s] creating /home/basmala/mir250_ws/install/teleop_twist_keyboard/share/ament_index/resource_index/packages
[1.109s] Invoked command in '/home/basmala/mir250_ws/src/teleop_twist_keyboard' returned '1': PYTHONPATH=/home/basmala/mir250_ws/build/teleop_twist_keyboard/prefix_override:/usr/lib/python3/dist-packages/colcon_core/task/python/colcon_distutils_commands:/home/basmala/mir250_ws/install/teleop_twist_keyboard/lib/python3.10/site-packages:${PYTHONPATH} /usr/bin/python3 -W ignore:setup.py install is deprecated -W ignore:easy_install command is deprecated setup.py egg_info --egg-base ../../build/teleop_twist_keyboard build --build-base /home/basmala/mir250_ws/build/teleop_twist_keyboard/build install --record /home/basmala/mir250_ws/build/teleop_twist_keyboard/install.log --install-scripts $base/lib/teleop_twist_keyboard --single-version-externally-managed install_data
