[0.032s] Invoking command in '/home/basmala/mir250_ws/src/MiR250/MIR_250/build/mir_actions': CMAKE_PREFIX_PATH=${CMAKE_PREFIX_PATH}:/home/basmala/mir250_ws/src/MiR250/MIR_250/install/mir_restapi:/home/basmala/mir250_ws/src/MiR250/MIR_250/install/mir_manual_navigation:/home/basmala/mir250_ws/src/MiR250/MIR_250/install/graph_based_navigation_system:/home/basmala/mir250_ws/src/MiR250/MIR_250/install/mir_driver:/home/basmala/mir250_ws/install/mir_restapi:/home/basmala/mir250_ws/install/mir_manual_navigation:/home/basmala/mir250_ws/install/graph_based_navigation_system:/home/basmala/mir250_ws/install/mir_driver:/opt/ros/humble /usr/bin/cmake /home/basmala/mir250_ws/src/MiR250/MIR_250/mir_actions -DCMAKE_INSTALL_PREFIX=/home/basmala/mir250_ws/src/MiR250/MIR_250/install/mir_actions
[0.307s] -- The C compiler identification is GNU 11.4.0
[0.307s] -- The CXX compiler identification is GNU 11.4.0
[0.308s] -- Detecting C compiler ABI info
[0.365s] -- Detecting C compiler ABI info - done
[0.375s] -- Check for working C compiler: /usr/bin/cc - skipped
[0.376s] -- Detecting C compile features
[0.377s] -- Detecting C compile features - done
[0.382s] -- Detecting CXX compiler ABI info
[0.504s] -- Detecting CXX compiler ABI info - done
[0.515s] -- Check for working CXX compiler: /usr/bin/c++ - skipped
[0.515s] -- Detecting CXX compile features
[0.516s] -- Detecting CXX compile features - done
[0.527s] -- Found ament_cmake: 1.3.14 (/opt/ros/humble/share/ament_cmake/cmake)
[0.825s] -- Found Python3: /usr/bin/python3 (found version "3.10.12") found components: Interpreter 
[0.972s] -- Found geometry_msgs: 4.9.1 (/opt/ros/humble/share/geometry_msgs/cmake)
[1.041s] -- Found rosidl_generator_c: 3.1.8 (/opt/ros/humble/share/rosidl_generator_c/cmake)
[1.052s] -- Found rosidl_adapter: 3.1.8 (/opt/ros/humble/share/rosidl_adapter/cmake)
[1.067s] -- Found rosidl_generator_cpp: 3.1.8 (/opt/ros/humble/share/rosidl_generator_cpp/cmake)
[1.100s] -- Using all available rosidl_typesupport_c: rosidl_typesupport_fastrtps_c;rosidl_typesupport_introspection_c
[1.148s] -- Using all available rosidl_typesupport_cpp: rosidl_typesupport_fastrtps_cpp;rosidl_typesupport_introspection_cpp
[1.224s] -- Found nav_msgs: 4.9.1 (/opt/ros/humble/share/nav_msgs/cmake)
[1.252s] -- Found rosidl_default_generators: 1.2.1 (/opt/ros/humble/share/rosidl_default_generators/cmake)
[1.885s] -- Found ament_cmake_ros: 0.10.0 (/opt/ros/humble/share/ament_cmake_ros/cmake)
[2.495s] -- Using all available rosidl_typesupport_c: rosidl_typesupport_fastrtps_c;rosidl_typesupport_introspection_c
[2.715s] -- Using all available rosidl_typesupport_cpp: rosidl_typesupport_fastrtps_cpp;rosidl_typesupport_introspection_cpp
[2.750s] -- Found PythonInterp: /usr/bin/python3 (found suitable version "3.10.12", minimum required is "3.6") 
[2.752s] -- Found python_cmake_module: 0.10.0 (/opt/ros/humble/share/python_cmake_module/cmake)
[2.801s] -- Found PythonLibs: /usr/lib/x86_64-linux-gnu/libpython3.10.so (found suitable version "3.10.12", minimum required is "3.5") 
[2.801s] -- Using PYTHON_EXECUTABLE: /usr/bin/python3
[2.801s] -- Using PYTHON_INCLUDE_DIRS: /usr/include/python3.10
[2.802s] -- Using PYTHON_LIBRARIES: /usr/lib/x86_64-linux-gnu/libpython3.10.so
[2.838s] -- Found PythonExtra: .so  
[3.091s] -- Configuring done
[3.178s] -- Generating done
[3.206s] -- Build files have been written to: /home/basmala/mir250_ws/src/MiR250/MIR_250/build/mir_actions
[3.224s] Invoked command in '/home/basmala/mir250_ws/src/MiR250/MIR_250/build/mir_actions' returned '0': CMAKE_PREFIX_PATH=${CMAKE_PREFIX_PATH}:/home/basmala/mir250_ws/src/MiR250/MIR_250/install/mir_restapi:/home/basmala/mir250_ws/src/MiR250/MIR_250/install/mir_manual_navigation:/home/basmala/mir250_ws/src/MiR250/MIR_250/install/graph_based_navigation_system:/home/basmala/mir250_ws/src/MiR250/MIR_250/install/mir_driver:/home/basmala/mir250_ws/install/mir_restapi:/home/basmala/mir250_ws/install/mir_manual_navigation:/home/basmala/mir250_ws/install/graph_based_navigation_system:/home/basmala/mir250_ws/install/mir_driver:/opt/ros/humble /usr/bin/cmake /home/basmala/mir250_ws/src/MiR250/MIR_250/mir_actions -DCMAKE_INSTALL_PREFIX=/home/basmala/mir250_ws/src/MiR250/MIR_250/install/mir_actions
[3.225s] Invoking command in '/home/basmala/mir250_ws/src/MiR250/MIR_250/build/mir_actions': CMAKE_PREFIX_PATH=${CMAKE_PREFIX_PATH}:/home/basmala/mir250_ws/src/MiR250/MIR_250/install/mir_restapi:/home/basmala/mir250_ws/src/MiR250/MIR_250/install/mir_manual_navigation:/home/basmala/mir250_ws/src/MiR250/MIR_250/install/graph_based_navigation_system:/home/basmala/mir250_ws/src/MiR250/MIR_250/install/mir_driver:/home/basmala/mir250_ws/install/mir_restapi:/home/basmala/mir250_ws/install/mir_manual_navigation:/home/basmala/mir250_ws/install/graph_based_navigation_system:/home/basmala/mir250_ws/install/mir_driver:/opt/ros/humble /usr/bin/cmake --build /home/basmala/mir250_ws/src/MiR250/MIR_250/build/mir_actions -- -j20 -l20
[3.289s] [  3%] [34m[1mGenerating C code for ROS interfaces[0m
[3.302s] [  6%] [34m[1mGenerating C++ code for ROS interfaces[0m
[3.308s] [  9%] [34m[1mGenerating Rust code for ROS interfaces[0m
[3.313s] [  9%] Built target ament_cmake_python_copy_mir_actions
[3.707s] running egg_info
[3.709s] creating mir_actions.egg-info
[3.710s] writing mir_actions.egg-info/PKG-INFO
[3.710s] writing dependency_links to mir_actions.egg-info/dependency_links.txt
[3.711s] writing top-level names to mir_actions.egg-info/top_level.txt
[3.716s] writing manifest file 'mir_actions.egg-info/SOURCES.txt'
[3.716s] reading manifest file 'mir_actions.egg-info/SOURCES.txt'
[3.718s] writing manifest file 'mir_actions.egg-info/SOURCES.txt'
[3.778s] [  9%] Built target ament_cmake_python_build_mir_actions_egg
[4.820s] [  9%] Built target mir_actions__rs
[5.193s] [  9%] Built target mir_actions__cpp
[5.215s] [ 12%] [34m[1mGenerating C++ type support dispatch for ROS interfaces[0m
[5.228s] [ 15%] [34m[1mGenerating C++ type support for eProsima Fast-RTPS[0m
[5.233s] [ 18%] [34m[1mGenerating C++ introspection for ROS interfaces[0m
[5.389s] [ 21%] [32mBuilding C object CMakeFiles/mir_actions__rosidl_generator_c.dir/rosidl_generator_c/mir_actions/action/detail/mir_move_base__functions.c.o[0m
[5.702s] [ 25%] [32m[1mLinking C shared library libmir_actions__rosidl_generator_c.so[0m
[5.777s] [ 25%] Built target mir_actions__rosidl_generator_c
[5.794s] [ 28%] [34m[1mGenerating C introspection for ROS interfaces[0m
[5.798s] [ 34%] [34m[1mGenerating C type support dispatch for ROS interfaces[0m
[5.798s] [ 34%] [34m[1mGenerating C type support for eProsima Fast-RTPS[0m
[6.401s] [ 37%] [32mBuilding CXX object CMakeFiles/mir_actions__rosidl_typesupport_cpp.dir/rosidl_typesupport_cpp/mir_actions/action/mir_move_base__type_support.cpp.o[0m
[6.694s] [ 40%] [32mBuilding CXX object CMakeFiles/mir_actions__rosidl_typesupport_introspection_cpp.dir/rosidl_typesupport_introspection_cpp/mir_actions/action/detail/mir_move_base__type_support.cpp.o[0m
[6.803s] [ 43%] [32mBuilding C object CMakeFiles/mir_actions__rosidl_typesupport_introspection_c.dir/rosidl_typesupport_introspection_c/mir_actions/action/detail/mir_move_base__type_support.c.o[0m
[6.889s] [ 46%] [32mBuilding CXX object CMakeFiles/mir_actions__rosidl_typesupport_fastrtps_c.dir/rosidl_typesupport_fastrtps_c/mir_actions/action/detail/mir_move_base__type_support_c.cpp.o[0m
[6.906s] [ 50%] [32m[1mLinking C shared library libmir_actions__rosidl_typesupport_introspection_c.so[0m
[6.967s] [ 50%] Built target mir_actions__rosidl_typesupport_introspection_c
[6.974s] [ 53%] [32mBuilding CXX object CMakeFiles/mir_actions__rosidl_typesupport_fastrtps_cpp.dir/rosidl_typesupport_fastrtps_cpp/mir_actions/action/detail/dds_fastrtps/mir_move_base__type_support.cpp.o[0m
[7.016s] [ 56%] [32m[1mLinking CXX shared library libmir_actions__rosidl_typesupport_cpp.so[0m
[7.089s] [ 56%] Built target mir_actions__rosidl_typesupport_cpp
[7.166s] [ 59%] [32mBuilding CXX object CMakeFiles/mir_actions__rosidl_typesupport_c.dir/rosidl_typesupport_c/mir_actions/action/mir_move_base__type_support.cpp.o[0m
[7.241s] [ 62%] [32m[1mLinking CXX shared library libmir_actions__rosidl_typesupport_c.so[0m
[7.303s] [ 62%] Built target mir_actions__rosidl_typesupport_c
[7.797s] [ 65%] [32m[1mLinking CXX shared library libmir_actions__rosidl_typesupport_introspection_cpp.so[0m
[7.801s] [ 68%] [32m[1mLinking CXX shared library libmir_actions__rosidl_typesupport_fastrtps_c.so[0m
[7.929s] [ 68%] Built target mir_actions__rosidl_typesupport_fastrtps_c
[7.947s] [ 68%] Built target mir_actions__rosidl_typesupport_introspection_cpp
[7.991s] [ 71%] [32m[1mLinking CXX shared library libmir_actions__rosidl_typesupport_fastrtps_cpp.so[0m
[8.110s] [ 71%] Built target mir_actions__rosidl_typesupport_fastrtps_cpp
[8.149s] [ 71%] Built target mir_actions
[8.183s] [ 75%] [34m[1mGenerating Python code for ROS interfaces[0m
[10.729s] [ 75%] Built target mir_actions__py
[10.775s] [ 78%] [32mBuilding C object CMakeFiles/mir_actions__rosidl_generator_py.dir/rosidl_generator_py/mir_actions/action/_mir_move_base_s.c.o[0m
[11.141s] [ 81%] [32m[1mLinking C shared library rosidl_generator_py/mir_actions/libmir_actions__rosidl_generator_py.so[0m
[11.210s] [ 81%] Built target mir_actions__rosidl_generator_py
[11.243s] [ 84%] [32mBuilding C object CMakeFiles/mir_actions__rosidl_typesupport_fastrtps_c__pyext.dir/rosidl_generator_py/mir_actions/_mir_actions_s.ep.rosidl_typesupport_fastrtps_c.c.o[0m
[11.243s] [ 87%] [32mBuilding C object CMakeFiles/mir_actions__rosidl_typesupport_c__pyext.dir/rosidl_generator_py/mir_actions/_mir_actions_s.ep.rosidl_typesupport_c.c.o[0m
[11.248s] [ 90%] [32mBuilding C object CMakeFiles/mir_actions__rosidl_typesupport_introspection_c__pyext.dir/rosidl_generator_py/mir_actions/_mir_actions_s.ep.rosidl_typesupport_introspection_c.c.o[0m
[11.424s] [ 96%] [32m[1mLinking C shared library rosidl_generator_py/mir_actions/mir_actions_s__rosidl_typesupport_fastrtps_c.cpython-310-x86_64-linux-gnu.so[0m
[11.424s] [ 96%] [32m[1mLinking C shared library rosidl_generator_py/mir_actions/mir_actions_s__rosidl_typesupport_introspection_c.cpython-310-x86_64-linux-gnu.so[0m
[11.492s] [ 96%] Built target mir_actions__rosidl_typesupport_introspection_c__pyext
[11.493s] [ 96%] Built target mir_actions__rosidl_typesupport_fastrtps_c__pyext
[11.505s] [100%] [32m[1mLinking C shared library rosidl_generator_py/mir_actions/mir_actions_s__rosidl_typesupport_c.cpython-310-x86_64-linux-gnu.so[0m
[11.578s] [100%] Built target mir_actions__rosidl_typesupport_c__pyext
[11.595s] Invoked command in '/home/basmala/mir250_ws/src/MiR250/MIR_250/build/mir_actions' returned '0': CMAKE_PREFIX_PATH=${CMAKE_PREFIX_PATH}:/home/basmala/mir250_ws/src/MiR250/MIR_250/install/mir_restapi:/home/basmala/mir250_ws/src/MiR250/MIR_250/install/mir_manual_navigation:/home/basmala/mir250_ws/src/MiR250/MIR_250/install/graph_based_navigation_system:/home/basmala/mir250_ws/src/MiR250/MIR_250/install/mir_driver:/home/basmala/mir250_ws/install/mir_restapi:/home/basmala/mir250_ws/install/mir_manual_navigation:/home/basmala/mir250_ws/install/graph_based_navigation_system:/home/basmala/mir250_ws/install/mir_driver:/opt/ros/humble /usr/bin/cmake --build /home/basmala/mir250_ws/src/MiR250/MIR_250/build/mir_actions -- -j20 -l20
[11.598s] Invoking command in '/home/basmala/mir250_ws/src/MiR250/MIR_250/build/mir_actions': CMAKE_PREFIX_PATH=${CMAKE_PREFIX_PATH}:/home/basmala/mir250_ws/src/MiR250/MIR_250/install/mir_restapi:/home/basmala/mir250_ws/src/MiR250/MIR_250/install/mir_manual_navigation:/home/basmala/mir250_ws/src/MiR250/MIR_250/install/graph_based_navigation_system:/home/basmala/mir250_ws/src/MiR250/MIR_250/install/mir_driver:/home/basmala/mir250_ws/install/mir_restapi:/home/basmala/mir250_ws/install/mir_manual_navigation:/home/basmala/mir250_ws/install/graph_based_navigation_system:/home/basmala/mir250_ws/install/mir_driver:/opt/ros/humble /usr/bin/cmake --install /home/basmala/mir250_ws/src/MiR250/MIR_250/build/mir_actions
[11.610s] -- Install configuration: ""
[11.610s] -- Installing: /home/basmala/mir250_ws/src/MiR250/MIR_250/install/mir_actions/share/ament_index/resource_index/rosidl_interfaces/mir_actions
[11.611s] -- Installing: /home/basmala/mir250_ws/src/MiR250/MIR_250/install/mir_actions/include/mir_actions/mir_actions
[11.611s] -- Installing: /home/basmala/mir250_ws/src/MiR250/MIR_250/install/mir_actions/include/mir_actions/mir_actions/msg
[11.611s] -- Installing: /home/basmala/mir250_ws/src/MiR250/MIR_250/install/mir_actions/include/mir_actions/mir_actions/msg/rosidl_generator_c__visibility_control.h
[11.611s] -- Installing: /home/basmala/mir250_ws/src/MiR250/MIR_250/install/mir_actions/include/mir_actions/mir_actions/action
[11.611s] -- Installing: /home/basmala/mir250_ws/src/MiR250/MIR_250/install/mir_actions/include/mir_actions/mir_actions/action/detail
[11.611s] -- Installing: /home/basmala/mir250_ws/src/MiR250/MIR_250/install/mir_actions/include/mir_actions/mir_actions/action/detail/mir_move_base__struct.h
[11.612s] -- Installing: /home/basmala/mir250_ws/src/MiR250/MIR_250/install/mir_actions/include/mir_actions/mir_actions/action/detail/mir_move_base__functions.h
[11.612s] -- Installing: /home/basmala/mir250_ws/src/MiR250/MIR_250/install/mir_actions/include/mir_actions/mir_actions/action/detail/mir_move_base__type_support.h
[11.612s] -- Installing: /home/basmala/mir250_ws/src/MiR250/MIR_250/install/mir_actions/include/mir_actions/mir_actions/action/detail/mir_move_base__functions.c
[11.612s] -- Installing: /home/basmala/mir250_ws/src/MiR250/MIR_250/install/mir_actions/include/mir_actions/mir_actions/action/mir_move_base.h
[11.612s] -- Installing: /home/basmala/mir250_ws/src/MiR250/MIR_250/install/mir_actions/share/mir_actions/environment/library_path.sh
[11.612s] -- Installing: /home/basmala/mir250_ws/src/MiR250/MIR_250/install/mir_actions/share/mir_actions/environment/library_path.dsv
[11.612s] -- Installing: /home/basmala/mir250_ws/src/MiR250/MIR_250/install/mir_actions/lib/libmir_actions__rosidl_generator_c.so
[11.613s] -- Set runtime path of "/home/basmala/mir250_ws/src/MiR250/MIR_250/install/mir_actions/lib/libmir_actions__rosidl_generator_c.so" to ""
[11.613s] -- Up-to-date: /home/basmala/mir250_ws/src/MiR250/MIR_250/install/mir_actions/include/mir_actions/mir_actions
[11.613s] -- Up-to-date: /home/basmala/mir250_ws/src/MiR250/MIR_250/install/mir_actions/include/mir_actions/mir_actions/msg
[11.613s] -- Installing: /home/basmala/mir250_ws/src/MiR250/MIR_250/install/mir_actions/include/mir_actions/mir_actions/msg/rosidl_typesupport_fastrtps_c__visibility_control.h
[11.613s] -- Up-to-date: /home/basmala/mir250_ws/src/MiR250/MIR_250/install/mir_actions/include/mir_actions/mir_actions/action
[11.613s] -- Up-to-date: /home/basmala/mir250_ws/src/MiR250/MIR_250/install/mir_actions/include/mir_actions/mir_actions/action/detail
[11.614s] -- Installing: /home/basmala/mir250_ws/src/MiR250/MIR_250/install/mir_actions/include/mir_actions/mir_actions/action/detail/mir_move_base__rosidl_typesupport_fastrtps_c.h
[11.614s] -- Installing: /home/basmala/mir250_ws/src/MiR250/MIR_250/install/mir_actions/lib/libmir_actions__rosidl_typesupport_fastrtps_c.so
[11.614s] -- Set runtime path of "/home/basmala/mir250_ws/src/MiR250/MIR_250/install/mir_actions/lib/libmir_actions__rosidl_typesupport_fastrtps_c.so" to ""
[11.614s] -- Up-to-date: /home/basmala/mir250_ws/src/MiR250/MIR_250/install/mir_actions/include/mir_actions/mir_actions
[11.614s] -- Up-to-date: /home/basmala/mir250_ws/src/MiR250/MIR_250/install/mir_actions/include/mir_actions/mir_actions/msg
[11.614s] -- Installing: /home/basmala/mir250_ws/src/MiR250/MIR_250/install/mir_actions/include/mir_actions/mir_actions/msg/rosidl_generator_cpp__visibility_control.hpp
[11.615s] -- Up-to-date: /home/basmala/mir250_ws/src/MiR250/MIR_250/install/mir_actions/include/mir_actions/mir_actions/action
[11.615s] -- Installing: /home/basmala/mir250_ws/src/MiR250/MIR_250/install/mir_actions/include/mir_actions/mir_actions/action/mir_move_base.hpp
[11.615s] -- Up-to-date: /home/basmala/mir250_ws/src/MiR250/MIR_250/install/mir_actions/include/mir_actions/mir_actions/action/detail
[11.615s] -- Installing: /home/basmala/mir250_ws/src/MiR250/MIR_250/install/mir_actions/include/mir_actions/mir_actions/action/detail/mir_move_base__builder.hpp
[11.615s] -- Installing: /home/basmala/mir250_ws/src/MiR250/MIR_250/install/mir_actions/include/mir_actions/mir_actions/action/detail/mir_move_base__struct.hpp
[11.615s] -- Installing: /home/basmala/mir250_ws/src/MiR250/MIR_250/install/mir_actions/include/mir_actions/mir_actions/action/detail/mir_move_base__type_support.hpp
[11.615s] -- Installing: /home/basmala/mir250_ws/src/MiR250/MIR_250/install/mir_actions/include/mir_actions/mir_actions/action/detail/mir_move_base__traits.hpp
[11.615s] -- Up-to-date: /home/basmala/mir250_ws/src/MiR250/MIR_250/install/mir_actions/include/mir_actions/mir_actions
[11.616s] -- Up-to-date: /home/basmala/mir250_ws/src/MiR250/MIR_250/install/mir_actions/include/mir_actions/mir_actions/msg
[11.616s] -- Installing: /home/basmala/mir250_ws/src/MiR250/MIR_250/install/mir_actions/include/mir_actions/mir_actions/msg/rosidl_typesupport_fastrtps_cpp__visibility_control.h
[11.616s] -- Up-to-date: /home/basmala/mir250_ws/src/MiR250/MIR_250/install/mir_actions/include/mir_actions/mir_actions/action
[11.616s] -- Up-to-date: /home/basmala/mir250_ws/src/MiR250/MIR_250/install/mir_actions/include/mir_actions/mir_actions/action/detail
[11.616s] -- Installing: /home/basmala/mir250_ws/src/MiR250/MIR_250/install/mir_actions/include/mir_actions/mir_actions/action/detail/dds_fastrtps
[11.616s] -- Installing: /home/basmala/mir250_ws/src/MiR250/MIR_250/install/mir_actions/include/mir_actions/mir_actions/action/detail/mir_move_base__rosidl_typesupport_fastrtps_cpp.hpp
[11.616s] -- Installing: /home/basmala/mir250_ws/src/MiR250/MIR_250/install/mir_actions/lib/libmir_actions__rosidl_typesupport_fastrtps_cpp.so
[11.617s] -- Set runtime path of "/home/basmala/mir250_ws/src/MiR250/MIR_250/install/mir_actions/lib/libmir_actions__rosidl_typesupport_fastrtps_cpp.so" to ""
[11.617s] -- Up-to-date: /home/basmala/mir250_ws/src/MiR250/MIR_250/install/mir_actions/include/mir_actions/mir_actions
[11.617s] -- Up-to-date: /home/basmala/mir250_ws/src/MiR250/MIR_250/install/mir_actions/include/mir_actions/mir_actions/msg
[11.617s] -- Installing: /home/basmala/mir250_ws/src/MiR250/MIR_250/install/mir_actions/include/mir_actions/mir_actions/msg/rosidl_typesupport_introspection_c__visibility_control.h
[11.617s] -- Up-to-date: /home/basmala/mir250_ws/src/MiR250/MIR_250/install/mir_actions/include/mir_actions/mir_actions/action
[11.617s] -- Up-to-date: /home/basmala/mir250_ws/src/MiR250/MIR_250/install/mir_actions/include/mir_actions/mir_actions/action/detail
[11.618s] -- Installing: /home/basmala/mir250_ws/src/MiR250/MIR_250/install/mir_actions/include/mir_actions/mir_actions/action/detail/mir_move_base__rosidl_typesupport_introspection_c.h
[11.618s] -- Installing: /home/basmala/mir250_ws/src/MiR250/MIR_250/install/mir_actions/include/mir_actions/mir_actions/action/detail/mir_move_base__type_support.c
[11.618s] -- Installing: /home/basmala/mir250_ws/src/MiR250/MIR_250/install/mir_actions/lib/libmir_actions__rosidl_typesupport_introspection_c.so
[11.618s] -- Set runtime path of "/home/basmala/mir250_ws/src/MiR250/MIR_250/install/mir_actions/lib/libmir_actions__rosidl_typesupport_introspection_c.so" to ""
[11.618s] -- Installing: /home/basmala/mir250_ws/src/MiR250/MIR_250/install/mir_actions/lib/libmir_actions__rosidl_typesupport_c.so
[11.618s] -- Set runtime path of "/home/basmala/mir250_ws/src/MiR250/MIR_250/install/mir_actions/lib/libmir_actions__rosidl_typesupport_c.so" to ""
[11.618s] -- Up-to-date: /home/basmala/mir250_ws/src/MiR250/MIR_250/install/mir_actions/include/mir_actions/mir_actions
[11.619s] -- Up-to-date: /home/basmala/mir250_ws/src/MiR250/MIR_250/install/mir_actions/include/mir_actions/mir_actions/action
[11.619s] -- Up-to-date: /home/basmala/mir250_ws/src/MiR250/MIR_250/install/mir_actions/include/mir_actions/mir_actions/action/detail
[11.619s] -- Installing: /home/basmala/mir250_ws/src/MiR250/MIR_250/install/mir_actions/include/mir_actions/mir_actions/action/detail/mir_move_base__rosidl_typesupport_introspection_cpp.hpp
[11.619s] -- Installing: /home/basmala/mir250_ws/src/MiR250/MIR_250/install/mir_actions/include/mir_actions/mir_actions/action/detail/mir_move_base__type_support.cpp
[11.619s] -- Installing: /home/basmala/mir250_ws/src/MiR250/MIR_250/install/mir_actions/lib/libmir_actions__rosidl_typesupport_introspection_cpp.so
[11.619s] -- Set runtime path of "/home/basmala/mir250_ws/src/MiR250/MIR_250/install/mir_actions/lib/libmir_actions__rosidl_typesupport_introspection_cpp.so" to ""
[11.619s] -- Installing: /home/basmala/mir250_ws/src/MiR250/MIR_250/install/mir_actions/lib/libmir_actions__rosidl_typesupport_cpp.so
[11.619s] -- Set runtime path of "/home/basmala/mir250_ws/src/MiR250/MIR_250/install/mir_actions/lib/libmir_actions__rosidl_typesupport_cpp.so" to ""
[11.620s] -- Installing: /home/basmala/mir250_ws/src/MiR250/MIR_250/install/mir_actions/share/mir_actions/environment/pythonpath.sh
[11.620s] -- Installing: /home/basmala/mir250_ws/src/MiR250/MIR_250/install/mir_actions/share/mir_actions/environment/pythonpath.dsv
[11.620s] -- Installing: /home/basmala/mir250_ws/src/MiR250/MIR_250/install/mir_actions/local/lib/python3.10/dist-packages/mir_actions-1.1.3-py3.10.egg-info
[11.620s] -- Installing: /home/basmala/mir250_ws/src/MiR250/MIR_250/install/mir_actions/local/lib/python3.10/dist-packages/mir_actions-1.1.3-py3.10.egg-info/dependency_links.txt
[11.620s] -- Installing: /home/basmala/mir250_ws/src/MiR250/MIR_250/install/mir_actions/local/lib/python3.10/dist-packages/mir_actions-1.1.3-py3.10.egg-info/PKG-INFO
[11.621s] -- Installing: /home/basmala/mir250_ws/src/MiR250/MIR_250/install/mir_actions/local/lib/python3.10/dist-packages/mir_actions-1.1.3-py3.10.egg-info/SOURCES.txt
[11.621s] -- Installing: /home/basmala/mir250_ws/src/MiR250/MIR_250/install/mir_actions/local/lib/python3.10/dist-packages/mir_actions-1.1.3-py3.10.egg-info/top_level.txt
[11.621s] -- Installing: /home/basmala/mir250_ws/src/MiR250/MIR_250/install/mir_actions/local/lib/python3.10/dist-packages/mir_actions
[11.621s] -- Installing: /home/basmala/mir250_ws/src/MiR250/MIR_250/install/mir_actions/local/lib/python3.10/dist-packages/mir_actions/mir_actions_s__rosidl_typesupport_fastrtps_c.cpython-310-x86_64-linux-gnu.so
[11.621s] -- Installing: /home/basmala/mir250_ws/src/MiR250/MIR_250/install/mir_actions/local/lib/python3.10/dist-packages/mir_actions/__init__.py
[11.622s] -- Installing: /home/basmala/mir250_ws/src/MiR250/MIR_250/install/mir_actions/local/lib/python3.10/dist-packages/mir_actions/action
[11.622s] -- Installing: /home/basmala/mir250_ws/src/MiR250/MIR_250/install/mir_actions/local/lib/python3.10/dist-packages/mir_actions/action/__init__.py
[11.622s] -- Installing: /home/basmala/mir250_ws/src/MiR250/MIR_250/install/mir_actions/local/lib/python3.10/dist-packages/mir_actions/action/_mir_move_base_s.c
[11.622s] -- Installing: /home/basmala/mir250_ws/src/MiR250/MIR_250/install/mir_actions/local/lib/python3.10/dist-packages/mir_actions/action/_mir_move_base.py
[11.622s] -- Installing: /home/basmala/mir250_ws/src/MiR250/MIR_250/install/mir_actions/local/lib/python3.10/dist-packages/mir_actions/mir_actions_s__rosidl_typesupport_c.cpython-310-x86_64-linux-gnu.so
[11.622s] -- Installing: /home/basmala/mir250_ws/src/MiR250/MIR_250/install/mir_actions/local/lib/python3.10/dist-packages/mir_actions/_mir_actions_s.ep.rosidl_typesupport_introspection_c.c
[11.623s] -- Installing: /home/basmala/mir250_ws/src/MiR250/MIR_250/install/mir_actions/local/lib/python3.10/dist-packages/mir_actions/libmir_actions__rosidl_generator_py.so
[11.623s] -- Installing: /home/basmala/mir250_ws/src/MiR250/MIR_250/install/mir_actions/local/lib/python3.10/dist-packages/mir_actions/mir_actions_s__rosidl_typesupport_introspection_c.cpython-310-x86_64-linux-gnu.so
[11.623s] -- Installing: /home/basmala/mir250_ws/src/MiR250/MIR_250/install/mir_actions/local/lib/python3.10/dist-packages/mir_actions/_mir_actions_s.ep.rosidl_typesupport_c.c
[11.623s] -- Installing: /home/basmala/mir250_ws/src/MiR250/MIR_250/install/mir_actions/local/lib/python3.10/dist-packages/mir_actions/_mir_actions_s.ep.rosidl_typesupport_fastrtps_c.c
[11.702s] Listing '/home/basmala/mir250_ws/src/MiR250/MIR_250/install/mir_actions/local/lib/python3.10/dist-packages/mir_actions'...
[11.702s] Compiling '/home/basmala/mir250_ws/src/MiR250/MIR_250/install/mir_actions/local/lib/python3.10/dist-packages/mir_actions/__init__.py'...
[11.703s] Listing '/home/basmala/mir250_ws/src/MiR250/MIR_250/install/mir_actions/local/lib/python3.10/dist-packages/mir_actions/action'...
[11.703s] Compiling '/home/basmala/mir250_ws/src/MiR250/MIR_250/install/mir_actions/local/lib/python3.10/dist-packages/mir_actions/action/__init__.py'...
[11.703s] Compiling '/home/basmala/mir250_ws/src/MiR250/MIR_250/install/mir_actions/local/lib/python3.10/dist-packages/mir_actions/action/_mir_move_base.py'...
[11.709s] -- Installing: /home/basmala/mir250_ws/src/MiR250/MIR_250/install/mir_actions/local/lib/python3.10/dist-packages/mir_actions/mir_actions_s__rosidl_typesupport_fastrtps_c.cpython-310-x86_64-linux-gnu.so
[11.710s] -- Set runtime path of "/home/basmala/mir250_ws/src/MiR250/MIR_250/install/mir_actions/local/lib/python3.10/dist-packages/mir_actions/mir_actions_s__rosidl_typesupport_fastrtps_c.cpython-310-x86_64-linux-gnu.so" to ""
[11.710s] -- Installing: /home/basmala/mir250_ws/src/MiR250/MIR_250/install/mir_actions/local/lib/python3.10/dist-packages/mir_actions/mir_actions_s__rosidl_typesupport_introspection_c.cpython-310-x86_64-linux-gnu.so
[11.711s] -- Set runtime path of "/home/basmala/mir250_ws/src/MiR250/MIR_250/install/mir_actions/local/lib/python3.10/dist-packages/mir_actions/mir_actions_s__rosidl_typesupport_introspection_c.cpython-310-x86_64-linux-gnu.so" to ""
[11.711s] -- Installing: /home/basmala/mir250_ws/src/MiR250/MIR_250/install/mir_actions/local/lib/python3.10/dist-packages/mir_actions/mir_actions_s__rosidl_typesupport_c.cpython-310-x86_64-linux-gnu.so
[11.712s] -- Set runtime path of "/home/basmala/mir250_ws/src/MiR250/MIR_250/install/mir_actions/local/lib/python3.10/dist-packages/mir_actions/mir_actions_s__rosidl_typesupport_c.cpython-310-x86_64-linux-gnu.so" to ""
[11.712s] -- Installing: /home/basmala/mir250_ws/src/MiR250/MIR_250/install/mir_actions/lib/libmir_actions__rosidl_generator_py.so
[11.713s] -- Set runtime path of "/home/basmala/mir250_ws/src/MiR250/MIR_250/install/mir_actions/lib/libmir_actions__rosidl_generator_py.so" to ""
[11.713s] -- Installing: /home/basmala/mir250_ws/src/MiR250/MIR_250/install/mir_actions/share/ament_index/resource_index/rust_packages/mir_actions
[11.713s] -- Installing: /home/basmala/mir250_ws/src/MiR250/MIR_250/install/mir_actions/share/mir_actions/rust
[11.714s] -- Installing: /home/basmala/mir250_ws/src/MiR250/MIR_250/install/mir_actions/share/mir_actions/rust/Cargo.toml
[11.714s] -- Installing: /home/basmala/mir250_ws/src/MiR250/MIR_250/install/mir_actions/share/mir_actions/rust/build.rs
[11.714s] -- Installing: /home/basmala/mir250_ws/src/MiR250/MIR_250/install/mir_actions/share/mir_actions/rust/src
[11.714s] -- Installing: /home/basmala/mir250_ws/src/MiR250/MIR_250/install/mir_actions/share/mir_actions/rust/src/action
[11.714s] -- Installing: /home/basmala/mir250_ws/src/MiR250/MIR_250/install/mir_actions/share/mir_actions/rust/src/action/rmw.rs
[11.714s] -- Installing: /home/basmala/mir250_ws/src/MiR250/MIR_250/install/mir_actions/share/mir_actions/rust/src/lib.rs
[11.715s] -- Installing: /home/basmala/mir250_ws/src/MiR250/MIR_250/install/mir_actions/share/mir_actions/rust/src/action.rs
[11.715s] -- Installing: /home/basmala/mir250_ws/src/MiR250/MIR_250/install/mir_actions/share/mir_actions/action/MirMoveBase.idl
[11.715s] -- Installing: /home/basmala/mir250_ws/src/MiR250/MIR_250/install/mir_actions/share/mir_actions/action/MirMoveBase.action
[11.715s] -- Installing: /home/basmala/mir250_ws/src/MiR250/MIR_250/install/mir_actions/share/ament_index/resource_index/package_run_dependencies/mir_actions
[11.716s] -- Installing: /home/basmala/mir250_ws/src/MiR250/MIR_250/install/mir_actions/share/ament_index/resource_index/parent_prefix_path/mir_actions
[11.716s] -- Installing: /home/basmala/mir250_ws/src/MiR250/MIR_250/install/mir_actions/share/mir_actions/environment/ament_prefix_path.sh
[11.716s] -- Installing: /home/basmala/mir250_ws/src/MiR250/MIR_250/install/mir_actions/share/mir_actions/environment/ament_prefix_path.dsv
[11.717s] -- Installing: /home/basmala/mir250_ws/src/MiR250/MIR_250/install/mir_actions/share/mir_actions/environment/path.sh
[11.717s] -- Installing: /home/basmala/mir250_ws/src/MiR250/MIR_250/install/mir_actions/share/mir_actions/environment/path.dsv
[11.717s] -- Installing: /home/basmala/mir250_ws/src/MiR250/MIR_250/install/mir_actions/share/mir_actions/local_setup.bash
[11.717s] -- Installing: /home/basmala/mir250_ws/src/MiR250/MIR_250/install/mir_actions/share/mir_actions/local_setup.sh
[11.718s] -- Installing: /home/basmala/mir250_ws/src/MiR250/MIR_250/install/mir_actions/share/mir_actions/local_setup.zsh
[11.718s] -- Installing: /home/basmala/mir250_ws/src/MiR250/MIR_250/install/mir_actions/share/mir_actions/local_setup.dsv
[11.718s] -- Installing: /home/basmala/mir250_ws/src/MiR250/MIR_250/install/mir_actions/share/mir_actions/package.dsv
[11.719s] -- Installing: /home/basmala/mir250_ws/src/MiR250/MIR_250/install/mir_actions/share/ament_index/resource_index/packages/mir_actions
[11.719s] -- Installing: /home/basmala/mir250_ws/src/MiR250/MIR_250/install/mir_actions/share/mir_actions/cmake/export_mir_actions__rosidl_generator_cExport.cmake
[11.719s] -- Installing: /home/basmala/mir250_ws/src/MiR250/MIR_250/install/mir_actions/share/mir_actions/cmake/export_mir_actions__rosidl_generator_cExport-noconfig.cmake
[11.719s] -- Installing: /home/basmala/mir250_ws/src/MiR250/MIR_250/install/mir_actions/share/mir_actions/cmake/export_mir_actions__rosidl_typesupport_fastrtps_cExport.cmake
[11.720s] -- Installing: /home/basmala/mir250_ws/src/MiR250/MIR_250/install/mir_actions/share/mir_actions/cmake/export_mir_actions__rosidl_typesupport_fastrtps_cExport-noconfig.cmake
[11.720s] -- Installing: /home/basmala/mir250_ws/src/MiR250/MIR_250/install/mir_actions/share/mir_actions/cmake/export_mir_actions__rosidl_generator_cppExport.cmake
[11.720s] -- Installing: /home/basmala/mir250_ws/src/MiR250/MIR_250/install/mir_actions/share/mir_actions/cmake/export_mir_actions__rosidl_typesupport_fastrtps_cppExport.cmake
[11.721s] -- Installing: /home/basmala/mir250_ws/src/MiR250/MIR_250/install/mir_actions/share/mir_actions/cmake/export_mir_actions__rosidl_typesupport_fastrtps_cppExport-noconfig.cmake
[11.721s] -- Installing: /home/basmala/mir250_ws/src/MiR250/MIR_250/install/mir_actions/share/mir_actions/cmake/mir_actions__rosidl_typesupport_introspection_cExport.cmake
[11.721s] -- Installing: /home/basmala/mir250_ws/src/MiR250/MIR_250/install/mir_actions/share/mir_actions/cmake/mir_actions__rosidl_typesupport_introspection_cExport-noconfig.cmake
[11.722s] -- Installing: /home/basmala/mir250_ws/src/MiR250/MIR_250/install/mir_actions/share/mir_actions/cmake/mir_actions__rosidl_typesupport_cExport.cmake
[11.722s] -- Installing: /home/basmala/mir250_ws/src/MiR250/MIR_250/install/mir_actions/share/mir_actions/cmake/mir_actions__rosidl_typesupport_cExport-noconfig.cmake
[11.722s] -- Installing: /home/basmala/mir250_ws/src/MiR250/MIR_250/install/mir_actions/share/mir_actions/cmake/mir_actions__rosidl_typesupport_introspection_cppExport.cmake
[11.722s] -- Installing: /home/basmala/mir250_ws/src/MiR250/MIR_250/install/mir_actions/share/mir_actions/cmake/mir_actions__rosidl_typesupport_introspection_cppExport-noconfig.cmake
[11.723s] -- Installing: /home/basmala/mir250_ws/src/MiR250/MIR_250/install/mir_actions/share/mir_actions/cmake/mir_actions__rosidl_typesupport_cppExport.cmake
[11.723s] -- Installing: /home/basmala/mir250_ws/src/MiR250/MIR_250/install/mir_actions/share/mir_actions/cmake/mir_actions__rosidl_typesupport_cppExport-noconfig.cmake
[11.723s] -- Installing: /home/basmala/mir250_ws/src/MiR250/MIR_250/install/mir_actions/share/mir_actions/cmake/export_mir_actions__rosidl_generator_pyExport.cmake
[11.724s] -- Installing: /home/basmala/mir250_ws/src/MiR250/MIR_250/install/mir_actions/share/mir_actions/cmake/export_mir_actions__rosidl_generator_pyExport-noconfig.cmake
[11.724s] -- Installing: /home/basmala/mir250_ws/src/MiR250/MIR_250/install/mir_actions/share/mir_actions/cmake/rosidl_cmake-extras.cmake
[11.724s] -- Installing: /home/basmala/mir250_ws/src/MiR250/MIR_250/install/mir_actions/share/mir_actions/cmake/ament_cmake_export_dependencies-extras.cmake
[11.724s] -- Installing: /home/basmala/mir250_ws/src/MiR250/MIR_250/install/mir_actions/share/mir_actions/cmake/ament_cmake_export_include_directories-extras.cmake
[11.725s] -- Installing: /home/basmala/mir250_ws/src/MiR250/MIR_250/install/mir_actions/share/mir_actions/cmake/ament_cmake_export_libraries-extras.cmake
[11.725s] -- Installing: /home/basmala/mir250_ws/src/MiR250/MIR_250/install/mir_actions/share/mir_actions/cmake/ament_cmake_export_targets-extras.cmake
[11.725s] -- Installing: /home/basmala/mir250_ws/src/MiR250/MIR_250/install/mir_actions/share/mir_actions/cmake/rosidl_cmake_export_typesupport_targets-extras.cmake
[11.726s] -- Installing: /home/basmala/mir250_ws/src/MiR250/MIR_250/install/mir_actions/share/mir_actions/cmake/rosidl_cmake_export_typesupport_libraries-extras.cmake
[11.726s] -- Installing: /home/basmala/mir250_ws/src/MiR250/MIR_250/install/mir_actions/share/mir_actions/cmake/mir_actionsConfig.cmake
[11.726s] -- Installing: /home/basmala/mir250_ws/src/MiR250/MIR_250/install/mir_actions/share/mir_actions/cmake/mir_actionsConfig-version.cmake
[11.726s] -- Installing: /home/basmala/mir250_ws/src/MiR250/MIR_250/install/mir_actions/share/mir_actions/package.xml
[11.731s] Invoked command in '/home/basmala/mir250_ws/src/MiR250/MIR_250/build/mir_actions' returned '0': CMAKE_PREFIX_PATH=${CMAKE_PREFIX_PATH}:/home/basmala/mir250_ws/src/MiR250/MIR_250/install/mir_restapi:/home/basmala/mir250_ws/src/MiR250/MIR_250/install/mir_manual_navigation:/home/basmala/mir250_ws/src/MiR250/MIR_250/install/graph_based_navigation_system:/home/basmala/mir250_ws/src/MiR250/MIR_250/install/mir_driver:/home/basmala/mir250_ws/install/mir_restapi:/home/basmala/mir250_ws/install/mir_manual_navigation:/home/basmala/mir250_ws/install/graph_based_navigation_system:/home/basmala/mir250_ws/install/mir_driver:/opt/ros/humble /usr/bin/cmake --install /home/basmala/mir250_ws/src/MiR250/MIR_250/build/mir_actions
