[1.044s] Invoking command in '/home/basmala/mir250_ws/src/MIR_250/graph_based_navigation_system': AMENT_PREFIX_PATH=/home/basmala/mir250_ws/install/mir_driver:/home/basmala/mir250_ws/install/mir_msgs:/home/basmala/mir250_ws/install/mir_description:${AMENT_PREFIX_PATH} CMAKE_PREFIX_PATH=/home/basmala/mir250_ws/install/mir_msgs:/home/basmala/mir250_ws/install/mir_description LD_LIBRARY_PATH=/home/basmala/mir250_ws/install/mir_msgs/lib:${LD_LIBRARY_PATH} PYTHONPATH=/home/basmala/mir250_ws/build/graph_based_navigation_system/prefix_override:/usr/lib/python3/dist-packages/colcon_core/task/python/colcon_distutils_commands:/home/basmala/mir250_ws/install/graph_based_navigation_system/lib/python3.10/site-packages:/home/basmala/mir250_ws/install/mir_driver/lib/python3.10/site-packages:/home/basmala/mir250_ws/install/mir_msgs/local/lib/python3.10/dist-packages:${PYTHONPATH} /usr/bin/python3 -W ignore:setup.py install is deprecated -W ignore:easy_install command is deprecated setup.py egg_info --egg-base ../../../build/graph_based_navigation_system build --build-base /home/basmala/mir250_ws/build/graph_based_navigation_system/build install --record /home/basmala/mir250_ws/build/graph_based_navigation_system/install.log --install-scripts $base/lib/graph_based_navigation_system --single-version-externally-managed install_data
[1.339s] running egg_info
[1.340s] creating ../../../build/graph_based_navigation_system/graph_based_navigation_system.egg-info
[1.340s] writing ../../../build/graph_based_navigation_system/graph_based_navigation_system.egg-info/PKG-INFO
[1.340s] writing dependency_links to ../../../build/graph_based_navigation_system/graph_based_navigation_system.egg-info/dependency_links.txt
[1.340s] writing entry points to ../../../build/graph_based_navigation_system/graph_based_navigation_system.egg-info/entry_points.txt
[1.340s] writing requirements to ../../../build/graph_based_navigation_system/graph_based_navigation_system.egg-info/requires.txt
[1.341s] writing top-level names to ../../../build/graph_based_navigation_system/graph_based_navigation_system.egg-info/top_level.txt
[1.341s] writing manifest file '../../../build/graph_based_navigation_system/graph_based_navigation_system.egg-info/SOURCES.txt'
[1.343s] reading manifest file '../../../build/graph_based_navigation_system/graph_based_navigation_system.egg-info/SOURCES.txt'
[1.344s] writing manifest file '../../../build/graph_based_navigation_system/graph_based_navigation_system.egg-info/SOURCES.txt'
[1.344s] running build
[1.344s] running build_py
[1.344s] creating /home/basmala/mir250_ws/build/graph_based_navigation_system/build
[1.345s] creating /home/basmala/mir250_ws/build/graph_based_navigation_system/build/lib
[1.345s] creating /home/basmala/mir250_ws/build/graph_based_navigation_system/build/lib/graph_based_navigation_system
[1.345s] copying graph_based_navigation_system/nav2_dynamic_reconfig.py -> /home/basmala/mir250_ws/build/graph_based_navigation_system/build/lib/graph_based_navigation_system
[1.345s] copying graph_based_navigation_system/graph_editor.py -> /home/basmala/mir250_ws/build/graph_based_navigation_system/build/lib/graph_based_navigation_system
[1.345s] copying graph_based_navigation_system/__init__.py -> /home/basmala/mir250_ws/build/graph_based_navigation_system/build/lib/graph_based_navigation_system
[1.345s] copying graph_based_navigation_system/render_graph_on_map.py -> /home/basmala/mir250_ws/build/graph_based_navigation_system/build/lib/graph_based_navigation_system
[1.346s] copying graph_based_navigation_system/navigation_helper.py -> /home/basmala/mir250_ws/build/graph_based_navigation_system/build/lib/graph_based_navigation_system
[1.346s] copying graph_based_navigation_system/graph_nav_controller.py -> /home/basmala/mir250_ws/build/graph_based_navigation_system/build/lib/graph_based_navigation_system
[1.347s] copying graph_based_navigation_system/navigation_defaults.py -> /home/basmala/mir250_ws/build/graph_based_navigation_system/build/lib/graph_based_navigation_system
[1.347s] running install
[1.348s] running install_lib
[1.351s] creating /home/basmala/mir250_ws/install/graph_based_navigation_system/lib/python3.10/site-packages/graph_based_navigation_system
[1.351s] copying /home/basmala/mir250_ws/build/graph_based_navigation_system/build/lib/graph_based_navigation_system/nav2_dynamic_reconfig.py -> /home/basmala/mir250_ws/install/graph_based_navigation_system/lib/python3.10/site-packages/graph_based_navigation_system
[1.351s] copying /home/basmala/mir250_ws/build/graph_based_navigation_system/build/lib/graph_based_navigation_system/graph_editor.py -> /home/basmala/mir250_ws/install/graph_based_navigation_system/lib/python3.10/site-packages/graph_based_navigation_system
[1.352s] copying /home/basmala/mir250_ws/build/graph_based_navigation_system/build/lib/graph_based_navigation_system/__init__.py -> /home/basmala/mir250_ws/install/graph_based_navigation_system/lib/python3.10/site-packages/graph_based_navigation_system
[1.352s] copying /home/basmala/mir250_ws/build/graph_based_navigation_system/build/lib/graph_based_navigation_system/render_graph_on_map.py -> /home/basmala/mir250_ws/install/graph_based_navigation_system/lib/python3.10/site-packages/graph_based_navigation_system
[1.352s] copying /home/basmala/mir250_ws/build/graph_based_navigation_system/build/lib/graph_based_navigation_system/navigation_helper.py -> /home/basmala/mir250_ws/install/graph_based_navigation_system/lib/python3.10/site-packages/graph_based_navigation_system
[1.352s] copying /home/basmala/mir250_ws/build/graph_based_navigation_system/build/lib/graph_based_navigation_system/graph_nav_controller.py -> /home/basmala/mir250_ws/install/graph_based_navigation_system/lib/python3.10/site-packages/graph_based_navigation_system
[1.353s] copying /home/basmala/mir250_ws/build/graph_based_navigation_system/build/lib/graph_based_navigation_system/navigation_defaults.py -> /home/basmala/mir250_ws/install/graph_based_navigation_system/lib/python3.10/site-packages/graph_based_navigation_system
[1.354s] byte-compiling /home/basmala/mir250_ws/install/graph_based_navigation_system/lib/python3.10/site-packages/graph_based_navigation_system/nav2_dynamic_reconfig.py to nav2_dynamic_reconfig.cpython-310.pyc
[1.355s] byte-compiling /home/basmala/mir250_ws/install/graph_based_navigation_system/lib/python3.10/site-packages/graph_based_navigation_system/graph_editor.py to graph_editor.cpython-310.pyc
[1.359s] byte-compiling /home/basmala/mir250_ws/install/graph_based_navigation_system/lib/python3.10/site-packages/graph_based_navigation_system/__init__.py to __init__.cpython-310.pyc
[1.360s] byte-compiling /home/basmala/mir250_ws/install/graph_based_navigation_system/lib/python3.10/site-packages/graph_based_navigation_system/render_graph_on_map.py to render_graph_on_map.cpython-310.pyc
[1.360s] byte-compiling /home/basmala/mir250_ws/install/graph_based_navigation_system/lib/python3.10/site-packages/graph_based_navigation_system/navigation_helper.py to navigation_helper.cpython-310.pyc
[1.362s] byte-compiling /home/basmala/mir250_ws/install/graph_based_navigation_system/lib/python3.10/site-packages/graph_based_navigation_system/graph_nav_controller.py to graph_nav_controller.cpython-310.pyc
[1.366s] byte-compiling /home/basmala/mir250_ws/install/graph_based_navigation_system/lib/python3.10/site-packages/graph_based_navigation_system/navigation_defaults.py to navigation_defaults.cpython-310.pyc
[1.367s] running install_data
[1.367s] creating /home/basmala/mir250_ws/install/graph_based_navigation_system/share/ament_index
[1.367s] creating /home/basmala/mir250_ws/install/graph_based_navigation_system/share/ament_index/resource_index
[1.367s] creating /home/basmala/mir250_ws/install/graph_based_navigation_system/share/ament_index/resource_index/packages
[1.367s] copying resource/graph_based_navigation_system -> /home/basmala/mir250_ws/install/graph_based_navigation_system/share/ament_index/resource_index/packages
[1.367s] copying package.xml -> /home/basmala/mir250_ws/install/graph_based_navigation_system/share/graph_based_navigation_system
[1.368s] creating /home/basmala/mir250_ws/install/graph_based_navigation_system/share/graph_based_navigation_system/config
[1.368s] copying config/mir_nav_params.yaml -> /home/basmala/mir250_ws/install/graph_based_navigation_system/share/graph_based_navigation_system/config
[1.368s] copying config/graph_based_nav.rviz -> /home/basmala/mir250_ws/install/graph_based_navigation_system/share/graph_based_navigation_system/config
[1.368s] copying config/set_up_graph.yaml -> /home/basmala/mir250_ws/install/graph_based_navigation_system/share/graph_based_navigation_system/config
[1.368s] copying config/test_TER_1_graph.yaml -> /home/basmala/mir250_ws/install/graph_based_navigation_system/share/graph_based_navigation_system/config
[1.368s] creating /home/basmala/mir250_ws/install/graph_based_navigation_system/share/graph_based_navigation_system/maps
[1.368s] copying maps/test_TER_1_with_nodes_edges.yaml -> /home/basmala/mir250_ws/install/graph_based_navigation_system/share/graph_based_navigation_system/maps
[1.369s] copying maps/test_TER_1_with_nodes_edges.png -> /home/basmala/mir250_ws/install/graph_based_navigation_system/share/graph_based_navigation_system/maps
[1.369s] creating /home/basmala/mir250_ws/install/graph_based_navigation_system/share/graph_based_navigation_system/launch
[1.369s] copying launch/graph_nav_controller_launch.py -> /home/basmala/mir250_ws/install/graph_based_navigation_system/share/graph_based_navigation_system/launch
[1.369s] copying launch/graph_navigation_launch.py -> /home/basmala/mir250_ws/install/graph_based_navigation_system/share/graph_based_navigation_system/launch
[1.369s] running install_egg_info
[1.371s] Copying ../../../build/graph_based_navigation_system/graph_based_navigation_system.egg-info to /home/basmala/mir250_ws/install/graph_based_navigation_system/lib/python3.10/site-packages/graph_based_navigation_system-0.0.0-py3.10.egg-info
[1.372s] running install_scripts
[1.399s] Installing graph_editor script to /home/basmala/mir250_ws/install/graph_based_navigation_system/lib/graph_based_navigation_system
[1.399s] Installing graph_nav_controller script to /home/basmala/mir250_ws/install/graph_based_navigation_system/lib/graph_based_navigation_system
[1.399s] Installing nav2_dynamic_reconfig script to /home/basmala/mir250_ws/install/graph_based_navigation_system/lib/graph_based_navigation_system
[1.399s] Installing navigation_defaults script to /home/basmala/mir250_ws/install/graph_based_navigation_system/lib/graph_based_navigation_system
[1.399s] Installing navigation_helper script to /home/basmala/mir250_ws/install/graph_based_navigation_system/lib/graph_based_navigation_system
[1.400s] Installing render_graph_on_map script to /home/basmala/mir250_ws/install/graph_based_navigation_system/lib/graph_based_navigation_system
[1.400s] writing list of installed files to '/home/basmala/mir250_ws/build/graph_based_navigation_system/install.log'
[1.429s] Invoked command in '/home/basmala/mir250_ws/src/MIR_250/graph_based_navigation_system' returned '0': AMENT_PREFIX_PATH=/home/basmala/mir250_ws/install/mir_driver:/home/basmala/mir250_ws/install/mir_msgs:/home/basmala/mir250_ws/install/mir_description:${AMENT_PREFIX_PATH} CMAKE_PREFIX_PATH=/home/basmala/mir250_ws/install/mir_msgs:/home/basmala/mir250_ws/install/mir_description LD_LIBRARY_PATH=/home/basmala/mir250_ws/install/mir_msgs/lib:${LD_LIBRARY_PATH} PYTHONPATH=/home/basmala/mir250_ws/build/graph_based_navigation_system/prefix_override:/usr/lib/python3/dist-packages/colcon_core/task/python/colcon_distutils_commands:/home/basmala/mir250_ws/install/graph_based_navigation_system/lib/python3.10/site-packages:/home/basmala/mir250_ws/install/mir_driver/lib/python3.10/site-packages:/home/basmala/mir250_ws/install/mir_msgs/local/lib/python3.10/dist-packages:${PYTHONPATH} /usr/bin/python3 -W ignore:setup.py install is deprecated -W ignore:easy_install command is deprecated setup.py egg_info --egg-base ../../../build/graph_based_navigation_system build --build-base /home/basmala/mir250_ws/build/graph_based_navigation_system/build install --record /home/basmala/mir250_ws/build/graph_based_navigation_system/install.log --install-scripts $base/lib/graph_based_navigation_system --single-version-externally-managed install_data
