[0.009s] Invoking command in '/home/basmala/mir250_ws/build/sensors_launcher_mir_250': CMAKE_PREFIX_PATH=${CMAKE_PREFIX_PATH}:/home/basmala/mir250_ws/install/mir_manual_navigation:/home/basmala/mir250_ws/install/teleop_twist_keyboard:/home/basmala/mir250_ws/install/mir_restapi:/home/basmala/mir250_ws/install/graph_based_navigation_system:/home/basmala/mir250_ws/install/mir_driver:/opt/ros/humble /usr/bin/cmake /home/basmala/mir250_ws/MIR_250/sensors_launcher_mir_250 -DCMAKE_INSTALL_PREFIX=/home/basmala/mir250_ws/install/sensors_launcher_mir_250
[0.125s] -- The C compiler identification is GNU 11.4.0
[0.218s] -- The CXX compiler identification is GNU 11.4.0
[0.228s] -- Detecting C compiler ABI info
[0.289s] -- Detecting C compiler ABI info - done
[0.296s] -- Check for working C compiler: /usr/bin/cc - skipped
[0.298s] -- Detecting C compile features
[0.298s] -- Detecting C compile features - done
[0.302s] -- Detecting CXX compiler ABI info
[0.375s] -- Detecting CXX compiler ABI info - done
[0.382s] -- Check for working CXX compiler: /usr/bin/c++ - skipped
[0.382s] -- Detecting CXX compile features
[0.382s] -- Detecting CXX compile features - done
[0.387s] -- Found ament_cmake: 1.3.14 (/opt/ros/humble/share/ament_cmake/cmake)
[0.506s] -- Found Python3: /usr/bin/python3 (found version "3.10.12") found components: Interpreter 
[0.578s] -- Found ament_cmake_auto: 1.3.14 (/opt/ros/humble/share/ament_cmake_auto/cmake)
[0.663s] -- Found rosidl_generator_c: 3.1.8 (/opt/ros/humble/share/rosidl_generator_c/cmake)
[0.667s] -- Found rosidl_adapter: 3.1.8 (/opt/ros/humble/share/rosidl_adapter/cmake)
[0.675s] -- Found rosidl_generator_cpp: 3.1.8 (/opt/ros/humble/share/rosidl_generator_cpp/cmake)
[0.686s] -- Using all available rosidl_typesupport_c: rosidl_typesupport_fastrtps_c;rosidl_typesupport_introspection_c
[0.699s] -- Using all available rosidl_typesupport_cpp: rosidl_typesupport_fastrtps_cpp;rosidl_typesupport_introspection_cpp
[0.739s] -- Found rmw_implementation_cmake: 6.1.2 (/opt/ros/humble/share/rmw_implementation_cmake/cmake)
[0.742s] -- Found rmw_fastrtps_cpp: 6.2.10 (/opt/ros/humble/share/rmw_fastrtps_cpp/cmake)
[0.813s] -- Found OpenSSL: /usr/lib/x86_64-linux-gnu/libcrypto.so (found version "3.0.2")  
[0.832s] -- Found FastRTPS: /opt/ros/humble/include  
[0.860s] -- Using RMW implementation 'rmw_fastrtps_cpp' as default
[0.870s] -- Looking for pthread.h
[0.936s] -- Looking for pthread.h - found
[0.936s] -- Performing Test CMAKE_HAVE_LIBC_PTHREAD
[0.994s] -- Performing Test CMAKE_HAVE_LIBC_PTHREAD - Success
[0.994s] -- Found Threads: TRUE  
[1.127s] -- Checking for module 'eigen3'
[1.137s] --   Found eigen3, version 3.4.0
[1.164s] -- Found Eigen: /usr/include/eigen3 (Required is at least version "3.1") 
[1.164s] -- Eigen found (include: /usr/include/eigen3, version: 3.4.0)
[1.196s] -- Checking for module 'flann'
[1.208s] --   Found flann, version 1.9.1
[1.239s] -- Found FLANN: /usr/lib/x86_64-linux-gnu/libflann_cpp.so  
[1.239s] -- FLANN found (include: /usr/include, lib: /usr/lib/x86_64-linux-gnu/libflann_cpp.so)
[2.067s] -- Checking for module 'libusb-1.0'
[2.078s] --   Found libusb-1.0, version 1.0.25
[2.107s] -- Found libusb: /usr/lib/x86_64-linux-gnu/libusb-1.0.so  
[2.109s] -- OpenNI found (version: 1.5.4.0, include: /usr/include/ni, lib: /usr/lib/libOpenNI.so;libusb::libusb)
[2.156s] -- OpenNI2 found (version: 2.2.0.33, include: /usr/include/openni2, lib: /usr/lib/x86_64-linux-gnu/libOpenNI2.so;libusb::libusb)
[2.276s] -- Eigen found (include: /usr/include/eigen3, version: 3.4.0)
[2.282s] -- OpenNI found (version: 1.5.4.0, include: /usr/include/ni, lib: /usr/lib/libOpenNI.so;libusb::libusb)
[2.287s] -- OpenNI2 found (version: 2.2.0.33, include: /usr/include/openni2, lib: /usr/lib/x86_64-linux-gnu/libOpenNI2.so;libusb::libusb)
[2.401s] -- Found Qhull version 8.0.2
[2.511s] -- OpenNI found (version: 1.5.4.0, include: /usr/include/ni, lib: /usr/lib/libOpenNI.so;libusb::libusb)
[2.626s] -- Found PCL_COMMON: /usr/lib/x86_64-linux-gnu/libpcl_common.so  
[2.627s] -- Found PCL_KDTREE: /usr/lib/x86_64-linux-gnu/libpcl_kdtree.so  
[2.628s] -- Found PCL_OCTREE: /usr/lib/x86_64-linux-gnu/libpcl_octree.so  
[2.628s] -- Found PCL_SEARCH: /usr/lib/x86_64-linux-gnu/libpcl_search.so  
[2.629s] -- Found PCL_SAMPLE_CONSENSUS: /usr/lib/x86_64-linux-gnu/libpcl_sample_consensus.so  
[2.630s] -- Found PCL_FILTERS: /usr/lib/x86_64-linux-gnu/libpcl_filters.so  
[2.631s] -- Found PCL_2D: /usr/include/pcl-1.12  
[2.631s] -- Found PCL_GEOMETRY: /usr/include/pcl-1.12  
[2.632s] -- Found PCL_IO: /usr/lib/x86_64-linux-gnu/libpcl_io.so  
[2.633s] -- Found PCL_FEATURES: /usr/lib/x86_64-linux-gnu/libpcl_features.so  
[2.634s] -- Found PCL_ML: /usr/lib/x86_64-linux-gnu/libpcl_ml.so  
[2.634s] -- Found PCL_SEGMENTATION: /usr/lib/x86_64-linux-gnu/libpcl_segmentation.so  
[2.635s] -- Found PCL_VISUALIZATION: /usr/lib/x86_64-linux-gnu/libpcl_visualization.so  
[2.637s] -- Found PCL_SURFACE: /usr/lib/x86_64-linux-gnu/libpcl_surface.so  
[2.637s] -- Found PCL_REGISTRATION: /usr/lib/x86_64-linux-gnu/libpcl_registration.so  
[2.638s] -- Found PCL_KEYPOINTS: /usr/lib/x86_64-linux-gnu/libpcl_keypoints.so  
[2.638s] -- Found PCL_TRACKING: /usr/lib/x86_64-linux-gnu/libpcl_tracking.so  
[2.639s] -- Found PCL_RECOGNITION: /usr/lib/x86_64-linux-gnu/libpcl_recognition.so  
[2.640s] -- Found PCL_STEREO: /usr/lib/x86_64-linux-gnu/libpcl_stereo.so  
[2.640s] -- Found PCL_APPS: /usr/lib/x86_64-linux-gnu/libpcl_apps.so  
[2.641s] -- Found PCL_IN_HAND_SCANNER: /usr/include/pcl-1.12  
[2.641s] -- Found PCL_MODELER: /usr/include/pcl-1.12  
[2.641s] -- Found PCL_POINT_CLOUD_EDITOR: /usr/include/pcl-1.12  
[2.642s] -- Found PCL_OUTOFCORE: /usr/lib/x86_64-linux-gnu/libpcl_outofcore.so  
[2.643s] -- Found PCL_PEOPLE: /usr/lib/x86_64-linux-gnu/libpcl_people.so  
[2.720s] -- Found PCL: /usr/include/pcl-1.12
[2.753s] -- Found ament_lint_auto: 0.12.15 (/opt/ros/humble/share/ament_lint_auto/cmake)
[2.802s] -- Added test 'copyright' to check source files copyright and LICENSE
[2.803s] -- Added test 'cppcheck' to perform static code analysis on C / C++ code
[2.803s] -- Configured cppcheck include dirs: /home/basmala/mir250_ws/MIR_250/sensors_launcher_mir_250/include;$<BUILD_INTERFACE:/home/basmala/mir250_ws/MIR_250/sensors_launcher_mir_250/include>
[2.803s] -- Configured cppcheck exclude dirs and/or files: 
[2.804s] -- Added test 'cpplint' to check C / C++ code against the Google style
[2.804s] -- Configured cpplint exclude dirs and/or files: 
[2.804s] -- Added test 'flake8' to check Python code syntax and style conventions
[2.805s] -- Added test 'lint_cmake' to check CMake code style
[2.805s] -- Added test 'pep257' to check Python code against some of the docstring style conventions in PEP 257
[2.806s] -- Added test 'uncrustify' to check C / C++ code style
[2.806s] -- Configured uncrustify additional arguments: 
[2.806s] -- Added test 'xmllint' to check XML markup files
[2.808s] -- Configuring done
[2.868s] -- Generating done
[2.878s] -- Build files have been written to: /home/basmala/mir250_ws/build/sensors_launcher_mir_250
[2.890s] Invoked command in '/home/basmala/mir250_ws/build/sensors_launcher_mir_250' returned '0': CMAKE_PREFIX_PATH=${CMAKE_PREFIX_PATH}:/home/basmala/mir250_ws/install/mir_manual_navigation:/home/basmala/mir250_ws/install/teleop_twist_keyboard:/home/basmala/mir250_ws/install/mir_restapi:/home/basmala/mir250_ws/install/graph_based_navigation_system:/home/basmala/mir250_ws/install/mir_driver:/opt/ros/humble /usr/bin/cmake /home/basmala/mir250_ws/MIR_250/sensors_launcher_mir_250 -DCMAKE_INSTALL_PREFIX=/home/basmala/mir250_ws/install/sensors_launcher_mir_250
[2.892s] Invoking command in '/home/basmala/mir250_ws/build/sensors_launcher_mir_250': CMAKE_PREFIX_PATH=${CMAKE_PREFIX_PATH}:/home/basmala/mir250_ws/install/mir_manual_navigation:/home/basmala/mir250_ws/install/teleop_twist_keyboard:/home/basmala/mir250_ws/install/mir_restapi:/home/basmala/mir250_ws/install/graph_based_navigation_system:/home/basmala/mir250_ws/install/mir_driver:/opt/ros/humble /usr/bin/cmake --build /home/basmala/mir250_ws/build/sensors_launcher_mir_250 -- -j20 -l20
[2.936s] [ 12%] [32mBuilding CXX object CMakeFiles/sensors_launcher_mir_250.dir/src/dual_laser_merger.cpp.o[0m
[2.936s] [ 25%] [32mBuilding CXX object CMakeFiles/dual_laser_merger_node.dir/rclcpp_components/node_main_dual_laser_merger_node.cpp.o[0m
[2.938s] [ 50%] [32mBuilding CXX object CMakeFiles/camera_right_changer_node.dir/src/camera_right_changer.cpp.o[0m
[2.938s] [ 50%] [32mBuilding CXX object CMakeFiles/camera_left_changer_node.dir/src/camera_left_changer.cpp.o[0m
[5.229s] [ 62%] [32m[1mLinking CXX executable dual_laser_merger_node[0m
[5.356s] [ 62%] Built target dual_laser_merger_node
[10.075s] [ 75%] [32m[1mLinking CXX executable camera_left_changer_node[0m
[10.115s] [ 87%] [32m[1mLinking CXX executable camera_right_changer_node[0m
[10.442s] [ 87%] Built target camera_left_changer_node
[10.447s] [ 87%] Built target camera_right_changer_node
[15.071s] [100%] [32m[1mLinking CXX shared library libsensors_launcher_mir_250.so[0m
[16.086s] [100%] Built target sensors_launcher_mir_250
[16.094s] Invoked command in '/home/basmala/mir250_ws/build/sensors_launcher_mir_250' returned '0': CMAKE_PREFIX_PATH=${CMAKE_PREFIX_PATH}:/home/basmala/mir250_ws/install/mir_manual_navigation:/home/basmala/mir250_ws/install/teleop_twist_keyboard:/home/basmala/mir250_ws/install/mir_restapi:/home/basmala/mir250_ws/install/graph_based_navigation_system:/home/basmala/mir250_ws/install/mir_driver:/opt/ros/humble /usr/bin/cmake --build /home/basmala/mir250_ws/build/sensors_launcher_mir_250 -- -j20 -l20
[16.103s] Invoking command in '/home/basmala/mir250_ws/build/sensors_launcher_mir_250': CMAKE_PREFIX_PATH=${CMAKE_PREFIX_PATH}:/home/basmala/mir250_ws/install/mir_manual_navigation:/home/basmala/mir250_ws/install/teleop_twist_keyboard:/home/basmala/mir250_ws/install/mir_restapi:/home/basmala/mir250_ws/install/graph_based_navigation_system:/home/basmala/mir250_ws/install/mir_driver:/opt/ros/humble /usr/bin/cmake --install /home/basmala/mir250_ws/build/sensors_launcher_mir_250
[16.109s] -- Install configuration: ""
[16.109s] -- Installing: /home/basmala/mir250_ws/install/sensors_launcher_mir_250/lib/sensors_launcher_mir_250/dual_laser_merger_node
[16.109s] -- Set runtime path of "/home/basmala/mir250_ws/install/sensors_launcher_mir_250/lib/sensors_launcher_mir_250/dual_laser_merger_node" to ""
[16.109s] -- Installing: /home/basmala/mir250_ws/install/sensors_launcher_mir_250/lib/libsensors_launcher_mir_250.so
[16.115s] -- Set runtime path of "/home/basmala/mir250_ws/install/sensors_launcher_mir_250/lib/libsensors_launcher_mir_250.so" to ""
[16.115s] -- Installing: /home/basmala/mir250_ws/install/sensors_launcher_mir_250/lib/sensors_launcher_mir_250/camera_left_changer_node
[16.116s] -- Set runtime path of "/home/basmala/mir250_ws/install/sensors_launcher_mir_250/lib/sensors_launcher_mir_250/camera_left_changer_node" to ""
[16.117s] -- Installing: /home/basmala/mir250_ws/install/sensors_launcher_mir_250/lib/sensors_launcher_mir_250/camera_right_changer_node
[16.118s] -- Set runtime path of "/home/basmala/mir250_ws/install/sensors_launcher_mir_250/lib/sensors_launcher_mir_250/camera_right_changer_node" to ""
[16.119s] -- Installing: /home/basmala/mir250_ws/install/sensors_launcher_mir_250/include/sensors_launcher_mir_250
[16.119s] -- Installing: /home/basmala/mir250_ws/install/sensors_launcher_mir_250/include/sensors_launcher_mir_250/dual_laser_merger.hpp
[16.119s] -- Installing: /home/basmala/mir250_ws/install/sensors_launcher_mir_250/share/sensors_launcher_mir_250//launch
[16.119s] -- Installing: /home/basmala/mir250_ws/install/sensors_launcher_mir_250/share/sensors_launcher_mir_250//launch/sensors_launcher.launch.py
[16.119s] -- Installing: /home/basmala/mir250_ws/install/sensors_launcher_mir_250/share/sensors_launcher_mir_250/environment/library_path.sh
[16.119s] -- Installing: /home/basmala/mir250_ws/install/sensors_launcher_mir_250/share/sensors_launcher_mir_250/environment/library_path.dsv
[16.119s] -- Up-to-date: /home/basmala/mir250_ws/install/sensors_launcher_mir_250/include/sensors_launcher_mir_250
[16.119s] -- Installing: /home/basmala/mir250_ws/install/sensors_launcher_mir_250/include/sensors_launcher_mir_250/sensors_launcher_mir_250
[16.119s] -- Installing: /home/basmala/mir250_ws/install/sensors_launcher_mir_250/include/sensors_launcher_mir_250/sensors_launcher_mir_250/dual_laser_merger.hpp
[16.119s] -- Up-to-date: /home/basmala/mir250_ws/install/sensors_launcher_mir_250/lib/libsensors_launcher_mir_250.so
[16.119s] -- Installing: /home/basmala/mir250_ws/install/sensors_launcher_mir_250/share/ament_index/resource_index/package_run_dependencies/sensors_launcher_mir_250
[16.119s] -- Installing: /home/basmala/mir250_ws/install/sensors_launcher_mir_250/share/ament_index/resource_index/parent_prefix_path/sensors_launcher_mir_250
[16.119s] -- Installing: /home/basmala/mir250_ws/install/sensors_launcher_mir_250/share/sensors_launcher_mir_250/environment/ament_prefix_path.sh
[16.119s] -- Installing: /home/basmala/mir250_ws/install/sensors_launcher_mir_250/share/sensors_launcher_mir_250/environment/ament_prefix_path.dsv
[16.120s] -- Installing: /home/basmala/mir250_ws/install/sensors_launcher_mir_250/share/sensors_launcher_mir_250/environment/path.sh
[16.120s] -- Installing: /home/basmala/mir250_ws/install/sensors_launcher_mir_250/share/sensors_launcher_mir_250/environment/path.dsv
[16.120s] -- Installing: /home/basmala/mir250_ws/install/sensors_launcher_mir_250/share/sensors_launcher_mir_250/local_setup.bash
[16.120s] -- Installing: /home/basmala/mir250_ws/install/sensors_launcher_mir_250/share/sensors_launcher_mir_250/local_setup.sh
[16.120s] -- Installing: /home/basmala/mir250_ws/install/sensors_launcher_mir_250/share/sensors_launcher_mir_250/local_setup.zsh
[16.120s] -- Installing: /home/basmala/mir250_ws/install/sensors_launcher_mir_250/share/sensors_launcher_mir_250/local_setup.dsv
[16.120s] -- Installing: /home/basmala/mir250_ws/install/sensors_launcher_mir_250/share/sensors_launcher_mir_250/package.dsv
[16.120s] -- Installing: /home/basmala/mir250_ws/install/sensors_launcher_mir_250/share/ament_index/resource_index/packages/sensors_launcher_mir_250
[16.120s] -- Installing: /home/basmala/mir250_ws/install/sensors_launcher_mir_250/share/ament_index/resource_index/rclcpp_components/sensors_launcher_mir_250
[16.120s] -- Installing: /home/basmala/mir250_ws/install/sensors_launcher_mir_250/share/sensors_launcher_mir_250/cmake/ament_cmake_export_dependencies-extras.cmake
[16.120s] -- Installing: /home/basmala/mir250_ws/install/sensors_launcher_mir_250/share/sensors_launcher_mir_250/cmake/ament_cmake_export_include_directories-extras.cmake
[16.120s] -- Installing: /home/basmala/mir250_ws/install/sensors_launcher_mir_250/share/sensors_launcher_mir_250/cmake/ament_cmake_export_libraries-extras.cmake
[16.120s] -- Installing: /home/basmala/mir250_ws/install/sensors_launcher_mir_250/share/sensors_launcher_mir_250/cmake/sensors_launcher_mir_250Config.cmake
[16.120s] -- Installing: /home/basmala/mir250_ws/install/sensors_launcher_mir_250/share/sensors_launcher_mir_250/cmake/sensors_launcher_mir_250Config-version.cmake
[16.120s] -- Installing: /home/basmala/mir250_ws/install/sensors_launcher_mir_250/share/sensors_launcher_mir_250/package.xml
[16.122s] Invoked command in '/home/basmala/mir250_ws/build/sensors_launcher_mir_250' returned '0': CMAKE_PREFIX_PATH=${CMAKE_PREFIX_PATH}:/home/basmala/mir250_ws/install/mir_manual_navigation:/home/basmala/mir250_ws/install/teleop_twist_keyboard:/home/basmala/mir250_ws/install/mir_restapi:/home/basmala/mir250_ws/install/graph_based_navigation_system:/home/basmala/mir250_ws/install/mir_driver:/opt/ros/humble /usr/bin/cmake --install /home/basmala/mir250_ws/build/sensors_launcher_mir_250
