[0.764s] Invoking command in '/home/basmala/mir250_ws/src/teleop_twist_keyboard': PYTHONPATH=/home/basmala/mir250_ws/build/teleop_twist_keyboard/prefix_override:/usr/lib/python3/dist-packages/colcon_core/task/python/colcon_distutils_commands:/home/basmala/mir250_ws/install/teleop_twist_keyboard/lib/python3.10/site-packages:${PYTHONPATH} /usr/bin/python3 -W ignore:setup.py install is deprecated -W ignore:easy_install command is deprecated setup.py egg_info --egg-base ../../build/teleop_twist_keyboard build --build-base /home/basmala/mir250_ws/build/teleop_twist_keyboard/build install --record /home/basmala/mir250_ws/build/teleop_twist_keyboard/install.log --install-scripts $base/lib/teleop_twist_keyboard --single-version-externally-managed install_data
[1.038s] running egg_info
[1.038s] writing ../../build/teleop_twist_keyboard/teleop_twist_keyboard.egg-info/PKG-INFO
[1.039s] writing dependency_links to ../../build/teleop_twist_keyboard/teleop_twist_keyboard.egg-info/dependency_links.txt
[1.039s] writing entry points to ../../build/teleop_twist_keyboard/teleop_twist_keyboard.egg-info/entry_points.txt
[1.039s] writing requirements to ../../build/teleop_twist_keyboard/teleop_twist_keyboard.egg-info/requires.txt
[1.039s] writing top-level names to ../../build/teleop_twist_keyboard/teleop_twist_keyboard.egg-info/top_level.txt
[1.041s] reading manifest file '../../build/teleop_twist_keyboard/teleop_twist_keyboard.egg-info/SOURCES.txt'
[1.042s] writing manifest file '../../build/teleop_twist_keyboard/teleop_twist_keyboard.egg-info/SOURCES.txt'
[1.042s] running build
[1.042s] running build_py
[1.042s] running install
[1.043s] running install_lib
[1.045s] running install_data
[1.045s] copying resource/teleop_twist_keyboard -> /home/basmala/mir250_ws/install/teleop_twist_keyboard/share/ament_index/resource_index/packages
[1.045s] copying package.xml -> /home/basmala/mir250_ws/install/teleop_twist_keyboard/share/teleop_twist_keyboard
[1.045s] running install_egg_info
[1.047s] Copying ../../build/teleop_twist_keyboard/teleop_twist_keyboard.egg-info to /home/basmala/mir250_ws/install/teleop_twist_keyboard/lib/python3.10/site-packages/teleop_twist_keyboard-0.0.1-py3.10.egg-info
[1.048s] running install_scripts
[1.072s] Installing teleop_twist_keyboard script to /home/basmala/mir250_ws/install/teleop_twist_keyboard/lib/teleop_twist_keyboard
[1.073s] writing list of installed files to '/home/basmala/mir250_ws/build/teleop_twist_keyboard/install.log'
[1.100s] Invoked command in '/home/basmala/mir250_ws/src/teleop_twist_keyboard' returned '0': PYTHONPATH=/home/basmala/mir250_ws/build/teleop_twist_keyboard/prefix_override:/usr/lib/python3/dist-packages/colcon_core/task/python/colcon_distutils_commands:/home/basmala/mir250_ws/install/teleop_twist_keyboard/lib/python3.10/site-packages:${PYTHONPATH} /usr/bin/python3 -W ignore:setup.py install is deprecated -W ignore:easy_install command is deprecated setup.py egg_info --egg-base ../../build/teleop_twist_keyboard build --build-base /home/basmala/mir250_ws/build/teleop_twist_keyboard/build install --record /home/basmala/mir250_ws/build/teleop_twist_keyboard/install.log --install-scripts $base/lib/teleop_twist_keyboard --single-version-externally-managed install_data
