/home/basmala/mir250_ws/MIR_250/install/mir_driver/lib/python3.10/site-packages/mir_driver/tf_static_publisher.py
/home/basmala/mir250_ws/MIR_250/install/mir_driver/lib/python3.10/site-packages/mir_driver/rosbridge.py
/home/basmala/mir250_ws/MIR_250/install/mir_driver/lib/python3.10/site-packages/mir_driver/__init__.py
/home/basmala/mir250_ws/MIR_250/install/mir_driver/lib/python3.10/site-packages/mir_driver/mir_bridge.py
/home/basmala/mir250_ws/MIR_250/install/mir_driver/lib/python3.10/site-packages/mir_driver/tf_remove_child_frames.py
/home/basmala/mir250_ws/MIR_250/install/mir_driver/lib/python3.10/site-packages/mir_driver/__pycache__/tf_static_publisher.cpython-310.pyc
/home/basmala/mir250_ws/MIR_250/install/mir_driver/lib/python3.10/site-packages/mir_driver/__pycache__/rosbridge.cpython-310.pyc
/home/basmala/mir250_ws/MIR_250/install/mir_driver/lib/python3.10/site-packages/mir_driver/__pycache__/__init__.cpython-310.pyc
/home/basmala/mir250_ws/MIR_250/install/mir_driver/lib/python3.10/site-packages/mir_driver/__pycache__/mir_bridge.cpython-310.pyc
/home/basmala/mir250_ws/MIR_250/install/mir_driver/lib/python3.10/site-packages/mir_driver/__pycache__/tf_remove_child_frames.cpython-310.pyc
/home/basmala/mir250_ws/MIR_250/install/mir_driver/share/ament_index/resource_index/packages/mir_driver
/home/basmala/mir250_ws/MIR_250/install/mir_driver/share/mir_driver/package.xml
/home/basmala/mir250_ws/MIR_250/install/mir_driver/share/mir_driver/launch/additions_launch.py
/home/basmala/mir250_ws/MIR_250/install/mir_driver/share/mir_driver/launch/mir_launch.py
/home/basmala/mir250_ws/MIR_250/install/mir_driver/lib/python3.10/site-packages/mir_driver-0.0.0-py3.10.egg-info/dependency_links.txt
/home/basmala/mir250_ws/MIR_250/install/mir_driver/lib/python3.10/site-packages/mir_driver-0.0.0-py3.10.egg-info/entry_points.txt
/home/basmala/mir250_ws/MIR_250/install/mir_driver/lib/python3.10/site-packages/mir_driver-0.0.0-py3.10.egg-info/requires.txt
/home/basmala/mir250_ws/MIR_250/install/mir_driver/lib/python3.10/site-packages/mir_driver-0.0.0-py3.10.egg-info/PKG-INFO
/home/basmala/mir250_ws/MIR_250/install/mir_driver/lib/python3.10/site-packages/mir_driver-0.0.0-py3.10.egg-info/SOURCES.txt
/home/basmala/mir250_ws/MIR_250/install/mir_driver/lib/python3.10/site-packages/mir_driver-0.0.0-py3.10.egg-info/top_level.txt
/home/basmala/mir250_ws/MIR_250/install/mir_driver/lib/python3.10/site-packages/mir_driver-0.0.0-py3.10.egg-info/zip-safe
/home/basmala/mir250_ws/MIR_250/install/mir_driver/lib/mir_driver/mir_bridge
/home/basmala/mir250_ws/MIR_250/install/mir_driver/lib/mir_driver/mir_driver_node
