[0.182s] DEBUG:colcon:Command line arguments: ['/usr/bin/colcon', 'build', '--packages-select', 'teleop_twist_keyboard']
[0.182s] DEBUG:colcon:Parsed command line arguments: Namespace(log_base=None, log_level=None, verb_name='build', build_base='build', install_base='install', merge_install=False, symlink_install=False, test_result_base=None, continue_on_error=False, executor='parallel', parallel_workers=20, event_handlers=None, ignore_user_meta=False, metas=['./colcon.meta'], base_paths=['.'], packages_ignore=None, packages_ignore_regex=None, paths=None, packages_up_to=None, packages_up_to_regex=None, packages_above=None, packages_above_and_dependencies=None, packages_above_depth=None, packages_select_by_dep=None, packages_skip_by_dep=None, packages_skip_up_to=None, packages_select_build_failed=False, packages_skip_build_finished=False, packages_select_test_failures=False, packages_skip_test_passed=False, packages_select=['teleop_twist_keyboard'], packages_skip=None, packages_select_regex=None, packages_skip_regex=None, packages_start=None, packages_end=None, allow_overriding=[], cmake_args=None, cmake_target=None, cmake_target_skip_unavailable=False, cmake_clean_cache=False, cmake_clean_first=False, cmake_force_configure=False, ament_cmake_args=None, catkin_cmake_args=None, catkin_skip_building_tests=False, mixin_files=None, mixin=None, verb_parser=<colcon_mixin.mixin.mixin_argument.MixinArgumentDecorator object at 0x77ed87553c40>, verb_extension=<colcon_core.verb.build.BuildVerb object at 0x77ed876f5240>, main=<bound method BuildVerb.main of <colcon_core.verb.build.BuildVerb object at 0x77ed876f5240>>, mixin_verb=('build',))
[0.398s] Level 1:colcon.colcon_core.package_discovery:discover_packages(colcon_meta) check parameters
[0.398s] Level 1:colcon.colcon_core.package_discovery:discover_packages(recursive) check parameters
[0.398s] Level 1:colcon.colcon_core.package_discovery:discover_packages(ignore) check parameters
[0.398s] Level 1:colcon.colcon_core.package_discovery:discover_packages(path) check parameters
[0.398s] Level 1:colcon.colcon_core.package_discovery:discover_packages(colcon_meta) discover
[0.398s] Level 1:colcon.colcon_core.package_discovery:discover_packages(recursive) discover
[0.398s] INFO:colcon.colcon_core.package_discovery:Crawling recursively for packages in '/home/basmala/mir250_ws'
[0.398s] Level 1:colcon.colcon_core.package_identification:_identify(.) by extensions ['ignore', 'ignore_ament_install']
[0.398s] Level 1:colcon.colcon_core.package_identification:_identify(.) by extension 'ignore'
[0.398s] Level 1:colcon.colcon_core.package_identification:_identify(.) by extension 'ignore_ament_install'
[0.398s] Level 1:colcon.colcon_core.package_identification:_identify(.) by extensions ['colcon_pkg']
[0.398s] Level 1:colcon.colcon_core.package_identification:_identify(.) by extension 'colcon_pkg'
[0.398s] Level 1:colcon.colcon_core.package_identification:_identify(.) by extensions ['colcon_meta']
[0.398s] Level 1:colcon.colcon_core.package_identification:_identify(.) by extension 'colcon_meta'
[0.399s] Level 1:colcon.colcon_core.package_identification:_identify(.) by extensions ['ros']
[0.399s] Level 1:colcon.colcon_core.package_identification:_identify(.) by extension 'ros'
[0.415s] Level 1:colcon.colcon_core.package_identification:_identify(.) by extensions ['cmake', 'python']
[0.415s] Level 1:colcon.colcon_core.package_identification:_identify(.) by extension 'cmake'
[0.415s] Level 1:colcon.colcon_core.package_identification:_identify(.) by extension 'python'
[0.415s] Level 1:colcon.colcon_core.package_identification:_identify(.) by extensions ['python_setup_py']
[0.415s] Level 1:colcon.colcon_core.package_identification:_identify(.) by extension 'python_setup_py'
[0.416s] Level 1:colcon.colcon_core.package_identification:_identify(build) by extensions ['ignore', 'ignore_ament_install']
[0.416s] Level 1:colcon.colcon_core.package_identification:_identify(build) by extension 'ignore'
[0.416s] Level 1:colcon.colcon_core.package_identification:_identify(build) ignored
[0.416s] Level 1:colcon.colcon_core.package_identification:_identify(install) by extensions ['ignore', 'ignore_ament_install']
[0.416s] Level 1:colcon.colcon_core.package_identification:_identify(install) by extension 'ignore'
[0.416s] Level 1:colcon.colcon_core.package_identification:_identify(install) ignored
[0.416s] Level 1:colcon.colcon_core.package_identification:_identify(log) by extensions ['ignore', 'ignore_ament_install']
[0.416s] Level 1:colcon.colcon_core.package_identification:_identify(log) by extension 'ignore'
[0.416s] Level 1:colcon.colcon_core.package_identification:_identify(log) ignored
[0.416s] Level 1:colcon.colcon_core.package_identification:_identify(src) by extensions ['ignore', 'ignore_ament_install']
[0.417s] Level 1:colcon.colcon_core.package_identification:_identify(src) by extension 'ignore'
[0.417s] Level 1:colcon.colcon_core.package_identification:_identify(src) by extension 'ignore_ament_install'
[0.417s] Level 1:colcon.colcon_core.package_identification:_identify(src) by extensions ['colcon_pkg']
[0.417s] Level 1:colcon.colcon_core.package_identification:_identify(src) by extension 'colcon_pkg'
[0.417s] Level 1:colcon.colcon_core.package_identification:_identify(src) by extensions ['colcon_meta']
[0.417s] Level 1:colcon.colcon_core.package_identification:_identify(src) by extension 'colcon_meta'
[0.417s] Level 1:colcon.colcon_core.package_identification:_identify(src) by extensions ['ros']
[0.417s] Level 1:colcon.colcon_core.package_identification:_identify(src) by extension 'ros'
[0.417s] Level 1:colcon.colcon_core.package_identification:_identify(src) by extensions ['cmake', 'python']
[0.417s] Level 1:colcon.colcon_core.package_identification:_identify(src) by extension 'cmake'
[0.417s] Level 1:colcon.colcon_core.package_identification:_identify(src) by extension 'python'
[0.417s] Level 1:colcon.colcon_core.package_identification:_identify(src) by extensions ['python_setup_py']
[0.417s] Level 1:colcon.colcon_core.package_identification:_identify(src) by extension 'python_setup_py'
[0.417s] Level 1:colcon.colcon_core.package_identification:_identify(src/MIR250 Specifications) by extensions ['ignore', 'ignore_ament_install']
[0.417s] Level 1:colcon.colcon_core.package_identification:_identify(src/MIR250 Specifications) by extension 'ignore'
[0.417s] Level 1:colcon.colcon_core.package_identification:_identify(src/MIR250 Specifications) by extension 'ignore_ament_install'
[0.417s] Level 1:colcon.colcon_core.package_identification:_identify(src/MIR250 Specifications) by extensions ['colcon_pkg']
[0.417s] Level 1:colcon.colcon_core.package_identification:_identify(src/MIR250 Specifications) by extension 'colcon_pkg'
[0.417s] Level 1:colcon.colcon_core.package_identification:_identify(src/MIR250 Specifications) by extensions ['colcon_meta']
[0.417s] Level 1:colcon.colcon_core.package_identification:_identify(src/MIR250 Specifications) by extension 'colcon_meta'
[0.418s] Level 1:colcon.colcon_core.package_identification:_identify(src/MIR250 Specifications) by extensions ['ros']
[0.418s] Level 1:colcon.colcon_core.package_identification:_identify(src/MIR250 Specifications) by extension 'ros'
[0.418s] Level 1:colcon.colcon_core.package_identification:_identify(src/MIR250 Specifications) by extensions ['cmake', 'python']
[0.418s] Level 1:colcon.colcon_core.package_identification:_identify(src/MIR250 Specifications) by extension 'cmake'
[0.418s] Level 1:colcon.colcon_core.package_identification:_identify(src/MIR250 Specifications) by extension 'python'
[0.418s] Level 1:colcon.colcon_core.package_identification:_identify(src/MIR250 Specifications) by extensions ['python_setup_py']
[0.418s] Level 1:colcon.colcon_core.package_identification:_identify(src/MIR250 Specifications) by extension 'python_setup_py'
[0.418s] Level 1:colcon.colcon_core.package_identification:_identify(src/MIR_250) by extensions ['ignore', 'ignore_ament_install']
[0.418s] Level 1:colcon.colcon_core.package_identification:_identify(src/MIR_250) by extension 'ignore'
[0.418s] Level 1:colcon.colcon_core.package_identification:_identify(src/MIR_250) by extension 'ignore_ament_install'
[0.418s] Level 1:colcon.colcon_core.package_identification:_identify(src/MIR_250) by extensions ['colcon_pkg']
[0.418s] Level 1:colcon.colcon_core.package_identification:_identify(src/MIR_250) by extension 'colcon_pkg'
[0.418s] Level 1:colcon.colcon_core.package_identification:_identify(src/MIR_250) by extensions ['colcon_meta']
[0.418s] Level 1:colcon.colcon_core.package_identification:_identify(src/MIR_250) by extension 'colcon_meta'
[0.418s] Level 1:colcon.colcon_core.package_identification:_identify(src/MIR_250) by extensions ['ros']
[0.418s] Level 1:colcon.colcon_core.package_identification:_identify(src/MIR_250) by extension 'ros'
[0.418s] Level 1:colcon.colcon_core.package_identification:_identify(src/MIR_250) by extensions ['cmake', 'python']
[0.418s] Level 1:colcon.colcon_core.package_identification:_identify(src/MIR_250) by extension 'cmake'
[0.419s] Level 1:colcon.colcon_core.package_identification:_identify(src/MIR_250) by extension 'python'
[0.419s] Level 1:colcon.colcon_core.package_identification:_identify(src/MIR_250) by extensions ['python_setup_py']
[0.419s] Level 1:colcon.colcon_core.package_identification:_identify(src/MIR_250) by extension 'python_setup_py'
[0.419s] Level 1:colcon.colcon_core.package_identification:_identify(src/MIR_250/build) by extensions ['ignore', 'ignore_ament_install']
[0.419s] Level 1:colcon.colcon_core.package_identification:_identify(src/MIR_250/build) by extension 'ignore'
[0.419s] Level 1:colcon.colcon_core.package_identification:_identify(src/MIR_250/build) ignored
[0.419s] Level 1:colcon.colcon_core.package_identification:_identify(src/MIR_250/graph_based_navigation_system) by extensions ['ignore', 'ignore_ament_install']
[0.419s] Level 1:colcon.colcon_core.package_identification:_identify(src/MIR_250/graph_based_navigation_system) by extension 'ignore'
[0.419s] Level 1:colcon.colcon_core.package_identification:_identify(src/MIR_250/graph_based_navigation_system) by extension 'ignore_ament_install'
[0.419s] Level 1:colcon.colcon_core.package_identification:_identify(src/MIR_250/graph_based_navigation_system) by extensions ['colcon_pkg']
[0.419s] Level 1:colcon.colcon_core.package_identification:_identify(src/MIR_250/graph_based_navigation_system) by extension 'colcon_pkg'
[0.419s] Level 1:colcon.colcon_core.package_identification:_identify(src/MIR_250/graph_based_navigation_system) by extensions ['colcon_meta']
[0.419s] Level 1:colcon.colcon_core.package_identification:_identify(src/MIR_250/graph_based_navigation_system) by extension 'colcon_meta'
[0.419s] Level 1:colcon.colcon_core.package_identification:_identify(src/MIR_250/graph_based_navigation_system) by extensions ['ros']
[0.419s] Level 1:colcon.colcon_core.package_identification:_identify(src/MIR_250/graph_based_navigation_system) by extension 'ros'
[0.424s] DEBUG:colcon.colcon_core.package_identification:Package 'src/MIR_250/graph_based_navigation_system' with type 'ros.ament_python' and name 'graph_based_navigation_system'
[0.424s] Level 1:colcon.colcon_core.package_identification:_identify(src/MIR_250/install) by extensions ['ignore', 'ignore_ament_install']
[0.424s] Level 1:colcon.colcon_core.package_identification:_identify(src/MIR_250/install) by extension 'ignore'
[0.425s] Level 1:colcon.colcon_core.package_identification:_identify(src/MIR_250/install) ignored
[0.425s] Level 1:colcon.colcon_core.package_identification:_identify(src/MIR_250/log) by extensions ['ignore', 'ignore_ament_install']
[0.425s] Level 1:colcon.colcon_core.package_identification:_identify(src/MIR_250/log) by extension 'ignore'
[0.425s] Level 1:colcon.colcon_core.package_identification:_identify(src/MIR_250/log) ignored
[0.425s] Level 1:colcon.colcon_core.package_identification:_identify(src/MIR_250/mir_actions) by extensions ['ignore', 'ignore_ament_install']
[0.425s] Level 1:colcon.colcon_core.package_identification:_identify(src/MIR_250/mir_actions) by extension 'ignore'
[0.425s] Level 1:colcon.colcon_core.package_identification:_identify(src/MIR_250/mir_actions) by extension 'ignore_ament_install'
[0.425s] Level 1:colcon.colcon_core.package_identification:_identify(src/MIR_250/mir_actions) by extensions ['colcon_pkg']
[0.425s] Level 1:colcon.colcon_core.package_identification:_identify(src/MIR_250/mir_actions) by extension 'colcon_pkg'
[0.425s] Level 1:colcon.colcon_core.package_identification:_identify(src/MIR_250/mir_actions) by extensions ['colcon_meta']
[0.425s] Level 1:colcon.colcon_core.package_identification:_identify(src/MIR_250/mir_actions) by extension 'colcon_meta'
[0.425s] Level 1:colcon.colcon_core.package_identification:_identify(src/MIR_250/mir_actions) by extensions ['ros']
[0.425s] Level 1:colcon.colcon_core.package_identification:_identify(src/MIR_250/mir_actions) by extension 'ros'
[0.426s] DEBUG:colcon.colcon_core.package_identification:Package 'src/MIR_250/mir_actions' with type 'ros.ament_cmake' and name 'mir_actions'
[0.426s] Level 1:colcon.colcon_core.package_identification:_identify(src/MIR_250/mir_description) by extensions ['ignore', 'ignore_ament_install']
[0.426s] Level 1:colcon.colcon_core.package_identification:_identify(src/MIR_250/mir_description) by extension 'ignore'
[0.426s] Level 1:colcon.colcon_core.package_identification:_identify(src/MIR_250/mir_description) by extension 'ignore_ament_install'
[0.426s] Level 1:colcon.colcon_core.package_identification:_identify(src/MIR_250/mir_description) by extensions ['colcon_pkg']
[0.426s] Level 1:colcon.colcon_core.package_identification:_identify(src/MIR_250/mir_description) by extension 'colcon_pkg'
[0.426s] Level 1:colcon.colcon_core.package_identification:_identify(src/MIR_250/mir_description) by extensions ['colcon_meta']
[0.426s] Level 1:colcon.colcon_core.package_identification:_identify(src/MIR_250/mir_description) by extension 'colcon_meta'
[0.426s] Level 1:colcon.colcon_core.package_identification:_identify(src/MIR_250/mir_description) by extensions ['ros']
[0.426s] Level 1:colcon.colcon_core.package_identification:_identify(src/MIR_250/mir_description) by extension 'ros'
[0.427s] DEBUG:colcon.colcon_core.package_identification:Package 'src/MIR_250/mir_description' with type 'ros.ament_cmake' and name 'mir_description'
[0.427s] Level 1:colcon.colcon_core.package_identification:_identify(src/MIR_250/mir_driver) by extensions ['ignore', 'ignore_ament_install']
[0.427s] Level 1:colcon.colcon_core.package_identification:_identify(src/MIR_250/mir_driver) by extension 'ignore'
[0.427s] Level 1:colcon.colcon_core.package_identification:_identify(src/MIR_250/mir_driver) by extension 'ignore_ament_install'
[0.427s] Level 1:colcon.colcon_core.package_identification:_identify(src/MIR_250/mir_driver) by extensions ['colcon_pkg']
[0.427s] Level 1:colcon.colcon_core.package_identification:_identify(src/MIR_250/mir_driver) by extension 'colcon_pkg'
[0.427s] Level 1:colcon.colcon_core.package_identification:_identify(src/MIR_250/mir_driver) by extensions ['colcon_meta']
[0.427s] Level 1:colcon.colcon_core.package_identification:_identify(src/MIR_250/mir_driver) by extension 'colcon_meta'
[0.427s] Level 1:colcon.colcon_core.package_identification:_identify(src/MIR_250/mir_driver) by extensions ['ros']
[0.428s] Level 1:colcon.colcon_core.package_identification:_identify(src/MIR_250/mir_driver) by extension 'ros'
[0.429s] DEBUG:colcon.colcon_core.package_identification:Package 'src/MIR_250/mir_driver' with type 'ros.ament_python' and name 'mir_driver'
[0.430s] Level 1:colcon.colcon_core.package_identification:_identify(src/MIR_250/mir_manual_navigation) by extensions ['ignore', 'ignore_ament_install']
[0.430s] Level 1:colcon.colcon_core.package_identification:_identify(src/MIR_250/mir_manual_navigation) by extension 'ignore'
[0.430s] Level 1:colcon.colcon_core.package_identification:_identify(src/MIR_250/mir_manual_navigation) by extension 'ignore_ament_install'
[0.430s] Level 1:colcon.colcon_core.package_identification:_identify(src/MIR_250/mir_manual_navigation) by extensions ['colcon_pkg']
[0.430s] Level 1:colcon.colcon_core.package_identification:_identify(src/MIR_250/mir_manual_navigation) by extension 'colcon_pkg'
[0.430s] Level 1:colcon.colcon_core.package_identification:_identify(src/MIR_250/mir_manual_navigation) by extensions ['colcon_meta']
[0.430s] Level 1:colcon.colcon_core.package_identification:_identify(src/MIR_250/mir_manual_navigation) by extension 'colcon_meta'
[0.430s] Level 1:colcon.colcon_core.package_identification:_identify(src/MIR_250/mir_manual_navigation) by extensions ['ros']
[0.430s] Level 1:colcon.colcon_core.package_identification:_identify(src/MIR_250/mir_manual_navigation) by extension 'ros'
[0.432s] DEBUG:colcon.colcon_core.package_identification:Package 'src/MIR_250/mir_manual_navigation' with type 'ros.ament_python' and name 'mir_manual_navigation'
[0.432s] Level 1:colcon.colcon_core.package_identification:_identify(src/MIR_250/mir_msgs) by extensions ['ignore', 'ignore_ament_install']
[0.432s] Level 1:colcon.colcon_core.package_identification:_identify(src/MIR_250/mir_msgs) by extension 'ignore'
[0.432s] Level 1:colcon.colcon_core.package_identification:_identify(src/MIR_250/mir_msgs) by extension 'ignore_ament_install'
[0.432s] Level 1:colcon.colcon_core.package_identification:_identify(src/MIR_250/mir_msgs) by extensions ['colcon_pkg']
[0.432s] Level 1:colcon.colcon_core.package_identification:_identify(src/MIR_250/mir_msgs) by extension 'colcon_pkg'
[0.432s] Level 1:colcon.colcon_core.package_identification:_identify(src/MIR_250/mir_msgs) by extensions ['colcon_meta']
[0.432s] Level 1:colcon.colcon_core.package_identification:_identify(src/MIR_250/mir_msgs) by extension 'colcon_meta'
[0.432s] Level 1:colcon.colcon_core.package_identification:_identify(src/MIR_250/mir_msgs) by extensions ['ros']
[0.432s] Level 1:colcon.colcon_core.package_identification:_identify(src/MIR_250/mir_msgs) by extension 'ros'
[0.433s] DEBUG:colcon.colcon_core.package_identification:Package 'src/MIR_250/mir_msgs' with type 'ros.ament_cmake' and name 'mir_msgs'
[0.433s] Level 1:colcon.colcon_core.package_identification:_identify(src/MIR_250/mir_navigation) by extensions ['ignore', 'ignore_ament_install']
[0.433s] Level 1:colcon.colcon_core.package_identification:_identify(src/MIR_250/mir_navigation) by extension 'ignore'
[0.433s] Level 1:colcon.colcon_core.package_identification:_identify(src/MIR_250/mir_navigation) by extension 'ignore_ament_install'
[0.433s] Level 1:colcon.colcon_core.package_identification:_identify(src/MIR_250/mir_navigation) by extensions ['colcon_pkg']
[0.433s] Level 1:colcon.colcon_core.package_identification:_identify(src/MIR_250/mir_navigation) by extension 'colcon_pkg'
[0.433s] Level 1:colcon.colcon_core.package_identification:_identify(src/MIR_250/mir_navigation) by extensions ['colcon_meta']
[0.433s] Level 1:colcon.colcon_core.package_identification:_identify(src/MIR_250/mir_navigation) by extension 'colcon_meta'
[0.433s] Level 1:colcon.colcon_core.package_identification:_identify(src/MIR_250/mir_navigation) by extensions ['ros']
[0.433s] Level 1:colcon.colcon_core.package_identification:_identify(src/MIR_250/mir_navigation) by extension 'ros'
[0.435s] DEBUG:colcon.colcon_core.package_identification:Package 'src/MIR_250/mir_navigation' with type 'ros.ament_cmake' and name 'mir_navigation'
[0.435s] Level 1:colcon.colcon_core.package_identification:_identify(src/MIR_250/mir_restapi) by extensions ['ignore', 'ignore_ament_install']
[0.435s] Level 1:colcon.colcon_core.package_identification:_identify(src/MIR_250/mir_restapi) by extension 'ignore'
[0.435s] Level 1:colcon.colcon_core.package_identification:_identify(src/MIR_250/mir_restapi) by extension 'ignore_ament_install'
[0.435s] Level 1:colcon.colcon_core.package_identification:_identify(src/MIR_250/mir_restapi) by extensions ['colcon_pkg']
[0.435s] Level 1:colcon.colcon_core.package_identification:_identify(src/MIR_250/mir_restapi) by extension 'colcon_pkg'
[0.435s] Level 1:colcon.colcon_core.package_identification:_identify(src/MIR_250/mir_restapi) by extensions ['colcon_meta']
[0.436s] Level 1:colcon.colcon_core.package_identification:_identify(src/MIR_250/mir_restapi) by extension 'colcon_meta'
[0.436s] Level 1:colcon.colcon_core.package_identification:_identify(src/MIR_250/mir_restapi) by extensions ['ros']
[0.436s] Level 1:colcon.colcon_core.package_identification:_identify(src/MIR_250/mir_restapi) by extension 'ros'
[0.437s] DEBUG:colcon.colcon_core.package_identification:Package 'src/MIR_250/mir_restapi' with type 'ros.ament_python' and name 'mir_restapi'
[0.437s] Level 1:colcon.colcon_core.package_identification:_identify(src/MIR_250/sdc21x0) by extensions ['ignore', 'ignore_ament_install']
[0.437s] Level 1:colcon.colcon_core.package_identification:_identify(src/MIR_250/sdc21x0) by extension 'ignore'
[0.437s] Level 1:colcon.colcon_core.package_identification:_identify(src/MIR_250/sdc21x0) by extension 'ignore_ament_install'
[0.438s] Level 1:colcon.colcon_core.package_identification:_identify(src/MIR_250/sdc21x0) by extensions ['colcon_pkg']
[0.438s] Level 1:colcon.colcon_core.package_identification:_identify(src/MIR_250/sdc21x0) by extension 'colcon_pkg'
[0.438s] Level 1:colcon.colcon_core.package_identification:_identify(src/MIR_250/sdc21x0) by extensions ['colcon_meta']
[0.438s] Level 1:colcon.colcon_core.package_identification:_identify(src/MIR_250/sdc21x0) by extension 'colcon_meta'
[0.438s] Level 1:colcon.colcon_core.package_identification:_identify(src/MIR_250/sdc21x0) by extensions ['ros']
[0.438s] Level 1:colcon.colcon_core.package_identification:_identify(src/MIR_250/sdc21x0) by extension 'ros'
[0.439s] DEBUG:colcon.colcon_core.package_identification:Package 'src/MIR_250/sdc21x0' with type 'ros.ament_cmake' and name 'sdc21x0'
[0.439s] Level 1:colcon.colcon_core.package_identification:_identify(src/MIR_250/sensors_launcher_mir_250) by extensions ['ignore', 'ignore_ament_install']
[0.439s] Level 1:colcon.colcon_core.package_identification:_identify(src/MIR_250/sensors_launcher_mir_250) by extension 'ignore'
[0.439s] Level 1:colcon.colcon_core.package_identification:_identify(src/MIR_250/sensors_launcher_mir_250) by extension 'ignore_ament_install'
[0.439s] Level 1:colcon.colcon_core.package_identification:_identify(src/MIR_250/sensors_launcher_mir_250) by extensions ['colcon_pkg']
[0.439s] Level 1:colcon.colcon_core.package_identification:_identify(src/MIR_250/sensors_launcher_mir_250) by extension 'colcon_pkg'
[0.439s] Level 1:colcon.colcon_core.package_identification:_identify(src/MIR_250/sensors_launcher_mir_250) by extensions ['colcon_meta']
[0.439s] Level 1:colcon.colcon_core.package_identification:_identify(src/MIR_250/sensors_launcher_mir_250) by extension 'colcon_meta'
[0.439s] Level 1:colcon.colcon_core.package_identification:_identify(src/MIR_250/sensors_launcher_mir_250) by extensions ['ros']
[0.439s] Level 1:colcon.colcon_core.package_identification:_identify(src/MIR_250/sensors_launcher_mir_250) by extension 'ros'
[0.441s] DEBUG:colcon.colcon_core.package_identification:Package 'src/MIR_250/sensors_launcher_mir_250' with type 'ros.ament_cmake' and name 'sensors_launcher_mir_250'
[0.441s] Level 1:colcon.colcon_core.package_identification:_identify(src/assests) by extensions ['ignore', 'ignore_ament_install']
[0.442s] Level 1:colcon.colcon_core.package_identification:_identify(src/assests) by extension 'ignore'
[0.442s] Level 1:colcon.colcon_core.package_identification:_identify(src/assests) by extension 'ignore_ament_install'
[0.442s] Level 1:colcon.colcon_core.package_identification:_identify(src/assests) by extensions ['colcon_pkg']
[0.442s] Level 1:colcon.colcon_core.package_identification:_identify(src/assests) by extension 'colcon_pkg'
[0.442s] Level 1:colcon.colcon_core.package_identification:_identify(src/assests) by extensions ['colcon_meta']
[0.442s] Level 1:colcon.colcon_core.package_identification:_identify(src/assests) by extension 'colcon_meta'
[0.442s] Level 1:colcon.colcon_core.package_identification:_identify(src/assests) by extensions ['ros']
[0.442s] Level 1:colcon.colcon_core.package_identification:_identify(src/assests) by extension 'ros'
[0.442s] Level 1:colcon.colcon_core.package_identification:_identify(src/assests) by extensions ['cmake', 'python']
[0.442s] Level 1:colcon.colcon_core.package_identification:_identify(src/assests) by extension 'cmake'
[0.443s] Level 1:colcon.colcon_core.package_identification:_identify(src/assests) by extension 'python'
[0.443s] Level 1:colcon.colcon_core.package_identification:_identify(src/assests) by extensions ['python_setup_py']
[0.443s] Level 1:colcon.colcon_core.package_identification:_identify(src/assests) by extension 'python_setup_py'
[0.443s] Level 1:colcon.colcon_core.package_identification:_identify(src/assests/media) by extensions ['ignore', 'ignore_ament_install']
[0.443s] Level 1:colcon.colcon_core.package_identification:_identify(src/assests/media) by extension 'ignore'
[0.443s] Level 1:colcon.colcon_core.package_identification:_identify(src/assests/media) by extension 'ignore_ament_install'
[0.443s] Level 1:colcon.colcon_core.package_identification:_identify(src/assests/media) by extensions ['colcon_pkg']
[0.443s] Level 1:colcon.colcon_core.package_identification:_identify(src/assests/media) by extension 'colcon_pkg'
[0.443s] Level 1:colcon.colcon_core.package_identification:_identify(src/assests/media) by extensions ['colcon_meta']
[0.443s] Level 1:colcon.colcon_core.package_identification:_identify(src/assests/media) by extension 'colcon_meta'
[0.444s] Level 1:colcon.colcon_core.package_identification:_identify(src/assests/media) by extensions ['ros']
[0.444s] Level 1:colcon.colcon_core.package_identification:_identify(src/assests/media) by extension 'ros'
[0.444s] Level 1:colcon.colcon_core.package_identification:_identify(src/assests/media) by extensions ['cmake', 'python']
[0.444s] Level 1:colcon.colcon_core.package_identification:_identify(src/assests/media) by extension 'cmake'
[0.444s] Level 1:colcon.colcon_core.package_identification:_identify(src/assests/media) by extension 'python'
[0.444s] Level 1:colcon.colcon_core.package_identification:_identify(src/assests/media) by extensions ['python_setup_py']
[0.444s] Level 1:colcon.colcon_core.package_identification:_identify(src/assests/media) by extension 'python_setup_py'
[0.444s] Level 1:colcon.colcon_core.package_identification:_identify(src/references) by extensions ['ignore', 'ignore_ament_install']
[0.444s] Level 1:colcon.colcon_core.package_identification:_identify(src/references) by extension 'ignore'
[0.444s] Level 1:colcon.colcon_core.package_identification:_identify(src/references) by extension 'ignore_ament_install'
[0.444s] Level 1:colcon.colcon_core.package_identification:_identify(src/references) by extensions ['colcon_pkg']
[0.444s] Level 1:colcon.colcon_core.package_identification:_identify(src/references) by extension 'colcon_pkg'
[0.444s] Level 1:colcon.colcon_core.package_identification:_identify(src/references) by extensions ['colcon_meta']
[0.444s] Level 1:colcon.colcon_core.package_identification:_identify(src/references) by extension 'colcon_meta'
[0.444s] Level 1:colcon.colcon_core.package_identification:_identify(src/references) by extensions ['ros']
[0.445s] Level 1:colcon.colcon_core.package_identification:_identify(src/references) by extension 'ros'
[0.445s] Level 1:colcon.colcon_core.package_identification:_identify(src/references) by extensions ['cmake', 'python']
[0.445s] Level 1:colcon.colcon_core.package_identification:_identify(src/references) by extension 'cmake'
[0.445s] Level 1:colcon.colcon_core.package_identification:_identify(src/references) by extension 'python'
[0.445s] Level 1:colcon.colcon_core.package_identification:_identify(src/references) by extensions ['python_setup_py']
[0.445s] Level 1:colcon.colcon_core.package_identification:_identify(src/references) by extension 'python_setup_py'
[0.445s] Level 1:colcon.colcon_core.package_identification:_identify(src/teleop_twist_keyboard) by extensions ['ignore', 'ignore_ament_install']
[0.445s] Level 1:colcon.colcon_core.package_identification:_identify(src/teleop_twist_keyboard) by extension 'ignore'
[0.445s] Level 1:colcon.colcon_core.package_identification:_identify(src/teleop_twist_keyboard) by extension 'ignore_ament_install'
[0.445s] Level 1:colcon.colcon_core.package_identification:_identify(src/teleop_twist_keyboard) by extensions ['colcon_pkg']
[0.445s] Level 1:colcon.colcon_core.package_identification:_identify(src/teleop_twist_keyboard) by extension 'colcon_pkg'
[0.445s] Level 1:colcon.colcon_core.package_identification:_identify(src/teleop_twist_keyboard) by extensions ['colcon_meta']
[0.445s] Level 1:colcon.colcon_core.package_identification:_identify(src/teleop_twist_keyboard) by extension 'colcon_meta'
[0.445s] Level 1:colcon.colcon_core.package_identification:_identify(src/teleop_twist_keyboard) by extensions ['ros']
[0.445s] Level 1:colcon.colcon_core.package_identification:_identify(src/teleop_twist_keyboard) by extension 'ros'
[0.446s] DEBUG:colcon.colcon_core.package_identification:Package 'src/teleop_twist_keyboard' with type 'ros.ament_python' and name 'teleop_twist_keyboard'
[0.447s] Level 1:colcon.colcon_core.package_identification:_identify(src/usd) by extensions ['ignore', 'ignore_ament_install']
[0.447s] Level 1:colcon.colcon_core.package_identification:_identify(src/usd) by extension 'ignore'
[0.447s] Level 1:colcon.colcon_core.package_identification:_identify(src/usd) by extension 'ignore_ament_install'
[0.447s] Level 1:colcon.colcon_core.package_identification:_identify(src/usd) by extensions ['colcon_pkg']
[0.447s] Level 1:colcon.colcon_core.package_identification:_identify(src/usd) by extension 'colcon_pkg'
[0.447s] Level 1:colcon.colcon_core.package_identification:_identify(src/usd) by extensions ['colcon_meta']
[0.447s] Level 1:colcon.colcon_core.package_identification:_identify(src/usd) by extension 'colcon_meta'
[0.447s] Level 1:colcon.colcon_core.package_identification:_identify(src/usd) by extensions ['ros']
[0.447s] Level 1:colcon.colcon_core.package_identification:_identify(src/usd) by extension 'ros'
[0.447s] Level 1:colcon.colcon_core.package_identification:_identify(src/usd) by extensions ['cmake', 'python']
[0.447s] Level 1:colcon.colcon_core.package_identification:_identify(src/usd) by extension 'cmake'
[0.447s] Level 1:colcon.colcon_core.package_identification:_identify(src/usd) by extension 'python'
[0.447s] Level 1:colcon.colcon_core.package_identification:_identify(src/usd) by extensions ['python_setup_py']
[0.447s] Level 1:colcon.colcon_core.package_identification:_identify(src/usd) by extension 'python_setup_py'
[0.447s] Level 1:colcon.colcon_core.package_identification:_identify(src/usd/objects) by extensions ['ignore', 'ignore_ament_install']
[0.448s] Level 1:colcon.colcon_core.package_identification:_identify(src/usd/objects) by extension 'ignore'
[0.448s] Level 1:colcon.colcon_core.package_identification:_identify(src/usd/objects) by extension 'ignore_ament_install'
[0.448s] Level 1:colcon.colcon_core.package_identification:_identify(src/usd/objects) by extensions ['colcon_pkg']
[0.448s] Level 1:colcon.colcon_core.package_identification:_identify(src/usd/objects) by extension 'colcon_pkg'
[0.448s] Level 1:colcon.colcon_core.package_identification:_identify(src/usd/objects) by extensions ['colcon_meta']
[0.448s] Level 1:colcon.colcon_core.package_identification:_identify(src/usd/objects) by extension 'colcon_meta'
[0.448s] Level 1:colcon.colcon_core.package_identification:_identify(src/usd/objects) by extensions ['ros']
[0.448s] Level 1:colcon.colcon_core.package_identification:_identify(src/usd/objects) by extension 'ros'
[0.448s] Level 1:colcon.colcon_core.package_identification:_identify(src/usd/objects) by extensions ['cmake', 'python']
[0.448s] Level 1:colcon.colcon_core.package_identification:_identify(src/usd/objects) by extension 'cmake'
[0.448s] Level 1:colcon.colcon_core.package_identification:_identify(src/usd/objects) by extension 'python'
[0.448s] Level 1:colcon.colcon_core.package_identification:_identify(src/usd/objects) by extensions ['python_setup_py']
[0.448s] Level 1:colcon.colcon_core.package_identification:_identify(src/usd/objects) by extension 'python_setup_py'
[0.449s] Level 1:colcon.colcon_core.package_identification:_identify(src/usd/robots) by extensions ['ignore', 'ignore_ament_install']
[0.449s] Level 1:colcon.colcon_core.package_identification:_identify(src/usd/robots) by extension 'ignore'
[0.449s] Level 1:colcon.colcon_core.package_identification:_identify(src/usd/robots) by extension 'ignore_ament_install'
[0.449s] Level 1:colcon.colcon_core.package_identification:_identify(src/usd/robots) by extensions ['colcon_pkg']
[0.449s] Level 1:colcon.colcon_core.package_identification:_identify(src/usd/robots) by extension 'colcon_pkg'
[0.449s] Level 1:colcon.colcon_core.package_identification:_identify(src/usd/robots) by extensions ['colcon_meta']
[0.449s] Level 1:colcon.colcon_core.package_identification:_identify(src/usd/robots) by extension 'colcon_meta'
[0.449s] Level 1:colcon.colcon_core.package_identification:_identify(src/usd/robots) by extensions ['ros']
[0.449s] Level 1:colcon.colcon_core.package_identification:_identify(src/usd/robots) by extension 'ros'
[0.450s] Level 1:colcon.colcon_core.package_identification:_identify(src/usd/robots) by extensions ['cmake', 'python']
[0.450s] Level 1:colcon.colcon_core.package_identification:_identify(src/usd/robots) by extension 'cmake'
[0.450s] Level 1:colcon.colcon_core.package_identification:_identify(src/usd/robots) by extension 'python'
[0.450s] Level 1:colcon.colcon_core.package_identification:_identify(src/usd/robots) by extensions ['python_setup_py']
[0.450s] Level 1:colcon.colcon_core.package_identification:_identify(src/usd/robots) by extension 'python_setup_py'
[0.450s] Level 1:colcon.colcon_core.package_identification:_identify(src/usd/robots/meshes) by extensions ['ignore', 'ignore_ament_install']
[0.450s] Level 1:colcon.colcon_core.package_identification:_identify(src/usd/robots/meshes) by extension 'ignore'
[0.450s] Level 1:colcon.colcon_core.package_identification:_identify(src/usd/robots/meshes) by extension 'ignore_ament_install'
[0.450s] Level 1:colcon.colcon_core.package_identification:_identify(src/usd/robots/meshes) by extensions ['colcon_pkg']
[0.450s] Level 1:colcon.colcon_core.package_identification:_identify(src/usd/robots/meshes) by extension 'colcon_pkg'
[0.451s] Level 1:colcon.colcon_core.package_identification:_identify(src/usd/robots/meshes) by extensions ['colcon_meta']
[0.451s] Level 1:colcon.colcon_core.package_identification:_identify(src/usd/robots/meshes) by extension 'colcon_meta'
[0.451s] Level 1:colcon.colcon_core.package_identification:_identify(src/usd/robots/meshes) by extensions ['ros']
[0.451s] Level 1:colcon.colcon_core.package_identification:_identify(src/usd/robots/meshes) by extension 'ros'
[0.451s] Level 1:colcon.colcon_core.package_identification:_identify(src/usd/robots/meshes) by extensions ['cmake', 'python']
[0.451s] Level 1:colcon.colcon_core.package_identification:_identify(src/usd/robots/meshes) by extension 'cmake'
[0.451s] Level 1:colcon.colcon_core.package_identification:_identify(src/usd/robots/meshes) by extension 'python'
[0.451s] Level 1:colcon.colcon_core.package_identification:_identify(src/usd/robots/meshes) by extensions ['python_setup_py']
[0.451s] Level 1:colcon.colcon_core.package_identification:_identify(src/usd/robots/meshes) by extension 'python_setup_py'
[0.451s] Level 1:colcon.colcon_core.package_identification:_identify(src/usd/robots/meshes/mir250) by extensions ['ignore', 'ignore_ament_install']
[0.452s] Level 1:colcon.colcon_core.package_identification:_identify(src/usd/robots/meshes/mir250) by extension 'ignore'
[0.452s] Level 1:colcon.colcon_core.package_identification:_identify(src/usd/robots/meshes/mir250) by extension 'ignore_ament_install'
[0.452s] Level 1:colcon.colcon_core.package_identification:_identify(src/usd/robots/meshes/mir250) by extensions ['colcon_pkg']
[0.452s] Level 1:colcon.colcon_core.package_identification:_identify(src/usd/robots/meshes/mir250) by extension 'colcon_pkg'
[0.452s] Level 1:colcon.colcon_core.package_identification:_identify(src/usd/robots/meshes/mir250) by extensions ['colcon_meta']
[0.452s] Level 1:colcon.colcon_core.package_identification:_identify(src/usd/robots/meshes/mir250) by extension 'colcon_meta'
[0.452s] Level 1:colcon.colcon_core.package_identification:_identify(src/usd/robots/meshes/mir250) by extensions ['ros']
[0.452s] Level 1:colcon.colcon_core.package_identification:_identify(src/usd/robots/meshes/mir250) by extension 'ros'
[0.452s] Level 1:colcon.colcon_core.package_identification:_identify(src/usd/robots/meshes/mir250) by extensions ['cmake', 'python']
[0.452s] Level 1:colcon.colcon_core.package_identification:_identify(src/usd/robots/meshes/mir250) by extension 'cmake'
[0.452s] Level 1:colcon.colcon_core.package_identification:_identify(src/usd/robots/meshes/mir250) by extension 'python'
[0.452s] Level 1:colcon.colcon_core.package_identification:_identify(src/usd/robots/meshes/mir250) by extensions ['python_setup_py']
[0.452s] Level 1:colcon.colcon_core.package_identification:_identify(src/usd/robots/meshes/mir250) by extension 'python_setup_py'
[0.452s] Level 1:colcon.colcon_core.package_identification:_identify(src/usd/robots/meshes/mir250/collision) by extensions ['ignore', 'ignore_ament_install']
[0.452s] Level 1:colcon.colcon_core.package_identification:_identify(src/usd/robots/meshes/mir250/collision) by extension 'ignore'
[0.453s] Level 1:colcon.colcon_core.package_identification:_identify(src/usd/robots/meshes/mir250/collision) by extension 'ignore_ament_install'
[0.453s] Level 1:colcon.colcon_core.package_identification:_identify(src/usd/robots/meshes/mir250/collision) by extensions ['colcon_pkg']
[0.453s] Level 1:colcon.colcon_core.package_identification:_identify(src/usd/robots/meshes/mir250/collision) by extension 'colcon_pkg'
[0.453s] Level 1:colcon.colcon_core.package_identification:_identify(src/usd/robots/meshes/mir250/collision) by extensions ['colcon_meta']
[0.453s] Level 1:colcon.colcon_core.package_identification:_identify(src/usd/robots/meshes/mir250/collision) by extension 'colcon_meta'
[0.453s] Level 1:colcon.colcon_core.package_identification:_identify(src/usd/robots/meshes/mir250/collision) by extensions ['ros']
[0.453s] Level 1:colcon.colcon_core.package_identification:_identify(src/usd/robots/meshes/mir250/collision) by extension 'ros'
[0.453s] Level 1:colcon.colcon_core.package_identification:_identify(src/usd/robots/meshes/mir250/collision) by extensions ['cmake', 'python']
[0.453s] Level 1:colcon.colcon_core.package_identification:_identify(src/usd/robots/meshes/mir250/collision) by extension 'cmake'
[0.453s] Level 1:colcon.colcon_core.package_identification:_identify(src/usd/robots/meshes/mir250/collision) by extension 'python'
[0.453s] Level 1:colcon.colcon_core.package_identification:_identify(src/usd/robots/meshes/mir250/collision) by extensions ['python_setup_py']
[0.453s] Level 1:colcon.colcon_core.package_identification:_identify(src/usd/robots/meshes/mir250/collision) by extension 'python_setup_py'
[0.453s] Level 1:colcon.colcon_core.package_identification:_identify(src/usd/robots/meshes/mir250/visual) by extensions ['ignore', 'ignore_ament_install']
[0.453s] Level 1:colcon.colcon_core.package_identification:_identify(src/usd/robots/meshes/mir250/visual) by extension 'ignore'
[0.453s] Level 1:colcon.colcon_core.package_identification:_identify(src/usd/robots/meshes/mir250/visual) by extension 'ignore_ament_install'
[0.453s] Level 1:colcon.colcon_core.package_identification:_identify(src/usd/robots/meshes/mir250/visual) by extensions ['colcon_pkg']
[0.453s] Level 1:colcon.colcon_core.package_identification:_identify(src/usd/robots/meshes/mir250/visual) by extension 'colcon_pkg'
[0.453s] Level 1:colcon.colcon_core.package_identification:_identify(src/usd/robots/meshes/mir250/visual) by extensions ['colcon_meta']
[0.453s] Level 1:colcon.colcon_core.package_identification:_identify(src/usd/robots/meshes/mir250/visual) by extension 'colcon_meta'
[0.454s] Level 1:colcon.colcon_core.package_identification:_identify(src/usd/robots/meshes/mir250/visual) by extensions ['ros']
[0.454s] Level 1:colcon.colcon_core.package_identification:_identify(src/usd/robots/meshes/mir250/visual) by extension 'ros'
[0.454s] Level 1:colcon.colcon_core.package_identification:_identify(src/usd/robots/meshes/mir250/visual) by extensions ['cmake', 'python']
[0.454s] Level 1:colcon.colcon_core.package_identification:_identify(src/usd/robots/meshes/mir250/visual) by extension 'cmake'
[0.454s] Level 1:colcon.colcon_core.package_identification:_identify(src/usd/robots/meshes/mir250/visual) by extension 'python'
[0.454s] Level 1:colcon.colcon_core.package_identification:_identify(src/usd/robots/meshes/mir250/visual) by extensions ['python_setup_py']
[0.454s] Level 1:colcon.colcon_core.package_identification:_identify(src/usd/robots/meshes/mir250/visual) by extension 'python_setup_py'
[0.454s] Level 1:colcon.colcon_core.package_discovery:discover_packages(recursive) using defaults
[0.454s] Level 1:colcon.colcon_core.package_discovery:discover_packages(ignore) discover
[0.454s] Level 1:colcon.colcon_core.package_discovery:discover_packages(ignore) using defaults
[0.454s] Level 1:colcon.colcon_core.package_discovery:discover_packages(path) discover
[0.454s] Level 1:colcon.colcon_core.package_discovery:discover_packages(path) using defaults
[0.510s] INFO:colcon.colcon_core.package_selection:Skipping not selected package 'mir_actions' in 'src/MIR_250/mir_actions'
[0.510s] INFO:colcon.colcon_core.package_selection:Skipping not selected package 'mir_description' in 'src/MIR_250/mir_description'
[0.510s] INFO:colcon.colcon_core.package_selection:Skipping not selected package 'mir_msgs' in 'src/MIR_250/mir_msgs'
[0.510s] INFO:colcon.colcon_core.package_selection:Skipping not selected package 'mir_restapi' in 'src/MIR_250/mir_restapi'
[0.510s] INFO:colcon.colcon_core.package_selection:Skipping not selected package 'sdc21x0' in 'src/MIR_250/sdc21x0'
[0.510s] INFO:colcon.colcon_core.package_selection:Skipping not selected package 'sensors_launcher_mir_250' in 'src/MIR_250/sensors_launcher_mir_250'
[0.510s] INFO:colcon.colcon_core.package_selection:Skipping not selected package 'mir_driver' in 'src/MIR_250/mir_driver'
[0.510s] INFO:colcon.colcon_core.package_selection:Skipping not selected package 'graph_based_navigation_system' in 'src/MIR_250/graph_based_navigation_system'
[0.510s] INFO:colcon.colcon_core.package_selection:Skipping not selected package 'mir_manual_navigation' in 'src/MIR_250/mir_manual_navigation'
[0.510s] INFO:colcon.colcon_core.package_selection:Skipping not selected package 'mir_navigation' in 'src/MIR_250/mir_navigation'
[0.512s] Level 1:colcon.colcon_core.package_discovery:discover_packages(prefix_path) check parameters
[0.512s] Level 1:colcon.colcon_core.package_discovery:discover_packages(prefix_path) discover
[0.517s] DEBUG:colcon.colcon_installed_package_information.package_discovery:Found 10 installed packages in /home/basmala/mir250_ws/install
[0.520s] DEBUG:colcon.colcon_installed_package_information.package_discovery:Found 320 installed packages in /opt/ros/humble
[0.523s] Level 1:colcon.colcon_core.package_discovery:discover_packages(prefix_path) using defaults
[0.584s] WARNING:colcon.colcon_core.package_selection:Some selected packages are already built in one or more underlay workspaces:
	'teleop_twist_keyboard' is in: /opt/ros/humble
If a package in a merged underlay workspace is overridden and it installs headers, then all packages in the overlay must sort their include directories by workspace order. Failure to do so may result in build failures or undefined behavior at run time.
If the overridden package is used by another package in any underlay, then the overriding package in the overlay must be API and ABI compatible or undefined behavior at run time may occur.

If you understand the risks and want to override a package anyways, add the following to the command line:
	--allow-overriding teleop_twist_keyboard

This may be promoted to an error in a future release of colcon-override-check.
[0.586s] Level 5:colcon.colcon_core.verb:set package 'teleop_twist_keyboard' build argument 'cmake_args' from command line to 'None'
[0.586s] Level 5:colcon.colcon_core.verb:set package 'teleop_twist_keyboard' build argument 'cmake_target' from command line to 'None'
[0.586s] Level 5:colcon.colcon_core.verb:set package 'teleop_twist_keyboard' build argument 'cmake_target_skip_unavailable' from command line to 'False'
[0.586s] Level 5:colcon.colcon_core.verb:set package 'teleop_twist_keyboard' build argument 'cmake_clean_cache' from command line to 'False'
[0.586s] Level 5:colcon.colcon_core.verb:set package 'teleop_twist_keyboard' build argument 'cmake_clean_first' from command line to 'False'
[0.586s] Level 5:colcon.colcon_core.verb:set package 'teleop_twist_keyboard' build argument 'cmake_force_configure' from command line to 'False'
[0.586s] Level 5:colcon.colcon_core.verb:set package 'teleop_twist_keyboard' build argument 'ament_cmake_args' from command line to 'None'
[0.586s] Level 5:colcon.colcon_core.verb:set package 'teleop_twist_keyboard' build argument 'catkin_cmake_args' from command line to 'None'
[0.586s] Level 5:colcon.colcon_core.verb:set package 'teleop_twist_keyboard' build argument 'catkin_skip_building_tests' from command line to 'False'
[0.586s] DEBUG:colcon.colcon_core.verb:Building package 'teleop_twist_keyboard' with the following arguments: {'ament_cmake_args': None, 'build_base': '/home/basmala/mir250_ws/build/teleop_twist_keyboard', 'catkin_cmake_args': None, 'catkin_skip_building_tests': False, 'cmake_args': None, 'cmake_clean_cache': False, 'cmake_clean_first': False, 'cmake_force_configure': False, 'cmake_target': None, 'cmake_target_skip_unavailable': False, 'install_base': '/home/basmala/mir250_ws/install/teleop_twist_keyboard', 'merge_install': False, 'path': '/home/basmala/mir250_ws/src/teleop_twist_keyboard', 'symlink_install': False, 'test_result_base': None}
[0.586s] INFO:colcon.colcon_core.executor:Executing jobs using 'parallel' executor
[0.589s] DEBUG:colcon.colcon_parallel_executor.executor.parallel:run_until_complete
[0.589s] INFO:colcon.colcon_ros.task.ament_python.build:Building ROS package in '/home/basmala/mir250_ws/src/teleop_twist_keyboard' with build type 'ament_python'
[0.590s] Level 1:colcon.colcon_core.shell:create_environment_hook('teleop_twist_keyboard', 'ament_prefix_path')
[0.596s] INFO:colcon.colcon_core.plugin_system:Skipping extension 'colcon_core.shell.bat': Not used on non-Windows systems
[0.596s] INFO:colcon.colcon_core.shell:Creating environment hook '/home/basmala/mir250_ws/install/teleop_twist_keyboard/share/teleop_twist_keyboard/hook/ament_prefix_path.ps1'
[0.598s] INFO:colcon.colcon_core.shell:Creating environment descriptor '/home/basmala/mir250_ws/install/teleop_twist_keyboard/share/teleop_twist_keyboard/hook/ament_prefix_path.dsv'
[0.598s] INFO:colcon.colcon_core.shell:Creating environment hook '/home/basmala/mir250_ws/install/teleop_twist_keyboard/share/teleop_twist_keyboard/hook/ament_prefix_path.sh'
[0.600s] INFO:colcon.colcon_core.shell:Skip shell extension 'powershell' for command environment: Not usable outside of PowerShell
[0.600s] DEBUG:colcon.colcon_core.shell:Skip shell extension 'dsv' for command environment
[0.951s] INFO:colcon.colcon_core.task.python.build:Building Python package in '/home/basmala/mir250_ws/src/teleop_twist_keyboard'
[0.952s] INFO:colcon.colcon_core.shell:Skip shell extension 'powershell' for command environment: Not usable outside of PowerShell
[0.952s] DEBUG:colcon.colcon_core.shell:Skip shell extension 'dsv' for command environment
[1.363s] DEBUG:colcon.colcon_core.task.python.build:Available setuptools commands: check, easy_install, build_py, rotate, dist_info, upload_docs, alias, build_clib, bdist_rpm, bdist_dumb, test, bdist_wheel, upload, install_lib, setopt, install_scripts, build_scripts, install, sdist, install_headers, bdist_egg, egg_info, clean, install_egg_info, build, symlink_data, build_ext, register, bdist, install_data, develop, saveopts
[1.369s] DEBUG:colcon.colcon_core.event_handler.log_command:Invoking command in '/home/basmala/mir250_ws/src/teleop_twist_keyboard': PYTHONPATH=/home/basmala/mir250_ws/build/teleop_twist_keyboard/prefix_override:/usr/lib/python3/dist-packages/colcon_core/task/python/colcon_distutils_commands:/home/basmala/mir250_ws/install/teleop_twist_keyboard/lib/python3.10/site-packages:${PYTHONPATH} /usr/bin/python3 -W ignore:setup.py install is deprecated -W ignore:easy_install command is deprecated setup.py egg_info --egg-base ../../build/teleop_twist_keyboard build --build-base /home/basmala/mir250_ws/build/teleop_twist_keyboard/build install --record /home/basmala/mir250_ws/build/teleop_twist_keyboard/install.log --install-scripts $base/lib/teleop_twist_keyboard --single-version-externally-managed install_data
[1.699s] DEBUG:colcon.colcon_core.event_handler.log_command:Invoked command in '/home/basmala/mir250_ws/src/teleop_twist_keyboard' returned '1': PYTHONPATH=/home/basmala/mir250_ws/build/teleop_twist_keyboard/prefix_override:/usr/lib/python3/dist-packages/colcon_core/task/python/colcon_distutils_commands:/home/basmala/mir250_ws/install/teleop_twist_keyboard/lib/python3.10/site-packages:${PYTHONPATH} /usr/bin/python3 -W ignore:setup.py install is deprecated -W ignore:easy_install command is deprecated setup.py egg_info --egg-base ../../build/teleop_twist_keyboard build --build-base /home/basmala/mir250_ws/build/teleop_twist_keyboard/build install --record /home/basmala/mir250_ws/build/teleop_twist_keyboard/install.log --install-scripts $base/lib/teleop_twist_keyboard --single-version-externally-managed install_data
[1.708s] DEBUG:colcon.colcon_parallel_executor.executor.parallel:closing loop
[1.708s] DEBUG:colcon.colcon_parallel_executor.executor.parallel:loop closed
[1.708s] DEBUG:colcon.colcon_parallel_executor.executor.parallel:run_until_complete finished with '1'
[1.709s] DEBUG:colcon.colcon_core.event_reactor:joining thread
[1.716s] INFO:colcon.colcon_core.plugin_system:Skipping extension 'colcon_notification.desktop_notification.terminal_notifier': Not used on non-Darwin systems
[1.716s] INFO:colcon.colcon_core.plugin_system:Skipping extension 'colcon_notification.desktop_notification.win32': Not used on non-Windows systems
[1.716s] INFO:colcon.colcon_notification.desktop_notification:Sending desktop notification using 'notify2'
[1.734s] DEBUG:colcon.colcon_core.event_reactor:joined thread
[1.734s] INFO:colcon.colcon_core.shell:Creating prefix script '/home/basmala/mir250_ws/install/local_setup.ps1'
[1.736s] INFO:colcon.colcon_core.shell:Creating prefix util module '/home/basmala/mir250_ws/install/_local_setup_util_ps1.py'
[1.738s] INFO:colcon.colcon_core.shell:Creating prefix chain script '/home/basmala/mir250_ws/install/setup.ps1'
[1.741s] INFO:colcon.colcon_core.shell:Creating prefix script '/home/basmala/mir250_ws/install/local_setup.sh'
[1.742s] INFO:colcon.colcon_core.shell:Creating prefix util module '/home/basmala/mir250_ws/install/_local_setup_util_sh.py'
[1.743s] INFO:colcon.colcon_core.shell:Creating prefix chain script '/home/basmala/mir250_ws/install/setup.sh'
[1.744s] INFO:colcon.colcon_core.shell:Creating prefix script '/home/basmala/mir250_ws/install/local_setup.bash'
[1.745s] INFO:colcon.colcon_core.shell:Creating prefix chain script '/home/basmala/mir250_ws/install/setup.bash'
[1.747s] INFO:colcon.colcon_core.shell:Creating prefix script '/home/basmala/mir250_ws/install/local_setup.zsh'
[1.747s] INFO:colcon.colcon_core.shell:Creating prefix chain script '/home/basmala/mir250_ws/install/setup.zsh'
