[0.033s] Invoking command in '/home/basmala/mir250_ws/src/MiR250/MIR_250/build/mir_description': CMAKE_PREFIX_PATH=${CMAKE_PREFIX_PATH}:/home/basmala/mir250_ws/src/MiR250/MIR_250/install/mir_restapi:/home/basmala/mir250_ws/src/MiR250/MIR_250/install/mir_manual_navigation:/home/basmala/mir250_ws/src/MiR250/MIR_250/install/graph_based_navigation_system:/home/basmala/mir250_ws/src/MiR250/MIR_250/install/mir_driver:/home/basmala/mir250_ws/install/mir_restapi:/home/basmala/mir250_ws/install/mir_manual_navigation:/home/basmala/mir250_ws/install/graph_based_navigation_system:/home/basmala/mir250_ws/install/mir_driver:/opt/ros/humble /usr/bin/cmake /home/basmala/mir250_ws/src/MiR250/MIR_250/mir_description -DCMAKE_INSTALL_PREFIX=/home/basmala/mir250_ws/src/MiR250/MIR_250/install/mir_description
[0.314s] -- The C compiler identification is GNU 11.4.0
[0.315s] -- The CXX compiler identification is GNU 11.4.0
[0.315s] -- Detecting C compiler ABI info
[0.386s] -- Detecting C compiler ABI info - done
[0.399s] -- Check for working C compiler: /usr/bin/cc - skipped
[0.399s] -- Detecting C compile features
[0.400s] -- Detecting C compile features - done
[0.406s] -- Detecting CXX compiler ABI info
[0.550s] -- Detecting CXX compiler ABI info - done
[0.562s] -- Check for working CXX compiler: /usr/bin/c++ - skipped
[0.563s] -- Detecting CXX compile features
[0.564s] -- Detecting CXX compile features - done
[0.571s] -- Found ament_cmake: 1.3.14 (/opt/ros/humble/share/ament_cmake/cmake)
[0.850s] -- Found Python3: /usr/bin/python3 (found version "3.10.12") found components: Interpreter 
[0.993s] -- Found xacro: 2.1.1 (/opt/ros/humble/share/xacro/cmake)
[0.997s] -- Found robot_state_publisher: 3.0.3 (/opt/ros/humble/share/robot_state_publisher/cmake)
[1.075s] -- Found rosidl_generator_c: 3.1.8 (/opt/ros/humble/share/rosidl_generator_c/cmake)
[1.085s] -- Found rosidl_adapter: 3.1.8 (/opt/ros/humble/share/rosidl_adapter/cmake)
[1.101s] -- Found rosidl_generator_cpp: 3.1.8 (/opt/ros/humble/share/rosidl_generator_cpp/cmake)
[1.123s] -- Using all available rosidl_typesupport_c: rosidl_typesupport_fastrtps_c;rosidl_typesupport_introspection_c
[1.154s] -- Using all available rosidl_typesupport_cpp: rosidl_typesupport_fastrtps_cpp;rosidl_typesupport_introspection_cpp
[1.263s] -- Found eigen3_cmake_module: 0.1.1 (/opt/ros/humble/share/eigen3_cmake_module/cmake)
[1.265s] -- Found Eigen3: TRUE (found version "3.4.0") 
[1.266s] -- Ensuring Eigen3 include directory is part of orocos-kdl CMake target
[1.366s] -- Found rmw_implementation_cmake: 6.1.2 (/opt/ros/humble/share/rmw_implementation_cmake/cmake)
[1.373s] -- Found rmw_fastrtps_cpp: 6.2.10 (/opt/ros/humble/share/rmw_fastrtps_cpp/cmake)
[1.539s] -- Found OpenSSL: /usr/lib/x86_64-linux-gnu/libcrypto.so (found version "3.0.2")  
[1.586s] -- Found FastRTPS: /opt/ros/humble/include  
[1.655s] -- Using RMW implementation 'rmw_fastrtps_cpp' as default
[1.675s] -- Looking for pthread.h
[1.800s] -- Looking for pthread.h - found
[1.801s] -- Performing Test CMAKE_HAVE_LIBC_PTHREAD
[1.898s] -- Performing Test CMAKE_HAVE_LIBC_PTHREAD - Success
[1.900s] -- Found Threads: TRUE  
[2.206s] -- Found rviz2: 11.2.26 (/opt/ros/humble/share/rviz2/cmake)
[2.209s] -- Found ament_lint_auto: 0.12.15 (/opt/ros/humble/share/ament_lint_auto/cmake)
[2.342s] -- Added test 'copyright' to check source files copyright and LICENSE
[2.349s] -- Added test 'flake8' to check Python code syntax and style conventions
[2.351s] -- Added test 'lint_cmake' to check CMake code style
[2.352s] -- Added test 'pep257' to check Python code against some of the docstring style conventions in PEP 257
[2.355s] -- Added test 'xmllint' to check XML markup files
[2.358s] -- Configuring done
[2.363s] -- Generating done
[2.367s] -- Build files have been written to: /home/basmala/mir250_ws/src/MiR250/MIR_250/build/mir_description
[2.378s] Invoked command in '/home/basmala/mir250_ws/src/MiR250/MIR_250/build/mir_description' returned '0': CMAKE_PREFIX_PATH=${CMAKE_PREFIX_PATH}:/home/basmala/mir250_ws/src/MiR250/MIR_250/install/mir_restapi:/home/basmala/mir250_ws/src/MiR250/MIR_250/install/mir_manual_navigation:/home/basmala/mir250_ws/src/MiR250/MIR_250/install/graph_based_navigation_system:/home/basmala/mir250_ws/src/MiR250/MIR_250/install/mir_driver:/home/basmala/mir250_ws/install/mir_restapi:/home/basmala/mir250_ws/install/mir_manual_navigation:/home/basmala/mir250_ws/install/graph_based_navigation_system:/home/basmala/mir250_ws/install/mir_driver:/opt/ros/humble /usr/bin/cmake /home/basmala/mir250_ws/src/MiR250/MIR_250/mir_description -DCMAKE_INSTALL_PREFIX=/home/basmala/mir250_ws/src/MiR250/MIR_250/install/mir_description
[2.381s] Invoking command in '/home/basmala/mir250_ws/src/MiR250/MIR_250/build/mir_description': CMAKE_PREFIX_PATH=${CMAKE_PREFIX_PATH}:/home/basmala/mir250_ws/src/MiR250/MIR_250/install/mir_restapi:/home/basmala/mir250_ws/src/MiR250/MIR_250/install/mir_manual_navigation:/home/basmala/mir250_ws/src/MiR250/MIR_250/install/graph_based_navigation_system:/home/basmala/mir250_ws/src/MiR250/MIR_250/install/mir_driver:/home/basmala/mir250_ws/install/mir_restapi:/home/basmala/mir250_ws/install/mir_manual_navigation:/home/basmala/mir250_ws/install/graph_based_navigation_system:/home/basmala/mir250_ws/install/mir_driver:/opt/ros/humble /usr/bin/cmake --build /home/basmala/mir250_ws/src/MiR250/MIR_250/build/mir_description -- -j20 -l20
[2.440s] Invoked command in '/home/basmala/mir250_ws/src/MiR250/MIR_250/build/mir_description' returned '0': CMAKE_PREFIX_PATH=${CMAKE_PREFIX_PATH}:/home/basmala/mir250_ws/src/MiR250/MIR_250/install/mir_restapi:/home/basmala/mir250_ws/src/MiR250/MIR_250/install/mir_manual_navigation:/home/basmala/mir250_ws/src/MiR250/MIR_250/install/graph_based_navigation_system:/home/basmala/mir250_ws/src/MiR250/MIR_250/install/mir_driver:/home/basmala/mir250_ws/install/mir_restapi:/home/basmala/mir250_ws/install/mir_manual_navigation:/home/basmala/mir250_ws/install/graph_based_navigation_system:/home/basmala/mir250_ws/install/mir_driver:/opt/ros/humble /usr/bin/cmake --build /home/basmala/mir250_ws/src/MiR250/MIR_250/build/mir_description -- -j20 -l20
[2.455s] Invoking command in '/home/basmala/mir250_ws/src/MiR250/MIR_250/build/mir_description': CMAKE_PREFIX_PATH=${CMAKE_PREFIX_PATH}:/home/basmala/mir250_ws/src/MiR250/MIR_250/install/mir_restapi:/home/basmala/mir250_ws/src/MiR250/MIR_250/install/mir_manual_navigation:/home/basmala/mir250_ws/src/MiR250/MIR_250/install/graph_based_navigation_system:/home/basmala/mir250_ws/src/MiR250/MIR_250/install/mir_driver:/home/basmala/mir250_ws/install/mir_restapi:/home/basmala/mir250_ws/install/mir_manual_navigation:/home/basmala/mir250_ws/install/graph_based_navigation_system:/home/basmala/mir250_ws/install/mir_driver:/opt/ros/humble /usr/bin/cmake --install /home/basmala/mir250_ws/src/MiR250/MIR_250/build/mir_description
[2.466s] -- Install configuration: ""
[2.466s] -- Installing: /home/basmala/mir250_ws/src/MiR250/MIR_250/install/mir_description/share/mir_description/urdf
[2.466s] -- Installing: /home/basmala/mir250_ws/src/MiR250/MIR_250/install/mir_description/share/mir_description/urdf/mir.urdf.xacro
[2.467s] -- Installing: /home/basmala/mir250_ws/src/MiR250/MIR_250/install/mir_description/share/mir_description/urdf/include
[2.468s] -- Installing: /home/basmala/mir250_ws/src/MiR250/MIR_250/install/mir_description/share/mir_description/urdf/include/imu.gazebo.urdf.xacro
[2.468s] -- Installing: /home/basmala/mir250_ws/src/MiR250/MIR_250/install/mir_description/share/mir_description/urdf/include/sick_s300.urdf.xacro
[2.468s] -- Installing: /home/basmala/mir250_ws/src/MiR250/MIR_250/install/mir_description/share/mir_description/urdf/include/camera_d435.urdf.xacro
[2.468s] -- Installing: /home/basmala/mir250_ws/src/MiR250/MIR_250/install/mir_description/share/mir_description/urdf/include/mir_250_v1.urdf.xacro
[2.468s] -- Installing: /home/basmala/mir250_ws/src/MiR250/MIR_250/install/mir_description/share/mir_description/urdf/include/common_properties.urdf.xacro
[2.469s] -- Installing: /home/basmala/mir250_ws/src/MiR250/MIR_250/install/mir_description/share/mir_description/urdf/include/_materials.urdf.xacro
[2.469s] -- Installing: /home/basmala/mir250_ws/src/MiR250/MIR_250/install/mir_description/share/mir_description/urdf/include/wheel.urdf.xacro
[2.469s] -- Installing: /home/basmala/mir250_ws/src/MiR250/MIR_250/install/mir_description/share/mir_description/urdf/include/caster.urdf.xacro
[2.470s] -- Installing: /home/basmala/mir250_ws/src/MiR250/MIR_250/install/mir_description/share/mir_description/rviz
[2.470s] -- Installing: /home/basmala/mir250_ws/src/MiR250/MIR_250/install/mir_description/share/mir_description/rviz/mir_visualization_2.rviz
[2.470s] -- Installing: /home/basmala/mir250_ws/src/MiR250/MIR_250/install/mir_description/share/mir_description/rviz/mir_nav.rviz
[2.470s] -- Installing: /home/basmala/mir250_ws/src/MiR250/MIR_250/install/mir_description/share/mir_description/rviz/mir_description.rviz
[2.471s] -- Installing: /home/basmala/mir250_ws/src/MiR250/MIR_250/install/mir_description/share/mir_description/rviz/mir_manual_control.rviz
[2.471s] -- Installing: /home/basmala/mir250_ws/src/MiR250/MIR_250/install/mir_description/share/mir_description/rviz/mir_visualization_1.rviz
[2.471s] -- Installing: /home/basmala/mir250_ws/src/MiR250/MIR_250/install/mir_description/share/mir_description/meshes
[2.471s] -- Installing: /home/basmala/mir250_ws/src/MiR250/MIR_250/install/mir_description/share/mir_description/meshes/collision
[2.472s] -- Installing: /home/basmala/mir250_ws/src/MiR250/MIR_250/install/mir_description/share/mir_description/meshes/collision/mir_250_base.stl
[2.472s] -- Installing: /home/basmala/mir250_ws/src/MiR250/MIR_250/install/mir_description/share/mir_description/meshes/collision/caster_wheel_base.stl
[2.473s] -- Installing: /home/basmala/mir250_ws/src/MiR250/MIR_250/install/mir_description/share/mir_description/meshes/collision/D435i_mounted.STL
[2.477s] -- Installing: /home/basmala/mir250_ws/src/MiR250/MIR_250/install/mir_description/share/mir_description/meshes/visual
[2.477s] -- Installing: /home/basmala/mir250_ws/src/MiR250/MIR_250/install/mir_description/share/mir_description/meshes/visual/mir_250_base.stl
[2.480s] -- Installing: /home/basmala/mir250_ws/src/MiR250/MIR_250/install/mir_description/share/mir_description/meshes/visual/caster_wheel_base.stl
[2.482s] -- Installing: /home/basmala/mir250_ws/src/MiR250/MIR_250/install/mir_description/share/mir_description/meshes/visual/D435i_mounted.STL
[2.486s] -- Installing: /home/basmala/mir250_ws/src/MiR250/MIR_250/install/mir_description/share/mir_description/meshes/visual/sick_lms-100.stl
[2.487s] -- Installing: /home/basmala/mir250_ws/src/MiR250/MIR_250/install/mir_description/share/mir_description/meshes/visual/D435_Solid.stl
[2.489s] -- Installing: /home/basmala/mir250_ws/src/MiR250/MIR_250/install/mir_description/share/mir_description/meshes/visual/wheel.stl
[2.489s] -- Installing: /home/basmala/mir250_ws/src/MiR250/MIR_250/install/mir_description/share/mir_description/config
[2.489s] -- Installing: /home/basmala/mir250_ws/src/MiR250/MIR_250/install/mir_description/share/mir_description/config/joint_state_controller.yaml
[2.489s] -- Installing: /home/basmala/mir250_ws/src/MiR250/MIR_250/install/mir_description/share/mir_description/config/diffdrive_controller.yaml
[2.490s] -- Installing: /home/basmala/mir250_ws/src/MiR250/MIR_250/install/mir_description/share/mir_description/config/joistick.yaml
[2.490s] -- Installing: /home/basmala/mir250_ws/src/MiR250/MIR_250/install/mir_description/share/mir_description/config/twist_mux.yaml
[2.490s] -- Installing: /home/basmala/mir250_ws/src/MiR250/MIR_250/install/mir_description/share/mir_description/launch
[2.491s] -- Installing: /home/basmala/mir250_ws/src/MiR250/MIR_250/install/mir_description/share/mir_description/launch/mir_250_launch.py
[2.491s] -- Installing: /home/basmala/mir250_ws/src/MiR250/MIR_250/install/mir_description/share/mir_description/launch/mir_display_launch.py
[2.491s] -- Installing: /home/basmala/mir250_ws/src/MiR250/MIR_250/install/mir_description/share/ament_index/resource_index/package_run_dependencies/mir_description
[2.491s] -- Installing: /home/basmala/mir250_ws/src/MiR250/MIR_250/install/mir_description/share/ament_index/resource_index/parent_prefix_path/mir_description
[2.492s] -- Installing: /home/basmala/mir250_ws/src/MiR250/MIR_250/install/mir_description/share/mir_description/environment/ament_prefix_path.sh
[2.492s] -- Installing: /home/basmala/mir250_ws/src/MiR250/MIR_250/install/mir_description/share/mir_description/environment/ament_prefix_path.dsv
[2.492s] -- Installing: /home/basmala/mir250_ws/src/MiR250/MIR_250/install/mir_description/share/mir_description/environment/path.sh
[2.493s] -- Installing: /home/basmala/mir250_ws/src/MiR250/MIR_250/install/mir_description/share/mir_description/environment/path.dsv
[2.493s] -- Installing: /home/basmala/mir250_ws/src/MiR250/MIR_250/install/mir_description/share/mir_description/local_setup.bash
[2.493s] -- Installing: /home/basmala/mir250_ws/src/MiR250/MIR_250/install/mir_description/share/mir_description/local_setup.sh
[2.493s] -- Installing: /home/basmala/mir250_ws/src/MiR250/MIR_250/install/mir_description/share/mir_description/local_setup.zsh
[2.493s] -- Installing: /home/basmala/mir250_ws/src/MiR250/MIR_250/install/mir_description/share/mir_description/local_setup.dsv
[2.493s] -- Installing: /home/basmala/mir250_ws/src/MiR250/MIR_250/install/mir_description/share/mir_description/package.dsv
[2.493s] -- Installing: /home/basmala/mir250_ws/src/MiR250/MIR_250/install/mir_description/share/ament_index/resource_index/packages/mir_description
[2.493s] -- Installing: /home/basmala/mir250_ws/src/MiR250/MIR_250/install/mir_description/share/mir_description/cmake/mir_descriptionConfig.cmake
[2.493s] -- Installing: /home/basmala/mir250_ws/src/MiR250/MIR_250/install/mir_description/share/mir_description/cmake/mir_descriptionConfig-version.cmake
[2.494s] -- Installing: /home/basmala/mir250_ws/src/MiR250/MIR_250/install/mir_description/share/mir_description/package.xml
[2.497s] Invoked command in '/home/basmala/mir250_ws/src/MiR250/MIR_250/build/mir_description' returned '0': CMAKE_PREFIX_PATH=${CMAKE_PREFIX_PATH}:/home/basmala/mir250_ws/src/MiR250/MIR_250/install/mir_restapi:/home/basmala/mir250_ws/src/MiR250/MIR_250/install/mir_manual_navigation:/home/basmala/mir250_ws/src/MiR250/MIR_250/install/graph_based_navigation_system:/home/basmala/mir250_ws/src/MiR250/MIR_250/install/mir_driver:/home/basmala/mir250_ws/install/mir_restapi:/home/basmala/mir250_ws/install/mir_manual_navigation:/home/basmala/mir250_ws/install/graph_based_navigation_system:/home/basmala/mir250_ws/install/mir_driver:/opt/ros/humble /usr/bin/cmake --install /home/basmala/mir250_ws/src/MiR250/MIR_250/build/mir_description
