[1.037s] Invoking command in '/home/basmala/mir250_ws/src/MIR_250/mir_manual_navigation': AMENT_PREFIX_PATH=/home/basmala/mir250_ws/install/mir_driver:/home/basmala/mir250_ws/install/mir_msgs:/home/basmala/mir250_ws/install/mir_description:${AMENT_PREFIX_PATH} CMAKE_PREFIX_PATH=/home/basmala/mir250_ws/install/mir_msgs:/home/basmala/mir250_ws/install/mir_description LD_LIBRARY_PATH=/home/basmala/mir250_ws/install/mir_msgs/lib:${LD_LIBRARY_PATH} PYTHONPATH=/home/basmala/mir250_ws/build/mir_manual_navigation/prefix_override:/usr/lib/python3/dist-packages/colcon_core/task/python/colcon_distutils_commands:/home/basmala/mir250_ws/install/mir_manual_navigation/lib/python3.10/site-packages:/home/basmala/mir250_ws/install/mir_driver/lib/python3.10/site-packages:/home/basmala/mir250_ws/install/mir_msgs/local/lib/python3.10/dist-packages:${PYTHONPATH} /usr/bin/python3 -W ignore:setup.py install is deprecated -W ignore:easy_install command is deprecated setup.py egg_info --egg-base ../../../build/mir_manual_navigation build --build-base /home/basmala/mir250_ws/build/mir_manual_navigation/build install --record /home/basmala/mir250_ws/build/mir_manual_navigation/install.log --install-scripts $base/lib/mir_manual_navigation --single-version-externally-managed install_data
[1.342s] running egg_info
[1.342s] creating ../../../build/mir_manual_navigation/mir_manual_navigation.egg-info
[1.343s] writing ../../../build/mir_manual_navigation/mir_manual_navigation.egg-info/PKG-INFO
[1.343s] writing dependency_links to ../../../build/mir_manual_navigation/mir_manual_navigation.egg-info/dependency_links.txt
[1.343s] writing entry points to ../../../build/mir_manual_navigation/mir_manual_navigation.egg-info/entry_points.txt
[1.344s] writing requirements to ../../../build/mir_manual_navigation/mir_manual_navigation.egg-info/requires.txt
[1.344s] writing top-level names to ../../../build/mir_manual_navigation/mir_manual_navigation.egg-info/top_level.txt
[1.344s] writing manifest file '../../../build/mir_manual_navigation/mir_manual_navigation.egg-info/SOURCES.txt'
[1.346s] reading manifest file '../../../build/mir_manual_navigation/mir_manual_navigation.egg-info/SOURCES.txt'
[1.346s] adding license file 'LICENSE'
[1.347s] writing manifest file '../../../build/mir_manual_navigation/mir_manual_navigation.egg-info/SOURCES.txt'
[1.347s] running build
[1.347s] running build_py
[1.348s] creating /home/basmala/mir250_ws/build/mir_manual_navigation/build
[1.348s] creating /home/basmala/mir250_ws/build/mir_manual_navigation/build/lib
[1.348s] creating /home/basmala/mir250_ws/build/mir_manual_navigation/build/lib/mir_manual_navigation
[1.348s] copying mir_manual_navigation/__init__.py -> /home/basmala/mir250_ws/build/mir_manual_navigation/build/lib/mir_manual_navigation
[1.348s] copying mir_manual_navigation/isaac_calibration_test.py -> /home/basmala/mir250_ws/build/mir_manual_navigation/build/lib/mir_manual_navigation
[1.348s] copying mir_manual_navigation/encoder_to_joint_state.py -> /home/basmala/mir250_ws/build/mir_manual_navigation/build/lib/mir_manual_navigation
[1.349s] copying mir_manual_navigation/cloud_transformation.py -> /home/basmala/mir250_ws/build/mir_manual_navigation/build/lib/mir_manual_navigation
[1.349s] copying mir_manual_navigation/isaac_diff_controller.py -> /home/basmala/mir250_ws/build/mir_manual_navigation/build/lib/mir_manual_navigation
[1.349s] copying mir_manual_navigation/isaac_diff_controller_debug.py -> /home/basmala/mir250_ws/build/mir_manual_navigation/build/lib/mir_manual_navigation
[1.349s] copying mir_manual_navigation/initial_position_mir.py -> /home/basmala/mir250_ws/build/mir_manual_navigation/build/lib/mir_manual_navigation
[1.350s] running install
[1.351s] running install_lib
[1.352s] creating /home/basmala/mir250_ws/install/mir_manual_navigation/lib/python3.10/site-packages/mir_manual_navigation
[1.353s] copying /home/basmala/mir250_ws/build/mir_manual_navigation/build/lib/mir_manual_navigation/__init__.py -> /home/basmala/mir250_ws/install/mir_manual_navigation/lib/python3.10/site-packages/mir_manual_navigation
[1.353s] copying /home/basmala/mir250_ws/build/mir_manual_navigation/build/lib/mir_manual_navigation/isaac_calibration_test.py -> /home/basmala/mir250_ws/install/mir_manual_navigation/lib/python3.10/site-packages/mir_manual_navigation
[1.353s] copying /home/basmala/mir250_ws/build/mir_manual_navigation/build/lib/mir_manual_navigation/encoder_to_joint_state.py -> /home/basmala/mir250_ws/install/mir_manual_navigation/lib/python3.10/site-packages/mir_manual_navigation
[1.353s] copying /home/basmala/mir250_ws/build/mir_manual_navigation/build/lib/mir_manual_navigation/cloud_transformation.py -> /home/basmala/mir250_ws/install/mir_manual_navigation/lib/python3.10/site-packages/mir_manual_navigation
[1.354s] copying /home/basmala/mir250_ws/build/mir_manual_navigation/build/lib/mir_manual_navigation/isaac_diff_controller.py -> /home/basmala/mir250_ws/install/mir_manual_navigation/lib/python3.10/site-packages/mir_manual_navigation
[1.354s] copying /home/basmala/mir250_ws/build/mir_manual_navigation/build/lib/mir_manual_navigation/isaac_diff_controller_debug.py -> /home/basmala/mir250_ws/install/mir_manual_navigation/lib/python3.10/site-packages/mir_manual_navigation
[1.354s] copying /home/basmala/mir250_ws/build/mir_manual_navigation/build/lib/mir_manual_navigation/initial_position_mir.py -> /home/basmala/mir250_ws/install/mir_manual_navigation/lib/python3.10/site-packages/mir_manual_navigation
[1.356s] byte-compiling /home/basmala/mir250_ws/install/mir_manual_navigation/lib/python3.10/site-packages/mir_manual_navigation/__init__.py to __init__.cpython-310.pyc
[1.356s] byte-compiling /home/basmala/mir250_ws/install/mir_manual_navigation/lib/python3.10/site-packages/mir_manual_navigation/isaac_calibration_test.py to isaac_calibration_test.cpython-310.pyc
[1.358s] byte-compiling /home/basmala/mir250_ws/install/mir_manual_navigation/lib/python3.10/site-packages/mir_manual_navigation/encoder_to_joint_state.py to encoder_to_joint_state.cpython-310.pyc
[1.359s] byte-compiling /home/basmala/mir250_ws/install/mir_manual_navigation/lib/python3.10/site-packages/mir_manual_navigation/cloud_transformation.py to cloud_transformation.cpython-310.pyc
[1.360s] byte-compiling /home/basmala/mir250_ws/install/mir_manual_navigation/lib/python3.10/site-packages/mir_manual_navigation/isaac_diff_controller.py to isaac_diff_controller.cpython-310.pyc
[1.367s] byte-compiling /home/basmala/mir250_ws/install/mir_manual_navigation/lib/python3.10/site-packages/mir_manual_navigation/isaac_diff_controller_debug.py to isaac_diff_controller_debug.cpython-310.pyc
[1.370s] byte-compiling /home/basmala/mir250_ws/install/mir_manual_navigation/lib/python3.10/site-packages/mir_manual_navigation/initial_position_mir.py to initial_position_mir.cpython-310.pyc
[1.371s] running install_data
[1.371s] creating /home/basmala/mir250_ws/install/mir_manual_navigation/share/ament_index
[1.372s] creating /home/basmala/mir250_ws/install/mir_manual_navigation/share/ament_index/resource_index
[1.372s] creating /home/basmala/mir250_ws/install/mir_manual_navigation/share/ament_index/resource_index/packages
[1.372s] copying resource/mir_manual_navigation -> /home/basmala/mir250_ws/install/mir_manual_navigation/share/ament_index/resource_index/packages
[1.372s] copying package.xml -> /home/basmala/mir250_ws/install/mir_manual_navigation/share/mir_manual_navigation
[1.372s] creating /home/basmala/mir250_ws/install/mir_manual_navigation/share/mir_manual_navigation/launch
[1.373s] copying launch/manual_control_launch.py -> /home/basmala/mir250_ws/install/mir_manual_navigation/share/mir_manual_navigation/launch
[1.373s] creating /home/basmala/mir250_ws/install/mir_manual_navigation/share/mir_manual_navigation/config
[1.373s] copying config/joy_init.yaml -> /home/basmala/mir250_ws/install/mir_manual_navigation/share/mir_manual_navigation/config
[1.373s] copying config/joy_config.yaml -> /home/basmala/mir250_ws/install/mir_manual_navigation/share/mir_manual_navigation/config
[1.373s] copying config/twist_mux.yaml -> /home/basmala/mir250_ws/install/mir_manual_navigation/share/mir_manual_navigation/config
[1.373s] running install_egg_info
[1.375s] Copying ../../../build/mir_manual_navigation/mir_manual_navigation.egg-info to /home/basmala/mir250_ws/install/mir_manual_navigation/lib/python3.10/site-packages/mir_manual_navigation-0.0.0-py3.10.egg-info
[1.376s] running install_scripts
[1.404s] Installing cloud_transformation script to /home/basmala/mir250_ws/install/mir_manual_navigation/lib/mir_manual_navigation
[1.405s] Installing encoder_to_joint_state script to /home/basmala/mir250_ws/install/mir_manual_navigation/lib/mir_manual_navigation
[1.405s] Installing initial_position_mir script to /home/basmala/mir250_ws/install/mir_manual_navigation/lib/mir_manual_navigation
[1.405s] Installing isaac_calibration_test script to /home/basmala/mir250_ws/install/mir_manual_navigation/lib/mir_manual_navigation
[1.405s] Installing isaac_diff_controller script to /home/basmala/mir250_ws/install/mir_manual_navigation/lib/mir_manual_navigation
[1.405s] Installing isaac_diff_controller_debug script to /home/basmala/mir250_ws/install/mir_manual_navigation/lib/mir_manual_navigation
[1.405s] writing list of installed files to '/home/basmala/mir250_ws/build/mir_manual_navigation/install.log'
[1.435s] Invoked command in '/home/basmala/mir250_ws/src/MIR_250/mir_manual_navigation' returned '0': AMENT_PREFIX_PATH=/home/basmala/mir250_ws/install/mir_driver:/home/basmala/mir250_ws/install/mir_msgs:/home/basmala/mir250_ws/install/mir_description:${AMENT_PREFIX_PATH} CMAKE_PREFIX_PATH=/home/basmala/mir250_ws/install/mir_msgs:/home/basmala/mir250_ws/install/mir_description LD_LIBRARY_PATH=/home/basmala/mir250_ws/install/mir_msgs/lib:${LD_LIBRARY_PATH} PYTHONPATH=/home/basmala/mir250_ws/build/mir_manual_navigation/prefix_override:/usr/lib/python3/dist-packages/colcon_core/task/python/colcon_distutils_commands:/home/basmala/mir250_ws/install/mir_manual_navigation/lib/python3.10/site-packages:/home/basmala/mir250_ws/install/mir_driver/lib/python3.10/site-packages:/home/basmala/mir250_ws/install/mir_msgs/local/lib/python3.10/dist-packages:${PYTHONPATH} /usr/bin/python3 -W ignore:setup.py install is deprecated -W ignore:easy_install command is deprecated setup.py egg_info --egg-base ../../../build/mir_manual_navigation build --build-base /home/basmala/mir250_ws/build/mir_manual_navigation/build install --record /home/basmala/mir250_ws/build/mir_manual_navigation/install.log --install-scripts $base/lib/mir_manual_navigation --single-version-externally-managed install_data
