/home/basmala/mir250_ws/install/mir_manual_navigation/lib/python3.10/site-packages/mir_manual_navigation/__init__.py
/home/basmala/mir250_ws/install/mir_manual_navigation/lib/python3.10/site-packages/mir_manual_navigation/isaac_calibration_test.py
/home/basmala/mir250_ws/install/mir_manual_navigation/lib/python3.10/site-packages/mir_manual_navigation/encoder_to_joint_state.py
/home/basmala/mir250_ws/install/mir_manual_navigation/lib/python3.10/site-packages/mir_manual_navigation/cloud_transformation.py
/home/basmala/mir250_ws/install/mir_manual_navigation/lib/python3.10/site-packages/mir_manual_navigation/isaac_diff_controller.py
/home/basmala/mir250_ws/install/mir_manual_navigation/lib/python3.10/site-packages/mir_manual_navigation/isaac_diff_controller_debug.py
/home/basmala/mir250_ws/install/mir_manual_navigation/lib/python3.10/site-packages/mir_manual_navigation/initial_position_mir.py
/home/basmala/mir250_ws/install/mir_manual_navigation/lib/python3.10/site-packages/mir_manual_navigation/__pycache__/__init__.cpython-310.pyc
/home/basmala/mir250_ws/install/mir_manual_navigation/lib/python3.10/site-packages/mir_manual_navigation/__pycache__/isaac_calibration_test.cpython-310.pyc
/home/basmala/mir250_ws/install/mir_manual_navigation/lib/python3.10/site-packages/mir_manual_navigation/__pycache__/encoder_to_joint_state.cpython-310.pyc
/home/basmala/mir250_ws/install/mir_manual_navigation/lib/python3.10/site-packages/mir_manual_navigation/__pycache__/cloud_transformation.cpython-310.pyc
/home/basmala/mir250_ws/install/mir_manual_navigation/lib/python3.10/site-packages/mir_manual_navigation/__pycache__/isaac_diff_controller.cpython-310.pyc
/home/basmala/mir250_ws/install/mir_manual_navigation/lib/python3.10/site-packages/mir_manual_navigation/__pycache__/isaac_diff_controller_debug.cpython-310.pyc
/home/basmala/mir250_ws/install/mir_manual_navigation/lib/python3.10/site-packages/mir_manual_navigation/__pycache__/initial_position_mir.cpython-310.pyc
/home/basmala/mir250_ws/install/mir_manual_navigation/share/ament_index/resource_index/packages/mir_manual_navigation
/home/basmala/mir250_ws/install/mir_manual_navigation/share/mir_manual_navigation/package.xml
/home/basmala/mir250_ws/install/mir_manual_navigation/share/mir_manual_navigation/launch/manual_control_launch.py
/home/basmala/mir250_ws/install/mir_manual_navigation/share/mir_manual_navigation/config/joy_init.yaml
/home/basmala/mir250_ws/install/mir_manual_navigation/share/mir_manual_navigation/config/joy_config.yaml
/home/basmala/mir250_ws/install/mir_manual_navigation/share/mir_manual_navigation/config/twist_mux.yaml
/home/basmala/mir250_ws/install/mir_manual_navigation/lib/python3.10/site-packages/mir_manual_navigation-0.0.0-py3.10.egg-info/dependency_links.txt
/home/basmala/mir250_ws/install/mir_manual_navigation/lib/python3.10/site-packages/mir_manual_navigation-0.0.0-py3.10.egg-info/entry_points.txt
/home/basmala/mir250_ws/install/mir_manual_navigation/lib/python3.10/site-packages/mir_manual_navigation-0.0.0-py3.10.egg-info/requires.txt
/home/basmala/mir250_ws/install/mir_manual_navigation/lib/python3.10/site-packages/mir_manual_navigation-0.0.0-py3.10.egg-info/PKG-INFO
/home/basmala/mir250_ws/install/mir_manual_navigation/lib/python3.10/site-packages/mir_manual_navigation-0.0.0-py3.10.egg-info/SOURCES.txt
/home/basmala/mir250_ws/install/mir_manual_navigation/lib/python3.10/site-packages/mir_manual_navigation-0.0.0-py3.10.egg-info/top_level.txt
/home/basmala/mir250_ws/install/mir_manual_navigation/lib/python3.10/site-packages/mir_manual_navigation-0.0.0-py3.10.egg-info/zip-safe
/home/basmala/mir250_ws/install/mir_manual_navigation/lib/mir_manual_navigation/cloud_transformation
/home/basmala/mir250_ws/install/mir_manual_navigation/lib/mir_manual_navigation/encoder_to_joint_state
/home/basmala/mir250_ws/install/mir_manual_navigation/lib/mir_manual_navigation/initial_position_mir
/home/basmala/mir250_ws/install/mir_manual_navigation/lib/mir_manual_navigation/isaac_calibration_test
/home/basmala/mir250_ws/install/mir_manual_navigation/lib/mir_manual_navigation/isaac_diff_controller
/home/basmala/mir250_ws/install/mir_manual_navigation/lib/mir_manual_navigation/isaac_diff_controller_debug
