[0.592s] Invoking command in '/home/basmala/mir250_ws/build/mir_navigation': AMENT_PREFIX_PATH=/home/basmala/mir250_ws/install/mir_driver:/home/basmala/mir250_ws/install/mir_msgs:/home/basmala/mir250_ws/install/mir_description:${AMENT_PREFIX_PATH} CMAKE_PREFIX_PATH=/home/basmala/mir250_ws/install/mir_msgs:/home/basmala/mir250_ws/install/mir_description:/opt/ros/humble LD_LIBRARY_PATH=/home/basmala/mir250_ws/install/mir_msgs/lib:${LD_LIBRARY_PATH} PYTHONPATH=/home/basmala/mir250_ws/install/mir_driver/lib/python3.10/site-packages:/home/basmala/mir250_ws/install/mir_msgs/local/lib/python3.10/dist-packages:${PYTHONPATH} /usr/bin/cmake /home/basmala/mir250_ws/src/MIR_250/mir_navigation -DCMAKE_INSTALL_PREFIX=/home/basmala/mir250_ws/install/mir_navigation
[0.678s] -- The C compiler identification is GNU 11.4.0
[0.759s] -- The CXX compiler identification is GNU 11.4.0
[0.772s] -- Detecting C compiler ABI info
[0.871s] -- Detecting C compiler ABI info - done
[0.885s] -- Check for working C compiler: /usr/bin/cc - skipped
[0.885s] -- Detecting C compile features
[0.886s] -- Detecting C compile features - done
[0.892s] -- Detecting CXX compiler ABI info
[1.015s] -- Detecting CXX compiler ABI info - done
[1.032s] -- Check for working CXX compiler: /usr/bin/c++ - skipped
[1.032s] -- Detecting CXX compile features
[1.032s] -- Detecting CXX compile features - done
[1.038s] -- Found ament_cmake: 1.3.14 (/opt/ros/humble/share/ament_cmake/cmake)
[1.279s] -- Found Python3: /usr/bin/python3 (found version "3.10.12") found components: Interpreter 
[1.429s] -- Found navigation2: 1.1.20 (/opt/ros/humble/share/navigation2/cmake)
[1.431s] -- Found slam_toolbox: 2.6.10 (/opt/ros/humble/share/slam_toolbox/cmake)
[1.480s] -- Found rosidl_generator_c: 3.1.8 (/opt/ros/humble/share/rosidl_generator_c/cmake)
[1.486s] -- Found rosidl_adapter: 3.1.8 (/opt/ros/humble/share/rosidl_adapter/cmake)
[1.498s] -- Found rosidl_generator_cpp: 3.1.8 (/opt/ros/humble/share/rosidl_generator_cpp/cmake)
[1.515s] -- Using all available rosidl_typesupport_c: rosidl_typesupport_fastrtps_c;rosidl_typesupport_introspection_c
[1.536s] -- Using all available rosidl_typesupport_cpp: rosidl_typesupport_fastrtps_cpp;rosidl_typesupport_introspection_cpp
[1.817s] -- Found rmw_implementation_cmake: 6.1.2 (/opt/ros/humble/share/rmw_implementation_cmake/cmake)
[1.820s] -- Found rmw_fastrtps_cpp: 6.2.10 (/opt/ros/humble/share/rmw_fastrtps_cpp/cmake)
[1.932s] -- Found OpenSSL: /usr/lib/x86_64-linux-gnu/libcrypto.so (found version "3.0.2")  
[1.958s] -- Found FastRTPS: /opt/ros/humble/include  
[1.999s] -- Using RMW implementation 'rmw_fastrtps_cpp' as default
[2.011s] -- Looking for pthread.h
[2.097s] -- Looking for pthread.h - found
[2.098s] -- Performing Test CMAKE_HAVE_LIBC_PTHREAD
[2.231s] -- Performing Test CMAKE_HAVE_LIBC_PTHREAD - Success
[2.232s] -- Found Threads: TRUE  
[2.479s] -- Found eigen3_cmake_module: 0.1.1 (/opt/ros/humble/share/eigen3_cmake_module/cmake)
[2.481s] -- Found Eigen3: TRUE (found version "3.4.0") 
[2.481s] -- Ensuring Eigen3 include directory is part of orocos-kdl CMake target
[2.528s] -- Setting assimp_DIR to: '/opt/ros/humble/share/rviz_assimp_vendor/cmake/../../../opt/rviz_assimp_vendor/lib/cmake/assimp-4.1'
[2.536s] -- Setting OGRE_DIR to: '/opt/ros/humble/share/rviz_ogre_vendor/cmake/../../../opt/rviz_ogre_vendor/lib/OGRE/cmake'
[2.538s] -- Found OGRE
[2.538s] --   static     : OFF
[2.538s] --   components : HLMS;MeshLodGenerator;Overlay;Paging;Property;RTShaderSystem;Terrain;Volume
[2.538s] --   plugins    : Plugin_BSPSceneManager;Plugin_OctreeSceneManager;Plugin_PCZSceneManager;Plugin_ParticleFX;RenderSystem_GL;RenderSystem_GL3Plus;Codec_STBI
[2.538s] --   media      : /opt/ros/humble/opt/rviz_ogre_vendor/share/OGRE/Media
[2.538s] -- OGRE_LIBRARIES: OgreHLMS;OgreMeshLodGenerator;OgreOverlay;OgrePaging;OgreProperty;OgreRTShaderSystem;OgreTerrain;OgreVolume;OgreMain
[2.538s] -- OGRE_LIBRARY_DIRS: /opt/ros/humble/opt/rviz_ogre_vendor/lib
[2.539s] -- OGRE_PLUGINS: Plugin_BSPSceneManager;Plugin_OctreeSceneManager;Plugin_PCZSceneManager;Plugin_ParticleFX;RenderSystem_GL;RenderSystem_GL3Plus;Codec_STBI
[2.539s] -- OGRE_PLUGIN_DIR: /opt/ros/humble/opt/rviz_ogre_vendor/lib/OGRE
[2.539s] -- rviz_ogre_vendor::OgreOverlay for IMPORTED_LOCATION_RELEASE: /opt/ros/humble/opt/rviz_ogre_vendor/lib/libOgreOverlay.so
[2.539s] -- rviz_ogre_vendor::OgreOverlay for IMPORTED_LOCATION_DEBUG: /opt/ros/humble/opt/rviz_ogre_vendor/lib/libOgreOverlay.so
[2.539s] -- rviz_ogre_vendor::OgreMain for IMPORTED_LOCATION_RELEASE: /opt/ros/humble/opt/rviz_ogre_vendor/lib/libOgreMain.so
[2.539s] -- rviz_ogre_vendor::OgreMain for IMPORTED_LOCATION_DEBUG: /opt/ros/humble/opt/rviz_ogre_vendor/lib/libOgreMain.so
[2.539s] -- Could not find freeimage library
[2.556s] -- Found ZLIB: /usr/lib/x86_64-linux-gnu/libz.so (found version "1.2.11") 
[2.561s] -- Found OpenGL: /usr/lib/x86_64-linux-gnu/libOpenGL.so   
[2.653s] -- Found X11: /usr/include   
[2.653s] -- Looking for XOpenDisplay in /usr/lib/x86_64-linux-gnu/libX11.so;/usr/lib/x86_64-linux-gnu/libXext.so
[2.737s] -- Looking for XOpenDisplay in /usr/lib/x86_64-linux-gnu/libX11.so;/usr/lib/x86_64-linux-gnu/libXext.so - found
[2.737s] -- Looking for gethostbyname
[2.828s] -- Looking for gethostbyname - found
[2.828s] -- Looking for connect
[2.919s] -- Looking for connect - found
[2.919s] -- Looking for remove
[3.016s] -- Looking for remove - found
[3.017s] -- Looking for shmat
[3.111s] -- Looking for shmat - found
[3.111s] -- Looking for IceConnectionNumber in ICE
[3.200s] -- Looking for IceConnectionNumber in ICE - found
[3.301s] -- library: /usr/lib/x86_64-linux-gnu/libcurl.so
[3.449s] -- Found ament_lint_auto: 0.12.15 (/opt/ros/humble/share/ament_lint_auto/cmake)
[3.567s] -- Added test 'copyright' to check source files copyright and LICENSE
[3.573s] -- Added test 'flake8' to check Python code syntax and style conventions
[3.574s] -- Added test 'lint_cmake' to check CMake code style
[3.574s] -- Added test 'pep257' to check Python code against some of the docstring style conventions in PEP 257
[3.578s] -- Added test 'xmllint' to check XML markup files
[3.580s] -- Configuring done
[3.588s] -- Generating done
[3.593s] -- Build files have been written to: /home/basmala/mir250_ws/build/mir_navigation
[3.611s] Invoked command in '/home/basmala/mir250_ws/build/mir_navigation' returned '0': AMENT_PREFIX_PATH=/home/basmala/mir250_ws/install/mir_driver:/home/basmala/mir250_ws/install/mir_msgs:/home/basmala/mir250_ws/install/mir_description:${AMENT_PREFIX_PATH} CMAKE_PREFIX_PATH=/home/basmala/mir250_ws/install/mir_msgs:/home/basmala/mir250_ws/install/mir_description:/opt/ros/humble LD_LIBRARY_PATH=/home/basmala/mir250_ws/install/mir_msgs/lib:${LD_LIBRARY_PATH} PYTHONPATH=/home/basmala/mir250_ws/install/mir_driver/lib/python3.10/site-packages:/home/basmala/mir250_ws/install/mir_msgs/local/lib/python3.10/dist-packages:${PYTHONPATH} /usr/bin/cmake /home/basmala/mir250_ws/src/MIR_250/mir_navigation -DCMAKE_INSTALL_PREFIX=/home/basmala/mir250_ws/install/mir_navigation
[3.612s] Invoking command in '/home/basmala/mir250_ws/build/mir_navigation': AMENT_PREFIX_PATH=/home/basmala/mir250_ws/install/mir_driver:/home/basmala/mir250_ws/install/mir_msgs:/home/basmala/mir250_ws/install/mir_description:${AMENT_PREFIX_PATH} CMAKE_PREFIX_PATH=/home/basmala/mir250_ws/install/mir_msgs:/home/basmala/mir250_ws/install/mir_description:/opt/ros/humble LD_LIBRARY_PATH=/home/basmala/mir250_ws/install/mir_msgs/lib:${LD_LIBRARY_PATH} PYTHONPATH=/home/basmala/mir250_ws/install/mir_driver/lib/python3.10/site-packages:/home/basmala/mir250_ws/install/mir_msgs/local/lib/python3.10/dist-packages:${PYTHONPATH} /usr/bin/cmake --build /home/basmala/mir250_ws/build/mir_navigation -- -j20 -l20
[3.671s] Invoked command in '/home/basmala/mir250_ws/build/mir_navigation' returned '0': AMENT_PREFIX_PATH=/home/basmala/mir250_ws/install/mir_driver:/home/basmala/mir250_ws/install/mir_msgs:/home/basmala/mir250_ws/install/mir_description:${AMENT_PREFIX_PATH} CMAKE_PREFIX_PATH=/home/basmala/mir250_ws/install/mir_msgs:/home/basmala/mir250_ws/install/mir_description:/opt/ros/humble LD_LIBRARY_PATH=/home/basmala/mir250_ws/install/mir_msgs/lib:${LD_LIBRARY_PATH} PYTHONPATH=/home/basmala/mir250_ws/install/mir_driver/lib/python3.10/site-packages:/home/basmala/mir250_ws/install/mir_msgs/local/lib/python3.10/dist-packages:${PYTHONPATH} /usr/bin/cmake --build /home/basmala/mir250_ws/build/mir_navigation -- -j20 -l20
[3.674s] Invoking command in '/home/basmala/mir250_ws/build/mir_navigation': AMENT_PREFIX_PATH=/home/basmala/mir250_ws/install/mir_driver:/home/basmala/mir250_ws/install/mir_msgs:/home/basmala/mir250_ws/install/mir_description:${AMENT_PREFIX_PATH} CMAKE_PREFIX_PATH=/home/basmala/mir250_ws/install/mir_msgs:/home/basmala/mir250_ws/install/mir_description:/opt/ros/humble LD_LIBRARY_PATH=/home/basmala/mir250_ws/install/mir_msgs/lib:${LD_LIBRARY_PATH} PYTHONPATH=/home/basmala/mir250_ws/install/mir_driver/lib/python3.10/site-packages:/home/basmala/mir250_ws/install/mir_msgs/local/lib/python3.10/dist-packages:${PYTHONPATH} /usr/bin/cmake --install /home/basmala/mir250_ws/build/mir_navigation
[3.684s] -- Install configuration: ""
[3.684s] -- Installing: /home/basmala/mir250_ws/install/mir_navigation/share/mir_navigation/config
[3.684s] -- Installing: /home/basmala/mir250_ws/install/mir_navigation/share/mir_navigation/config/mir_mapping_async_sim.yaml
[3.684s] -- Installing: /home/basmala/mir250_ws/install/mir_navigation/share/mir_navigation/config/mir_nav_params.yaml
[3.685s] -- Installing: /home/basmala/mir250_ws/install/mir_navigation/share/mir_navigation/config/mir_mapping_async.yaml
[3.685s] -- Installing: /home/basmala/mir250_ws/install/mir_navigation/share/mir_navigation/launch
[3.685s] -- Installing: /home/basmala/mir250_ws/install/mir_navigation/share/mir_navigation/launch/mir_nav_launch.py
[3.686s] -- Installing: /home/basmala/mir250_ws/install/mir_navigation/share/mir_navigation/launch/mir_mapping_launch.py
[3.686s] -- Installing: /home/basmala/mir250_ws/install/mir_navigation/share/mir_navigation/launch/include
[3.686s] -- Installing: /home/basmala/mir250_ws/install/mir_navigation/share/mir_navigation/launch/include/amcl.py
[3.686s] -- Installing: /home/basmala/mir250_ws/install/mir_navigation/share/mir_navigation/launch/include/mapping.py
[3.686s] -- Installing: /home/basmala/mir250_ws/install/mir_navigation/share/mir_navigation/launch/include/navigation.py
[3.687s] -- Installing: /home/basmala/mir250_ws/install/mir_navigation/share/mir_navigation/rviz
[3.687s] -- Installing: /home/basmala/mir250_ws/install/mir_navigation/share/mir_navigation/rviz/mir_nav.rviz
[3.687s] -- Installing: /home/basmala/mir250_ws/install/mir_navigation/share/mir_navigation/rviz/mir_mapping_manual.rviz
[3.687s] -- Installing: /home/basmala/mir250_ws/install/mir_navigation/share/mir_navigation/rviz/mir_mapping_nav.rviz
[3.687s] -- Installing: /home/basmala/mir250_ws/install/mir_navigation/share/mir_navigation/rviz/mir_mapping.rviz
[3.688s] -- Installing: /home/basmala/mir250_ws/install/mir_navigation/share/mir_navigation/rviz/mir_visu.rviz
[3.688s] -- Installing: /home/basmala/mir250_ws/install/mir_navigation/share/mir_navigation/maps
[3.688s] -- Installing: /home/basmala/mir250_ws/install/mir_navigation/share/mir_navigation/maps/test_TER_1.posegraph
[3.720s] -- Installing: /home/basmala/mir250_ws/install/mir_navigation/share/mir_navigation/maps/test_TER_1.data
[3.738s] -- Installing: /home/basmala/mir250_ws/install/mir_navigation/share/mir_navigation/maps/test_TER_1.yaml
[3.738s] -- Installing: /home/basmala/mir250_ws/install/mir_navigation/share/mir_navigation/maps/test_TER_1.pgm
[3.738s] -- Installing: /home/basmala/mir250_ws/install/mir_navigation/share/mir_navigation/behavior_trees
[3.738s] -- Installing: /home/basmala/mir250_ws/install/mir_navigation/share/mir_navigation/behavior_trees/navigate_to_pose_w_replanning_and_recovery.xml
[3.739s] -- Installing: /home/basmala/mir250_ws/install/mir_navigation/share/ament_index/resource_index/package_run_dependencies/mir_navigation
[3.739s] -- Installing: /home/basmala/mir250_ws/install/mir_navigation/share/ament_index/resource_index/parent_prefix_path/mir_navigation
[3.739s] -- Installing: /home/basmala/mir250_ws/install/mir_navigation/share/mir_navigation/environment/ament_prefix_path.sh
[3.739s] -- Installing: /home/basmala/mir250_ws/install/mir_navigation/share/mir_navigation/environment/ament_prefix_path.dsv
[3.740s] -- Installing: /home/basmala/mir250_ws/install/mir_navigation/share/mir_navigation/environment/path.sh
[3.740s] -- Installing: /home/basmala/mir250_ws/install/mir_navigation/share/mir_navigation/environment/path.dsv
[3.740s] -- Installing: /home/basmala/mir250_ws/install/mir_navigation/share/mir_navigation/local_setup.bash
[3.740s] -- Installing: /home/basmala/mir250_ws/install/mir_navigation/share/mir_navigation/local_setup.sh
[3.740s] -- Installing: /home/basmala/mir250_ws/install/mir_navigation/share/mir_navigation/local_setup.zsh
[3.740s] -- Installing: /home/basmala/mir250_ws/install/mir_navigation/share/mir_navigation/local_setup.dsv
[3.740s] -- Installing: /home/basmala/mir250_ws/install/mir_navigation/share/mir_navigation/package.dsv
[3.741s] -- Installing: /home/basmala/mir250_ws/install/mir_navigation/share/ament_index/resource_index/packages/mir_navigation
[3.741s] -- Installing: /home/basmala/mir250_ws/install/mir_navigation/share/mir_navigation/cmake/mir_navigationConfig.cmake
[3.741s] -- Installing: /home/basmala/mir250_ws/install/mir_navigation/share/mir_navigation/cmake/mir_navigationConfig-version.cmake
[3.741s] -- Installing: /home/basmala/mir250_ws/install/mir_navigation/share/mir_navigation/package.xml
[3.744s] Invoked command in '/home/basmala/mir250_ws/build/mir_navigation' returned '0': AMENT_PREFIX_PATH=/home/basmala/mir250_ws/install/mir_driver:/home/basmala/mir250_ws/install/mir_msgs:/home/basmala/mir250_ws/install/mir_description:${AMENT_PREFIX_PATH} CMAKE_PREFIX_PATH=/home/basmala/mir250_ws/install/mir_msgs:/home/basmala/mir250_ws/install/mir_description:/opt/ros/humble LD_LIBRARY_PATH=/home/basmala/mir250_ws/install/mir_msgs/lib:${LD_LIBRARY_PATH} PYTHONPATH=/home/basmala/mir250_ws/install/mir_driver/lib/python3.10/site-packages:/home/basmala/mir250_ws/install/mir_msgs/local/lib/python3.10/dist-packages:${PYTHONPATH} /usr/bin/cmake --install /home/basmala/mir250_ws/build/mir_navigation
