-- The C compiler identification is GNU 11.4.0
-- The CXX compiler identification is GNU 11.4.0
-- Detecting C compiler ABI info
-- Detecting C compiler ABI info - done
-- Check for working C compiler: /usr/bin/cc - skipped
-- Detecting C compile features
-- Detecting C compile features - done
-- Detecting CXX compiler ABI info
-- Detecting CXX compiler ABI info - done
-- Check for working CXX compiler: /usr/bin/c++ - skipped
-- Detecting CXX compile features
-- Detecting CXX compile features - done
-- Found ament_cmake: 1.3.14 (/opt/ros/humble/share/ament_cmake/cmake)
-- Found Python3: /usr/bin/python3 (found version "3.10.12") found components: Interpreter 
-- Found builtin_interfaces: 1.2.2 (/opt/ros/humble/share/builtin_interfaces/cmake)
-- Found rosidl_generator_c: 3.1.8 (/opt/ros/humble/share/rosidl_generator_c/cmake)
-- Found rosidl_adapter: 3.1.8 (/opt/ros/humble/share/rosidl_adapter/cmake)
-- Found rosidl_generator_cpp: 3.1.8 (/opt/ros/humble/share/rosidl_generator_cpp/cmake)
-- Using all available rosidl_typesupport_c: rosidl_typesupport_fastrtps_c;rosidl_typesupport_introspection_c
-- Using all available rosidl_typesupport_cpp: rosidl_typesupport_fastrtps_cpp;rosidl_typesupport_introspection_cpp
-- Found rosidl_default_generators: 1.2.1 (/opt/ros/humble/share/rosidl_default_generators/cmake)
-- Found std_msgs: 4.9.1 (/opt/ros/humble/share/std_msgs/cmake)
-- Found ament_cmake_ros: 0.10.0 (/opt/ros/humble/share/ament_cmake_ros/cmake)
-- Using all available rosidl_typesupport_c: rosidl_typesupport_fastrtps_c;rosidl_typesupport_introspection_c
-- Using all available rosidl_typesupport_cpp: rosidl_typesupport_fastrtps_cpp;rosidl_typesupport_introspection_cpp
-- Found PythonInterp: /usr/bin/python3 (found suitable version "3.10.12", minimum required is "3.6") 
-- Found python_cmake_module: 0.10.0 (/opt/ros/humble/share/python_cmake_module/cmake)
-- Found PythonLibs: /usr/lib/x86_64-linux-gnu/libpython3.10.so (found suitable version "3.10.12", minimum required is "3.5") 
-- Using PYTHON_EXECUTABLE: /usr/bin/python3
-- Using PYTHON_INCLUDE_DIRS: /usr/include/python3.10
-- Using PYTHON_LIBRARIES: /usr/lib/x86_64-linux-gnu/libpython3.10.so
-- Found PythonExtra: .so  
-- Configuring done
-- Generating done
-- Build files have been written to: /home/basmala/mir250_ws/src/MiR250/MIR_250/build/sdc21x0
[  1%] [34m[1mGenerating C code for ROS interfaces[0m
[  3%] [34m[1mGenerating Rust code for ROS interfaces[0m
[  5%] [34m[1mGenerating C++ code for ROS interfaces[0m
[  5%] Built target ament_cmake_python_copy_sdc21x0
running egg_info
creating sdc21x0.egg-info
writing sdc21x0.egg-info/PKG-INFO
writing dependency_links to sdc21x0.egg-info/dependency_links.txt
writing top-level names to sdc21x0.egg-info/top_level.txt
writing manifest file 'sdc21x0.egg-info/SOURCES.txt'
reading manifest file 'sdc21x0.egg-info/SOURCES.txt'
writing manifest file 'sdc21x0.egg-info/SOURCES.txt'
[  5%] Built target ament_cmake_python_build_sdc21x0_egg
[  5%] Built target sdc21x0__rs
[  7%] [32mBuilding C object CMakeFiles/sdc21x0__rosidl_generator_c.dir/rosidl_generator_c/sdc21x0/msg/detail/motor_currents__functions.c.o[0m
[  8%] [32mBuilding C object CMakeFiles/sdc21x0__rosidl_generator_c.dir/rosidl_generator_c/sdc21x0/msg/detail/encoders__functions.c.o[0m
[ 10%] [32mBuilding C object CMakeFiles/sdc21x0__rosidl_generator_c.dir/rosidl_generator_c/sdc21x0/msg/detail/stamped_encoders__functions.c.o[0m
[ 12%] [32mBuilding C object CMakeFiles/sdc21x0__rosidl_generator_c.dir/rosidl_generator_c/sdc21x0/srv/detail/flags__functions.c.o[0m
[ 12%] Built target sdc21x0__cpp
[ 14%] [34m[1mGenerating C++ introspection for ROS interfaces[0m
[ 16%] [34m[1mGenerating C++ type support dispatch for ROS interfaces[0m
[ 17%] [34m[1mGenerating C++ type support for eProsima Fast-RTPS[0m
[ 19%] [32m[1mLinking C shared library libsdc21x0__rosidl_generator_c.so[0m
[ 19%] Built target sdc21x0__rosidl_generator_c
[ 21%] [34m[1mGenerating C introspection for ROS interfaces[0m
[ 23%] [34m[1mGenerating C type support for eProsima Fast-RTPS[0m
[ 25%] [34m[1mGenerating C type support dispatch for ROS interfaces[0m
[ 30%] [32mBuilding CXX object CMakeFiles/sdc21x0__rosidl_typesupport_cpp.dir/rosidl_typesupport_cpp/sdc21x0/msg/motor_currents__type_support.cpp.o[0m
[ 30%] [32mBuilding CXX object CMakeFiles/sdc21x0__rosidl_typesupport_cpp.dir/rosidl_typesupport_cpp/sdc21x0/msg/stamped_encoders__type_support.cpp.o[0m
[ 30%] [32mBuilding CXX object CMakeFiles/sdc21x0__rosidl_typesupport_cpp.dir/rosidl_typesupport_cpp/sdc21x0/msg/encoders__type_support.cpp.o[0m
[ 32%] [32mBuilding CXX object CMakeFiles/sdc21x0__rosidl_typesupport_cpp.dir/rosidl_typesupport_cpp/sdc21x0/srv/flags__type_support.cpp.o[0m
[ 33%] [32mBuilding CXX object CMakeFiles/sdc21x0__rosidl_typesupport_fastrtps_cpp.dir/rosidl_typesupport_fastrtps_cpp/sdc21x0/msg/detail/dds_fastrtps/encoders__type_support.cpp.o[0m
[ 35%] [32mBuilding CXX object CMakeFiles/sdc21x0__rosidl_typesupport_fastrtps_cpp.dir/rosidl_typesupport_fastrtps_cpp/sdc21x0/msg/detail/dds_fastrtps/stamped_encoders__type_support.cpp.o[0m
[ 37%] [32mBuilding CXX object CMakeFiles/sdc21x0__rosidl_typesupport_fastrtps_cpp.dir/rosidl_typesupport_fastrtps_cpp/sdc21x0/msg/detail/dds_fastrtps/motor_currents__type_support.cpp.o[0m
[ 39%] [32mBuilding CXX object CMakeFiles/sdc21x0__rosidl_typesupport_fastrtps_cpp.dir/rosidl_typesupport_fastrtps_cpp/sdc21x0/srv/detail/dds_fastrtps/flags__type_support.cpp.o[0m
[ 41%] [32mBuilding CXX object CMakeFiles/sdc21x0__rosidl_typesupport_c.dir/rosidl_typesupport_c/sdc21x0/msg/stamped_encoders__type_support.cpp.o[0m
[ 42%] [32mBuilding CXX object CMakeFiles/sdc21x0__rosidl_typesupport_c.dir/rosidl_typesupport_c/sdc21x0/msg/encoders__type_support.cpp.o[0m
[ 44%] [32mBuilding CXX object CMakeFiles/sdc21x0__rosidl_typesupport_c.dir/rosidl_typesupport_c/sdc21x0/msg/motor_currents__type_support.cpp.o[0m
[ 46%] [32mBuilding CXX object CMakeFiles/sdc21x0__rosidl_typesupport_c.dir/rosidl_typesupport_c/sdc21x0/srv/flags__type_support.cpp.o[0m
[ 48%] [32mBuilding C object CMakeFiles/sdc21x0__rosidl_typesupport_introspection_c.dir/rosidl_typesupport_introspection_c/sdc21x0/msg/detail/encoders__type_support.c.o[0m
[ 50%] [32mBuilding CXX object CMakeFiles/sdc21x0__rosidl_typesupport_fastrtps_c.dir/rosidl_typesupport_fastrtps_c/sdc21x0/msg/detail/encoders__type_support_c.cpp.o[0m
[ 51%] [32mBuilding C object CMakeFiles/sdc21x0__rosidl_typesupport_introspection_c.dir/rosidl_typesupport_introspection_c/sdc21x0/msg/detail/stamped_encoders__type_support.c.o[0m
[ 53%] [32mBuilding C object CMakeFiles/sdc21x0__rosidl_typesupport_introspection_c.dir/rosidl_typesupport_introspection_c/sdc21x0/msg/detail/motor_currents__type_support.c.o[0m
[ 55%] [32mBuilding C object CMakeFiles/sdc21x0__rosidl_typesupport_introspection_c.dir/rosidl_typesupport_introspection_c/sdc21x0/srv/detail/flags__type_support.c.o[0m
[ 57%] [32mBuilding CXX object CMakeFiles/sdc21x0__rosidl_typesupport_fastrtps_c.dir/rosidl_typesupport_fastrtps_c/sdc21x0/msg/detail/motor_currents__type_support_c.cpp.o[0m
[ 58%] [32mBuilding CXX object CMakeFiles/sdc21x0__rosidl_typesupport_fastrtps_c.dir/rosidl_typesupport_fastrtps_c/sdc21x0/msg/detail/stamped_encoders__type_support_c.cpp.o[0m
[ 60%] [32mBuilding CXX object CMakeFiles/sdc21x0__rosidl_typesupport_fastrtps_c.dir/rosidl_typesupport_fastrtps_c/sdc21x0/srv/detail/flags__type_support_c.cpp.o[0m
[ 62%] [32mBuilding CXX object CMakeFiles/sdc21x0__rosidl_typesupport_introspection_cpp.dir/rosidl_typesupport_introspection_cpp/sdc21x0/msg/detail/encoders__type_support.cpp.o[0m
[ 64%] [32mBuilding CXX object CMakeFiles/sdc21x0__rosidl_typesupport_introspection_cpp.dir/rosidl_typesupport_introspection_cpp/sdc21x0/msg/detail/motor_currents__type_support.cpp.o[0m
[ 66%] [32mBuilding CXX object CMakeFiles/sdc21x0__rosidl_typesupport_introspection_cpp.dir/rosidl_typesupport_introspection_cpp/sdc21x0/msg/detail/stamped_encoders__type_support.cpp.o[0m
[ 67%] [32mBuilding CXX object CMakeFiles/sdc21x0__rosidl_typesupport_introspection_cpp.dir/rosidl_typesupport_introspection_cpp/sdc21x0/srv/detail/flags__type_support.cpp.o[0m
[ 69%] [32m[1mLinking CXX shared library libsdc21x0__rosidl_typesupport_c.so[0m
[ 71%] [32m[1mLinking C shared library libsdc21x0__rosidl_typesupport_introspection_c.so[0m
[ 71%] Built target sdc21x0__rosidl_typesupport_c
[ 71%] Built target sdc21x0__rosidl_typesupport_introspection_c
[ 73%] [32m[1mLinking CXX shared library libsdc21x0__rosidl_typesupport_cpp.so[0m
[ 73%] Built target sdc21x0__rosidl_typesupport_cpp
[ 75%] [32m[1mLinking CXX shared library libsdc21x0__rosidl_typesupport_fastrtps_cpp.so[0m
[ 76%] [32m[1mLinking CXX shared library libsdc21x0__rosidl_typesupport_fastrtps_c.so[0m
[ 78%] [32m[1mLinking CXX shared library libsdc21x0__rosidl_typesupport_introspection_cpp.so[0m
[ 78%] Built target sdc21x0__rosidl_typesupport_fastrtps_cpp
[ 78%] Built target sdc21x0__rosidl_typesupport_fastrtps_c
[ 78%] Built target sdc21x0__rosidl_typesupport_introspection_cpp
[ 78%] Built target sdc21x0
[ 80%] [34m[1mGenerating Python code for ROS interfaces[0m
[ 80%] Built target sdc21x0__py
[ 82%] [32mBuilding C object CMakeFiles/sdc21x0__rosidl_generator_py.dir/rosidl_generator_py/sdc21x0/msg/_motor_currents_s.c.o[0m
[ 85%] [32mBuilding C object CMakeFiles/sdc21x0__rosidl_generator_py.dir/rosidl_generator_py/sdc21x0/msg/_encoders_s.c.o[0m
[ 85%] [32mBuilding C object CMakeFiles/sdc21x0__rosidl_generator_py.dir/rosidl_generator_py/sdc21x0/srv/_flags_s.c.o[0m
[ 87%] [32mBuilding C object CMakeFiles/sdc21x0__rosidl_generator_py.dir/rosidl_generator_py/sdc21x0/msg/_stamped_encoders_s.c.o[0m
[ 89%] [32m[1mLinking C shared library rosidl_generator_py/sdc21x0/libsdc21x0__rosidl_generator_py.so[0m
[ 89%] Built target sdc21x0__rosidl_generator_py
[ 91%] [32mBuilding C object CMakeFiles/sdc21x0__rosidl_typesupport_introspection_c__pyext.dir/rosidl_generator_py/sdc21x0/_sdc21x0_s.ep.rosidl_typesupport_introspection_c.c.o[0m
[ 92%] [32mBuilding C object CMakeFiles/sdc21x0__rosidl_typesupport_c__pyext.dir/rosidl_generator_py/sdc21x0/_sdc21x0_s.ep.rosidl_typesupport_c.c.o[0m
[ 94%] [32mBuilding C object CMakeFiles/sdc21x0__rosidl_typesupport_fastrtps_c__pyext.dir/rosidl_generator_py/sdc21x0/_sdc21x0_s.ep.rosidl_typesupport_fastrtps_c.c.o[0m
[ 96%] [32m[1mLinking C shared library rosidl_generator_py/sdc21x0/sdc21x0_s__rosidl_typesupport_introspection_c.cpython-310-x86_64-linux-gnu.so[0m
[ 98%] [32m[1mLinking C shared library rosidl_generator_py/sdc21x0/sdc21x0_s__rosidl_typesupport_c.cpython-310-x86_64-linux-gnu.so[0m
[100%] [32m[1mLinking C shared library rosidl_generator_py/sdc21x0/sdc21x0_s__rosidl_typesupport_fastrtps_c.cpython-310-x86_64-linux-gnu.so[0m
[100%] Built target sdc21x0__rosidl_typesupport_introspection_c__pyext
[100%] Built target sdc21x0__rosidl_typesupport_c__pyext
[100%] Built target sdc21x0__rosidl_typesupport_fastrtps_c__pyext
-- Install configuration: ""
-- Installing: /home/basmala/mir250_ws/src/MiR250/MIR_250/install/sdc21x0/share/ament_index/resource_index/rosidl_interfaces/sdc21x0
-- Installing: /home/basmala/mir250_ws/src/MiR250/MIR_250/install/sdc21x0/include/sdc21x0/sdc21x0
-- Installing: /home/basmala/mir250_ws/src/MiR250/MIR_250/install/sdc21x0/include/sdc21x0/sdc21x0/srv
-- Installing: /home/basmala/mir250_ws/src/MiR250/MIR_250/install/sdc21x0/include/sdc21x0/sdc21x0/srv/flags.h
-- Installing: /home/basmala/mir250_ws/src/MiR250/MIR_250/install/sdc21x0/include/sdc21x0/sdc21x0/srv/detail
-- Installing: /home/basmala/mir250_ws/src/MiR250/MIR_250/install/sdc21x0/include/sdc21x0/sdc21x0/srv/detail/flags__functions.c
-- Installing: /home/basmala/mir250_ws/src/MiR250/MIR_250/install/sdc21x0/include/sdc21x0/sdc21x0/srv/detail/flags__struct.h
-- Installing: /home/basmala/mir250_ws/src/MiR250/MIR_250/install/sdc21x0/include/sdc21x0/sdc21x0/srv/detail/flags__functions.h
-- Installing: /home/basmala/mir250_ws/src/MiR250/MIR_250/install/sdc21x0/include/sdc21x0/sdc21x0/srv/detail/flags__type_support.h
-- Installing: /home/basmala/mir250_ws/src/MiR250/MIR_250/install/sdc21x0/include/sdc21x0/sdc21x0/msg
-- Installing: /home/basmala/mir250_ws/src/MiR250/MIR_250/install/sdc21x0/include/sdc21x0/sdc21x0/msg/stamped_encoders.h
-- Installing: /home/basmala/mir250_ws/src/MiR250/MIR_250/install/sdc21x0/include/sdc21x0/sdc21x0/msg/motor_currents.h
-- Installing: /home/basmala/mir250_ws/src/MiR250/MIR_250/install/sdc21x0/include/sdc21x0/sdc21x0/msg/encoders.h
-- Installing: /home/basmala/mir250_ws/src/MiR250/MIR_250/install/sdc21x0/include/sdc21x0/sdc21x0/msg/rosidl_generator_c__visibility_control.h
-- Installing: /home/basmala/mir250_ws/src/MiR250/MIR_250/install/sdc21x0/include/sdc21x0/sdc21x0/msg/detail
-- Installing: /home/basmala/mir250_ws/src/MiR250/MIR_250/install/sdc21x0/include/sdc21x0/sdc21x0/msg/detail/motor_currents__type_support.h
-- Installing: /home/basmala/mir250_ws/src/MiR250/MIR_250/install/sdc21x0/include/sdc21x0/sdc21x0/msg/detail/encoders__functions.c
-- Installing: /home/basmala/mir250_ws/src/MiR250/MIR_250/install/sdc21x0/include/sdc21x0/sdc21x0/msg/detail/encoders__type_support.h
-- Installing: /home/basmala/mir250_ws/src/MiR250/MIR_250/install/sdc21x0/include/sdc21x0/sdc21x0/msg/detail/encoders__struct.h
-- Installing: /home/basmala/mir250_ws/src/MiR250/MIR_250/install/sdc21x0/include/sdc21x0/sdc21x0/msg/detail/stamped_encoders__type_support.h
-- Installing: /home/basmala/mir250_ws/src/MiR250/MIR_250/install/sdc21x0/include/sdc21x0/sdc21x0/msg/detail/stamped_encoders__functions.h
-- Installing: /home/basmala/mir250_ws/src/MiR250/MIR_250/install/sdc21x0/include/sdc21x0/sdc21x0/msg/detail/motor_currents__functions.c
-- Installing: /home/basmala/mir250_ws/src/MiR250/MIR_250/install/sdc21x0/include/sdc21x0/sdc21x0/msg/detail/stamped_encoders__functions.c
-- Installing: /home/basmala/mir250_ws/src/MiR250/MIR_250/install/sdc21x0/include/sdc21x0/sdc21x0/msg/detail/stamped_encoders__struct.h
-- Installing: /home/basmala/mir250_ws/src/MiR250/MIR_250/install/sdc21x0/include/sdc21x0/sdc21x0/msg/detail/encoders__functions.h
-- Installing: /home/basmala/mir250_ws/src/MiR250/MIR_250/install/sdc21x0/include/sdc21x0/sdc21x0/msg/detail/motor_currents__struct.h
-- Installing: /home/basmala/mir250_ws/src/MiR250/MIR_250/install/sdc21x0/include/sdc21x0/sdc21x0/msg/detail/motor_currents__functions.h
-- Installing: /home/basmala/mir250_ws/src/MiR250/MIR_250/install/sdc21x0/share/sdc21x0/environment/library_path.sh
-- Installing: /home/basmala/mir250_ws/src/MiR250/MIR_250/install/sdc21x0/share/sdc21x0/environment/library_path.dsv
-- Installing: /home/basmala/mir250_ws/src/MiR250/MIR_250/install/sdc21x0/lib/libsdc21x0__rosidl_generator_c.so
-- Set runtime path of "/home/basmala/mir250_ws/src/MiR250/MIR_250/install/sdc21x0/lib/libsdc21x0__rosidl_generator_c.so" to ""
-- Up-to-date: /home/basmala/mir250_ws/src/MiR250/MIR_250/install/sdc21x0/include/sdc21x0/sdc21x0
-- Up-to-date: /home/basmala/mir250_ws/src/MiR250/MIR_250/install/sdc21x0/include/sdc21x0/sdc21x0/srv
-- Up-to-date: /home/basmala/mir250_ws/src/MiR250/MIR_250/install/sdc21x0/include/sdc21x0/sdc21x0/srv/detail
-- Installing: /home/basmala/mir250_ws/src/MiR250/MIR_250/install/sdc21x0/include/sdc21x0/sdc21x0/srv/detail/flags__rosidl_typesupport_fastrtps_c.h
-- Up-to-date: /home/basmala/mir250_ws/src/MiR250/MIR_250/install/sdc21x0/include/sdc21x0/sdc21x0/msg
-- Up-to-date: /home/basmala/mir250_ws/src/MiR250/MIR_250/install/sdc21x0/include/sdc21x0/sdc21x0/msg/detail
-- Installing: /home/basmala/mir250_ws/src/MiR250/MIR_250/install/sdc21x0/include/sdc21x0/sdc21x0/msg/detail/motor_currents__rosidl_typesupport_fastrtps_c.h
-- Installing: /home/basmala/mir250_ws/src/MiR250/MIR_250/install/sdc21x0/include/sdc21x0/sdc21x0/msg/detail/stamped_encoders__rosidl_typesupport_fastrtps_c.h
-- Installing: /home/basmala/mir250_ws/src/MiR250/MIR_250/install/sdc21x0/include/sdc21x0/sdc21x0/msg/detail/encoders__rosidl_typesupport_fastrtps_c.h
-- Installing: /home/basmala/mir250_ws/src/MiR250/MIR_250/install/sdc21x0/include/sdc21x0/sdc21x0/msg/rosidl_typesupport_fastrtps_c__visibility_control.h
-- Installing: /home/basmala/mir250_ws/src/MiR250/MIR_250/install/sdc21x0/lib/libsdc21x0__rosidl_typesupport_fastrtps_c.so
-- Set runtime path of "/home/basmala/mir250_ws/src/MiR250/MIR_250/install/sdc21x0/lib/libsdc21x0__rosidl_typesupport_fastrtps_c.so" to ""
-- Up-to-date: /home/basmala/mir250_ws/src/MiR250/MIR_250/install/sdc21x0/include/sdc21x0/sdc21x0
-- Up-to-date: /home/basmala/mir250_ws/src/MiR250/MIR_250/install/sdc21x0/include/sdc21x0/sdc21x0/srv
-- Up-to-date: /home/basmala/mir250_ws/src/MiR250/MIR_250/install/sdc21x0/include/sdc21x0/sdc21x0/srv/detail
-- Installing: /home/basmala/mir250_ws/src/MiR250/MIR_250/install/sdc21x0/include/sdc21x0/sdc21x0/srv/detail/flags__builder.hpp
-- Installing: /home/basmala/mir250_ws/src/MiR250/MIR_250/install/sdc21x0/include/sdc21x0/sdc21x0/srv/detail/flags__struct.hpp
-- Installing: /home/basmala/mir250_ws/src/MiR250/MIR_250/install/sdc21x0/include/sdc21x0/sdc21x0/srv/detail/flags__traits.hpp
-- Installing: /home/basmala/mir250_ws/src/MiR250/MIR_250/install/sdc21x0/include/sdc21x0/sdc21x0/srv/detail/flags__type_support.hpp
-- Installing: /home/basmala/mir250_ws/src/MiR250/MIR_250/install/sdc21x0/include/sdc21x0/sdc21x0/srv/flags.hpp
-- Up-to-date: /home/basmala/mir250_ws/src/MiR250/MIR_250/install/sdc21x0/include/sdc21x0/sdc21x0/msg
-- Installing: /home/basmala/mir250_ws/src/MiR250/MIR_250/install/sdc21x0/include/sdc21x0/sdc21x0/msg/motor_currents.hpp
-- Installing: /home/basmala/mir250_ws/src/MiR250/MIR_250/install/sdc21x0/include/sdc21x0/sdc21x0/msg/rosidl_generator_cpp__visibility_control.hpp
-- Up-to-date: /home/basmala/mir250_ws/src/MiR250/MIR_250/install/sdc21x0/include/sdc21x0/sdc21x0/msg/detail
-- Installing: /home/basmala/mir250_ws/src/MiR250/MIR_250/install/sdc21x0/include/sdc21x0/sdc21x0/msg/detail/motor_currents__builder.hpp
-- Installing: /home/basmala/mir250_ws/src/MiR250/MIR_250/install/sdc21x0/include/sdc21x0/sdc21x0/msg/detail/stamped_encoders__traits.hpp
-- Installing: /home/basmala/mir250_ws/src/MiR250/MIR_250/install/sdc21x0/include/sdc21x0/sdc21x0/msg/detail/encoders__traits.hpp
-- Installing: /home/basmala/mir250_ws/src/MiR250/MIR_250/install/sdc21x0/include/sdc21x0/sdc21x0/msg/detail/motor_currents__traits.hpp
-- Installing: /home/basmala/mir250_ws/src/MiR250/MIR_250/install/sdc21x0/include/sdc21x0/sdc21x0/msg/detail/stamped_encoders__struct.hpp
-- Installing: /home/basmala/mir250_ws/src/MiR250/MIR_250/install/sdc21x0/include/sdc21x0/sdc21x0/msg/detail/encoders__builder.hpp
-- Installing: /home/basmala/mir250_ws/src/MiR250/MIR_250/install/sdc21x0/include/sdc21x0/sdc21x0/msg/detail/motor_currents__struct.hpp
-- Installing: /home/basmala/mir250_ws/src/MiR250/MIR_250/install/sdc21x0/include/sdc21x0/sdc21x0/msg/detail/stamped_encoders__builder.hpp
-- Installing: /home/basmala/mir250_ws/src/MiR250/MIR_250/install/sdc21x0/include/sdc21x0/sdc21x0/msg/detail/motor_currents__type_support.hpp
-- Installing: /home/basmala/mir250_ws/src/MiR250/MIR_250/install/sdc21x0/include/sdc21x0/sdc21x0/msg/detail/encoders__struct.hpp
-- Installing: /home/basmala/mir250_ws/src/MiR250/MIR_250/install/sdc21x0/include/sdc21x0/sdc21x0/msg/detail/encoders__type_support.hpp
-- Installing: /home/basmala/mir250_ws/src/MiR250/MIR_250/install/sdc21x0/include/sdc21x0/sdc21x0/msg/detail/stamped_encoders__type_support.hpp
-- Installing: /home/basmala/mir250_ws/src/MiR250/MIR_250/install/sdc21x0/include/sdc21x0/sdc21x0/msg/encoders.hpp
-- Installing: /home/basmala/mir250_ws/src/MiR250/MIR_250/install/sdc21x0/include/sdc21x0/sdc21x0/msg/stamped_encoders.hpp
-- Up-to-date: /home/basmala/mir250_ws/src/MiR250/MIR_250/install/sdc21x0/include/sdc21x0/sdc21x0
-- Up-to-date: /home/basmala/mir250_ws/src/MiR250/MIR_250/install/sdc21x0/include/sdc21x0/sdc21x0/srv
-- Up-to-date: /home/basmala/mir250_ws/src/MiR250/MIR_250/install/sdc21x0/include/sdc21x0/sdc21x0/srv/detail
-- Installing: /home/basmala/mir250_ws/src/MiR250/MIR_250/install/sdc21x0/include/sdc21x0/sdc21x0/srv/detail/dds_fastrtps
-- Installing: /home/basmala/mir250_ws/src/MiR250/MIR_250/install/sdc21x0/include/sdc21x0/sdc21x0/srv/detail/flags__rosidl_typesupport_fastrtps_cpp.hpp
-- Up-to-date: /home/basmala/mir250_ws/src/MiR250/MIR_250/install/sdc21x0/include/sdc21x0/sdc21x0/msg
-- Installing: /home/basmala/mir250_ws/src/MiR250/MIR_250/install/sdc21x0/include/sdc21x0/sdc21x0/msg/rosidl_typesupport_fastrtps_cpp__visibility_control.h
-- Up-to-date: /home/basmala/mir250_ws/src/MiR250/MIR_250/install/sdc21x0/include/sdc21x0/sdc21x0/msg/detail
-- Installing: /home/basmala/mir250_ws/src/MiR250/MIR_250/install/sdc21x0/include/sdc21x0/sdc21x0/msg/detail/encoders__rosidl_typesupport_fastrtps_cpp.hpp
-- Installing: /home/basmala/mir250_ws/src/MiR250/MIR_250/install/sdc21x0/include/sdc21x0/sdc21x0/msg/detail/motor_currents__rosidl_typesupport_fastrtps_cpp.hpp
-- Installing: /home/basmala/mir250_ws/src/MiR250/MIR_250/install/sdc21x0/include/sdc21x0/sdc21x0/msg/detail/dds_fastrtps
-- Installing: /home/basmala/mir250_ws/src/MiR250/MIR_250/install/sdc21x0/include/sdc21x0/sdc21x0/msg/detail/stamped_encoders__rosidl_typesupport_fastrtps_cpp.hpp
-- Installing: /home/basmala/mir250_ws/src/MiR250/MIR_250/install/sdc21x0/lib/libsdc21x0__rosidl_typesupport_fastrtps_cpp.so
-- Set runtime path of "/home/basmala/mir250_ws/src/MiR250/MIR_250/install/sdc21x0/lib/libsdc21x0__rosidl_typesupport_fastrtps_cpp.so" to ""
-- Up-to-date: /home/basmala/mir250_ws/src/MiR250/MIR_250/install/sdc21x0/include/sdc21x0/sdc21x0
-- Up-to-date: /home/basmala/mir250_ws/src/MiR250/MIR_250/install/sdc21x0/include/sdc21x0/sdc21x0/srv
-- Up-to-date: /home/basmala/mir250_ws/src/MiR250/MIR_250/install/sdc21x0/include/sdc21x0/sdc21x0/srv/detail
-- Installing: /home/basmala/mir250_ws/src/MiR250/MIR_250/install/sdc21x0/include/sdc21x0/sdc21x0/srv/detail/flags__rosidl_typesupport_introspection_c.h
-- Installing: /home/basmala/mir250_ws/src/MiR250/MIR_250/install/sdc21x0/include/sdc21x0/sdc21x0/srv/detail/flags__type_support.c
-- Up-to-date: /home/basmala/mir250_ws/src/MiR250/MIR_250/install/sdc21x0/include/sdc21x0/sdc21x0/msg
-- Up-to-date: /home/basmala/mir250_ws/src/MiR250/MIR_250/install/sdc21x0/include/sdc21x0/sdc21x0/msg/detail
-- Installing: /home/basmala/mir250_ws/src/MiR250/MIR_250/install/sdc21x0/include/sdc21x0/sdc21x0/msg/detail/motor_currents__type_support.c
-- Installing: /home/basmala/mir250_ws/src/MiR250/MIR_250/install/sdc21x0/include/sdc21x0/sdc21x0/msg/detail/encoders__type_support.c
-- Installing: /home/basmala/mir250_ws/src/MiR250/MIR_250/install/sdc21x0/include/sdc21x0/sdc21x0/msg/detail/motor_currents__rosidl_typesupport_introspection_c.h
-- Installing: /home/basmala/mir250_ws/src/MiR250/MIR_250/install/sdc21x0/include/sdc21x0/sdc21x0/msg/detail/stamped_encoders__rosidl_typesupport_introspection_c.h
-- Installing: /home/basmala/mir250_ws/src/MiR250/MIR_250/install/sdc21x0/include/sdc21x0/sdc21x0/msg/detail/encoders__rosidl_typesupport_introspection_c.h
-- Installing: /home/basmala/mir250_ws/src/MiR250/MIR_250/install/sdc21x0/include/sdc21x0/sdc21x0/msg/detail/stamped_encoders__type_support.c
-- Installing: /home/basmala/mir250_ws/src/MiR250/MIR_250/install/sdc21x0/include/sdc21x0/sdc21x0/msg/rosidl_typesupport_introspection_c__visibility_control.h
-- Installing: /home/basmala/mir250_ws/src/MiR250/MIR_250/install/sdc21x0/lib/libsdc21x0__rosidl_typesupport_introspection_c.so
-- Set runtime path of "/home/basmala/mir250_ws/src/MiR250/MIR_250/install/sdc21x0/lib/libsdc21x0__rosidl_typesupport_introspection_c.so" to ""
-- Installing: /home/basmala/mir250_ws/src/MiR250/MIR_250/install/sdc21x0/lib/libsdc21x0__rosidl_typesupport_c.so
-- Set runtime path of "/home/basmala/mir250_ws/src/MiR250/MIR_250/install/sdc21x0/lib/libsdc21x0__rosidl_typesupport_c.so" to ""
-- Up-to-date: /home/basmala/mir250_ws/src/MiR250/MIR_250/install/sdc21x0/include/sdc21x0/sdc21x0
-- Up-to-date: /home/basmala/mir250_ws/src/MiR250/MIR_250/install/sdc21x0/include/sdc21x0/sdc21x0/srv
-- Up-to-date: /home/basmala/mir250_ws/src/MiR250/MIR_250/install/sdc21x0/include/sdc21x0/sdc21x0/srv/detail
-- Installing: /home/basmala/mir250_ws/src/MiR250/MIR_250/install/sdc21x0/include/sdc21x0/sdc21x0/srv/detail/flags__type_support.cpp
-- Installing: /home/basmala/mir250_ws/src/MiR250/MIR_250/install/sdc21x0/include/sdc21x0/sdc21x0/srv/detail/flags__rosidl_typesupport_introspection_cpp.hpp
-- Up-to-date: /home/basmala/mir250_ws/src/MiR250/MIR_250/install/sdc21x0/include/sdc21x0/sdc21x0/msg
-- Up-to-date: /home/basmala/mir250_ws/src/MiR250/MIR_250/install/sdc21x0/include/sdc21x0/sdc21x0/msg/detail
-- Installing: /home/basmala/mir250_ws/src/MiR250/MIR_250/install/sdc21x0/include/sdc21x0/sdc21x0/msg/detail/motor_currents__rosidl_typesupport_introspection_cpp.hpp
-- Installing: /home/basmala/mir250_ws/src/MiR250/MIR_250/install/sdc21x0/include/sdc21x0/sdc21x0/msg/detail/motor_currents__type_support.cpp
-- Installing: /home/basmala/mir250_ws/src/MiR250/MIR_250/install/sdc21x0/include/sdc21x0/sdc21x0/msg/detail/stamped_encoders__type_support.cpp
-- Installing: /home/basmala/mir250_ws/src/MiR250/MIR_250/install/sdc21x0/include/sdc21x0/sdc21x0/msg/detail/stamped_encoders__rosidl_typesupport_introspection_cpp.hpp
-- Installing: /home/basmala/mir250_ws/src/MiR250/MIR_250/install/sdc21x0/include/sdc21x0/sdc21x0/msg/detail/encoders__type_support.cpp
-- Installing: /home/basmala/mir250_ws/src/MiR250/MIR_250/install/sdc21x0/include/sdc21x0/sdc21x0/msg/detail/encoders__rosidl_typesupport_introspection_cpp.hpp
-- Installing: /home/basmala/mir250_ws/src/MiR250/MIR_250/install/sdc21x0/lib/libsdc21x0__rosidl_typesupport_introspection_cpp.so
-- Set runtime path of "/home/basmala/mir250_ws/src/MiR250/MIR_250/install/sdc21x0/lib/libsdc21x0__rosidl_typesupport_introspection_cpp.so" to ""
-- Installing: /home/basmala/mir250_ws/src/MiR250/MIR_250/install/sdc21x0/lib/libsdc21x0__rosidl_typesupport_cpp.so
-- Set runtime path of "/home/basmala/mir250_ws/src/MiR250/MIR_250/install/sdc21x0/lib/libsdc21x0__rosidl_typesupport_cpp.so" to ""
-- Installing: /home/basmala/mir250_ws/src/MiR250/MIR_250/install/sdc21x0/share/sdc21x0/environment/pythonpath.sh
-- Installing: /home/basmala/mir250_ws/src/MiR250/MIR_250/install/sdc21x0/share/sdc21x0/environment/pythonpath.dsv
-- Installing: /home/basmala/mir250_ws/src/MiR250/MIR_250/install/sdc21x0/local/lib/python3.10/dist-packages/sdc21x0-1.1.3-py3.10.egg-info
-- Installing: /home/basmala/mir250_ws/src/MiR250/MIR_250/install/sdc21x0/local/lib/python3.10/dist-packages/sdc21x0-1.1.3-py3.10.egg-info/dependency_links.txt
-- Installing: /home/basmala/mir250_ws/src/MiR250/MIR_250/install/sdc21x0/local/lib/python3.10/dist-packages/sdc21x0-1.1.3-py3.10.egg-info/PKG-INFO
-- Installing: /home/basmala/mir250_ws/src/MiR250/MIR_250/install/sdc21x0/local/lib/python3.10/dist-packages/sdc21x0-1.1.3-py3.10.egg-info/SOURCES.txt
-- Installing: /home/basmala/mir250_ws/src/MiR250/MIR_250/install/sdc21x0/local/lib/python3.10/dist-packages/sdc21x0-1.1.3-py3.10.egg-info/top_level.txt
-- Installing: /home/basmala/mir250_ws/src/MiR250/MIR_250/install/sdc21x0/local/lib/python3.10/dist-packages/sdc21x0
-- Installing: /home/basmala/mir250_ws/src/MiR250/MIR_250/install/sdc21x0/local/lib/python3.10/dist-packages/sdc21x0/sdc21x0_s__rosidl_typesupport_introspection_c.cpython-310-x86_64-linux-gnu.so
-- Installing: /home/basmala/mir250_ws/src/MiR250/MIR_250/install/sdc21x0/local/lib/python3.10/dist-packages/sdc21x0/srv
-- Installing: /home/basmala/mir250_ws/src/MiR250/MIR_250/install/sdc21x0/local/lib/python3.10/dist-packages/sdc21x0/srv/__init__.py
-- Installing: /home/basmala/mir250_ws/src/MiR250/MIR_250/install/sdc21x0/local/lib/python3.10/dist-packages/sdc21x0/srv/_flags.py
-- Installing: /home/basmala/mir250_ws/src/MiR250/MIR_250/install/sdc21x0/local/lib/python3.10/dist-packages/sdc21x0/srv/_flags_s.c
-- Installing: /home/basmala/mir250_ws/src/MiR250/MIR_250/install/sdc21x0/local/lib/python3.10/dist-packages/sdc21x0/_sdc21x0_s.ep.rosidl_typesupport_fastrtps_c.c
-- Installing: /home/basmala/mir250_ws/src/MiR250/MIR_250/install/sdc21x0/local/lib/python3.10/dist-packages/sdc21x0/msg
-- Installing: /home/basmala/mir250_ws/src/MiR250/MIR_250/install/sdc21x0/local/lib/python3.10/dist-packages/sdc21x0/msg/_stamped_encoders.py
-- Installing: /home/basmala/mir250_ws/src/MiR250/MIR_250/install/sdc21x0/local/lib/python3.10/dist-packages/sdc21x0/msg/_motor_currents.py
-- Installing: /home/basmala/mir250_ws/src/MiR250/MIR_250/install/sdc21x0/local/lib/python3.10/dist-packages/sdc21x0/msg/__init__.py
-- Installing: /home/basmala/mir250_ws/src/MiR250/MIR_250/install/sdc21x0/local/lib/python3.10/dist-packages/sdc21x0/msg/_motor_currents_s.c
-- Installing: /home/basmala/mir250_ws/src/MiR250/MIR_250/install/sdc21x0/local/lib/python3.10/dist-packages/sdc21x0/msg/_encoders_s.c
-- Installing: /home/basmala/mir250_ws/src/MiR250/MIR_250/install/sdc21x0/local/lib/python3.10/dist-packages/sdc21x0/msg/_encoders.py
-- Installing: /home/basmala/mir250_ws/src/MiR250/MIR_250/install/sdc21x0/local/lib/python3.10/dist-packages/sdc21x0/msg/_stamped_encoders_s.c
-- Installing: /home/basmala/mir250_ws/src/MiR250/MIR_250/install/sdc21x0/local/lib/python3.10/dist-packages/sdc21x0/__init__.py
-- Installing: /home/basmala/mir250_ws/src/MiR250/MIR_250/install/sdc21x0/local/lib/python3.10/dist-packages/sdc21x0/sdc21x0_s__rosidl_typesupport_fastrtps_c.cpython-310-x86_64-linux-gnu.so
-- Installing: /home/basmala/mir250_ws/src/MiR250/MIR_250/install/sdc21x0/local/lib/python3.10/dist-packages/sdc21x0/_sdc21x0_s.ep.rosidl_typesupport_c.c
-- Installing: /home/basmala/mir250_ws/src/MiR250/MIR_250/install/sdc21x0/local/lib/python3.10/dist-packages/sdc21x0/_sdc21x0_s.ep.rosidl_typesupport_introspection_c.c
-- Installing: /home/basmala/mir250_ws/src/MiR250/MIR_250/install/sdc21x0/local/lib/python3.10/dist-packages/sdc21x0/sdc21x0_s__rosidl_typesupport_c.cpython-310-x86_64-linux-gnu.so
-- Installing: /home/basmala/mir250_ws/src/MiR250/MIR_250/install/sdc21x0/local/lib/python3.10/dist-packages/sdc21x0/libsdc21x0__rosidl_generator_py.so
Listing '/home/basmala/mir250_ws/src/MiR250/MIR_250/install/sdc21x0/local/lib/python3.10/dist-packages/sdc21x0'...
Compiling '/home/basmala/mir250_ws/src/MiR250/MIR_250/install/sdc21x0/local/lib/python3.10/dist-packages/sdc21x0/__init__.py'...
Listing '/home/basmala/mir250_ws/src/MiR250/MIR_250/install/sdc21x0/local/lib/python3.10/dist-packages/sdc21x0/msg'...
Compiling '/home/basmala/mir250_ws/src/MiR250/MIR_250/install/sdc21x0/local/lib/python3.10/dist-packages/sdc21x0/msg/__init__.py'...
Compiling '/home/basmala/mir250_ws/src/MiR250/MIR_250/install/sdc21x0/local/lib/python3.10/dist-packages/sdc21x0/msg/_encoders.py'...
Compiling '/home/basmala/mir250_ws/src/MiR250/MIR_250/install/sdc21x0/local/lib/python3.10/dist-packages/sdc21x0/msg/_motor_currents.py'...
Compiling '/home/basmala/mir250_ws/src/MiR250/MIR_250/install/sdc21x0/local/lib/python3.10/dist-packages/sdc21x0/msg/_stamped_encoders.py'...
Listing '/home/basmala/mir250_ws/src/MiR250/MIR_250/install/sdc21x0/local/lib/python3.10/dist-packages/sdc21x0/srv'...
Compiling '/home/basmala/mir250_ws/src/MiR250/MIR_250/install/sdc21x0/local/lib/python3.10/dist-packages/sdc21x0/srv/__init__.py'...
Compiling '/home/basmala/mir250_ws/src/MiR250/MIR_250/install/sdc21x0/local/lib/python3.10/dist-packages/sdc21x0/srv/_flags.py'...
-- Installing: /home/basmala/mir250_ws/src/MiR250/MIR_250/install/sdc21x0/local/lib/python3.10/dist-packages/sdc21x0/sdc21x0_s__rosidl_typesupport_fastrtps_c.cpython-310-x86_64-linux-gnu.so
-- Set runtime path of "/home/basmala/mir250_ws/src/MiR250/MIR_250/install/sdc21x0/local/lib/python3.10/dist-packages/sdc21x0/sdc21x0_s__rosidl_typesupport_fastrtps_c.cpython-310-x86_64-linux-gnu.so" to ""
-- Installing: /home/basmala/mir250_ws/src/MiR250/MIR_250/install/sdc21x0/local/lib/python3.10/dist-packages/sdc21x0/sdc21x0_s__rosidl_typesupport_introspection_c.cpython-310-x86_64-linux-gnu.so
-- Set runtime path of "/home/basmala/mir250_ws/src/MiR250/MIR_250/install/sdc21x0/local/lib/python3.10/dist-packages/sdc21x0/sdc21x0_s__rosidl_typesupport_introspection_c.cpython-310-x86_64-linux-gnu.so" to ""
-- Installing: /home/basmala/mir250_ws/src/MiR250/MIR_250/install/sdc21x0/local/lib/python3.10/dist-packages/sdc21x0/sdc21x0_s__rosidl_typesupport_c.cpython-310-x86_64-linux-gnu.so
-- Set runtime path of "/home/basmala/mir250_ws/src/MiR250/MIR_250/install/sdc21x0/local/lib/python3.10/dist-packages/sdc21x0/sdc21x0_s__rosidl_typesupport_c.cpython-310-x86_64-linux-gnu.so" to ""
-- Installing: /home/basmala/mir250_ws/src/MiR250/MIR_250/install/sdc21x0/lib/libsdc21x0__rosidl_generator_py.so
-- Set runtime path of "/home/basmala/mir250_ws/src/MiR250/MIR_250/install/sdc21x0/lib/libsdc21x0__rosidl_generator_py.so" to ""
-- Installing: /home/basmala/mir250_ws/src/MiR250/MIR_250/install/sdc21x0/share/ament_index/resource_index/rust_packages/sdc21x0
-- Installing: /home/basmala/mir250_ws/src/MiR250/MIR_250/install/sdc21x0/share/sdc21x0/rust
-- Installing: /home/basmala/mir250_ws/src/MiR250/MIR_250/install/sdc21x0/share/sdc21x0/rust/Cargo.toml
-- Installing: /home/basmala/mir250_ws/src/MiR250/MIR_250/install/sdc21x0/share/sdc21x0/rust/build.rs
-- Installing: /home/basmala/mir250_ws/src/MiR250/MIR_250/install/sdc21x0/share/sdc21x0/rust/src
-- Installing: /home/basmala/mir250_ws/src/MiR250/MIR_250/install/sdc21x0/share/sdc21x0/rust/src/srv
-- Installing: /home/basmala/mir250_ws/src/MiR250/MIR_250/install/sdc21x0/share/sdc21x0/rust/src/srv/rmw.rs
-- Installing: /home/basmala/mir250_ws/src/MiR250/MIR_250/install/sdc21x0/share/sdc21x0/rust/src/msg.rs
-- Installing: /home/basmala/mir250_ws/src/MiR250/MIR_250/install/sdc21x0/share/sdc21x0/rust/src/msg
-- Installing: /home/basmala/mir250_ws/src/MiR250/MIR_250/install/sdc21x0/share/sdc21x0/rust/src/msg/rmw.rs
-- Installing: /home/basmala/mir250_ws/src/MiR250/MIR_250/install/sdc21x0/share/sdc21x0/rust/src/srv.rs
-- Installing: /home/basmala/mir250_ws/src/MiR250/MIR_250/install/sdc21x0/share/sdc21x0/rust/src/lib.rs
-- Installing: /home/basmala/mir250_ws/src/MiR250/MIR_250/install/sdc21x0/share/sdc21x0/msg/Encoders.idl
-- Installing: /home/basmala/mir250_ws/src/MiR250/MIR_250/install/sdc21x0/share/sdc21x0/msg/MotorCurrents.idl
-- Installing: /home/basmala/mir250_ws/src/MiR250/MIR_250/install/sdc21x0/share/sdc21x0/msg/StampedEncoders.idl
-- Installing: /home/basmala/mir250_ws/src/MiR250/MIR_250/install/sdc21x0/share/sdc21x0/srv/Flags.idl
-- Installing: /home/basmala/mir250_ws/src/MiR250/MIR_250/install/sdc21x0/share/sdc21x0/msg/Encoders.msg
-- Installing: /home/basmala/mir250_ws/src/MiR250/MIR_250/install/sdc21x0/share/sdc21x0/msg/MotorCurrents.msg
-- Installing: /home/basmala/mir250_ws/src/MiR250/MIR_250/install/sdc21x0/share/sdc21x0/msg/StampedEncoders.msg
-- Installing: /home/basmala/mir250_ws/src/MiR250/MIR_250/install/sdc21x0/share/sdc21x0/srv/Flags.srv
-- Installing: /home/basmala/mir250_ws/src/MiR250/MIR_250/install/sdc21x0/share/sdc21x0/srv/Flags_Request.msg
-- Installing: /home/basmala/mir250_ws/src/MiR250/MIR_250/install/sdc21x0/share/sdc21x0/srv/Flags_Response.msg
-- Installing: /home/basmala/mir250_ws/src/MiR250/MIR_250/install/sdc21x0/share/ament_index/resource_index/package_run_dependencies/sdc21x0
-- Installing: /home/basmala/mir250_ws/src/MiR250/MIR_250/install/sdc21x0/share/ament_index/resource_index/parent_prefix_path/sdc21x0
-- Installing: /home/basmala/mir250_ws/src/MiR250/MIR_250/install/sdc21x0/share/sdc21x0/environment/ament_prefix_path.sh
-- Installing: /home/basmala/mir250_ws/src/MiR250/MIR_250/install/sdc21x0/share/sdc21x0/environment/ament_prefix_path.dsv
-- Installing: /home/basmala/mir250_ws/src/MiR250/MIR_250/install/sdc21x0/share/sdc21x0/environment/path.sh
-- Installing: /home/basmala/mir250_ws/src/MiR250/MIR_250/install/sdc21x0/share/sdc21x0/environment/path.dsv
-- Installing: /home/basmala/mir250_ws/src/MiR250/MIR_250/install/sdc21x0/share/sdc21x0/local_setup.bash
-- Installing: /home/basmala/mir250_ws/src/MiR250/MIR_250/install/sdc21x0/share/sdc21x0/local_setup.sh
-- Installing: /home/basmala/mir250_ws/src/MiR250/MIR_250/install/sdc21x0/share/sdc21x0/local_setup.zsh
-- Installing: /home/basmala/mir250_ws/src/MiR250/MIR_250/install/sdc21x0/share/sdc21x0/local_setup.dsv
-- Installing: /home/basmala/mir250_ws/src/MiR250/MIR_250/install/sdc21x0/share/sdc21x0/package.dsv
-- Installing: /home/basmala/mir250_ws/src/MiR250/MIR_250/install/sdc21x0/share/ament_index/resource_index/packages/sdc21x0
-- Installing: /home/basmala/mir250_ws/src/MiR250/MIR_250/install/sdc21x0/share/sdc21x0/cmake/export_sdc21x0__rosidl_generator_cExport.cmake
-- Installing: /home/basmala/mir250_ws/src/MiR250/MIR_250/install/sdc21x0/share/sdc21x0/cmake/export_sdc21x0__rosidl_generator_cExport-noconfig.cmake
-- Installing: /home/basmala/mir250_ws/src/MiR250/MIR_250/install/sdc21x0/share/sdc21x0/cmake/export_sdc21x0__rosidl_typesupport_fastrtps_cExport.cmake
-- Installing: /home/basmala/mir250_ws/src/MiR250/MIR_250/install/sdc21x0/share/sdc21x0/cmake/export_sdc21x0__rosidl_typesupport_fastrtps_cExport-noconfig.cmake
-- Installing: /home/basmala/mir250_ws/src/MiR250/MIR_250/install/sdc21x0/share/sdc21x0/cmake/export_sdc21x0__rosidl_generator_cppExport.cmake
-- Installing: /home/basmala/mir250_ws/src/MiR250/MIR_250/install/sdc21x0/share/sdc21x0/cmake/export_sdc21x0__rosidl_typesupport_fastrtps_cppExport.cmake
-- Installing: /home/basmala/mir250_ws/src/MiR250/MIR_250/install/sdc21x0/share/sdc21x0/cmake/export_sdc21x0__rosidl_typesupport_fastrtps_cppExport-noconfig.cmake
-- Installing: /home/basmala/mir250_ws/src/MiR250/MIR_250/install/sdc21x0/share/sdc21x0/cmake/sdc21x0__rosidl_typesupport_introspection_cExport.cmake
-- Installing: /home/basmala/mir250_ws/src/MiR250/MIR_250/install/sdc21x0/share/sdc21x0/cmake/sdc21x0__rosidl_typesupport_introspection_cExport-noconfig.cmake
-- Installing: /home/basmala/mir250_ws/src/MiR250/MIR_250/install/sdc21x0/share/sdc21x0/cmake/sdc21x0__rosidl_typesupport_cExport.cmake
-- Installing: /home/basmala/mir250_ws/src/MiR250/MIR_250/install/sdc21x0/share/sdc21x0/cmake/sdc21x0__rosidl_typesupport_cExport-noconfig.cmake
-- Installing: /home/basmala/mir250_ws/src/MiR250/MIR_250/install/sdc21x0/share/sdc21x0/cmake/sdc21x0__rosidl_typesupport_introspection_cppExport.cmake
-- Installing: /home/basmala/mir250_ws/src/MiR250/MIR_250/install/sdc21x0/share/sdc21x0/cmake/sdc21x0__rosidl_typesupport_introspection_cppExport-noconfig.cmake
-- Installing: /home/basmala/mir250_ws/src/MiR250/MIR_250/install/sdc21x0/share/sdc21x0/cmake/sdc21x0__rosidl_typesupport_cppExport.cmake
-- Installing: /home/basmala/mir250_ws/src/MiR250/MIR_250/install/sdc21x0/share/sdc21x0/cmake/sdc21x0__rosidl_typesupport_cppExport-noconfig.cmake
-- Installing: /home/basmala/mir250_ws/src/MiR250/MIR_250/install/sdc21x0/share/sdc21x0/cmake/export_sdc21x0__rosidl_generator_pyExport.cmake
-- Installing: /home/basmala/mir250_ws/src/MiR250/MIR_250/install/sdc21x0/share/sdc21x0/cmake/export_sdc21x0__rosidl_generator_pyExport-noconfig.cmake
-- Installing: /home/basmala/mir250_ws/src/MiR250/MIR_250/install/sdc21x0/share/sdc21x0/cmake/rosidl_cmake-extras.cmake
-- Installing: /home/basmala/mir250_ws/src/MiR250/MIR_250/install/sdc21x0/share/sdc21x0/cmake/ament_cmake_export_dependencies-extras.cmake
-- Installing: /home/basmala/mir250_ws/src/MiR250/MIR_250/install/sdc21x0/share/sdc21x0/cmake/ament_cmake_export_include_directories-extras.cmake
-- Installing: /home/basmala/mir250_ws/src/MiR250/MIR_250/install/sdc21x0/share/sdc21x0/cmake/ament_cmake_export_libraries-extras.cmake
-- Installing: /home/basmala/mir250_ws/src/MiR250/MIR_250/install/sdc21x0/share/sdc21x0/cmake/ament_cmake_export_targets-extras.cmake
-- Installing: /home/basmala/mir250_ws/src/MiR250/MIR_250/install/sdc21x0/share/sdc21x0/cmake/rosidl_cmake_export_typesupport_targets-extras.cmake
-- Installing: /home/basmala/mir250_ws/src/MiR250/MIR_250/install/sdc21x0/share/sdc21x0/cmake/rosidl_cmake_export_typesupport_libraries-extras.cmake
-- Installing: /home/basmala/mir250_ws/src/MiR250/MIR_250/install/sdc21x0/share/sdc21x0/cmake/sdc21x0Config.cmake
-- Installing: /home/basmala/mir250_ws/src/MiR250/MIR_250/install/sdc21x0/share/sdc21x0/cmake/sdc21x0Config-version.cmake
-- Installing: /home/basmala/mir250_ws/src/MiR250/MIR_250/install/sdc21x0/share/sdc21x0/package.xml
